Using GPU
Args in experiment:
[1mBasic Config[0m
  Task Name:          anomaly_detection   Is Training:        1                   
  Model ID:           PSM                 Model:              ISTAD               
  Seed:               90                  Itr:                1                   

[1mData Loader[0m
  Data:               PSM                 Root Path:          ./dataset/PSM       
  Features:           M                   Seq Len:            64                  
  Enc In:             25                  C Out:              25                  
  Checkpoints:        ./checkpoints/      

[1mAnomaly Detection Task[0m
  Anomaly Ratio:      1.0                 

[1mISTAD Parameters[0m
  Kernel Size:        7                   Branch Mode:        hgat_kan_tcn        
  TCN Type:           kan                 
  Feat GAT Dim:       -1                  GRU Layers:         1                   
  GRU Hidden:         150                 Recon Layers:       1                   
  Recon Hidden:       150                 ISTAD Dropout:      0.3                 
  Recon Type:         kanad               KANAD Order:        6                   
  Leaky Alpha:        0.2                 H Init:             normal              
  Hyperedges:         -1                  Top-K Nodes:        -1                  
  KAN Grid:           10                  KAN Order:          3                   
  Arch:               legacy              Ablation:           full                
  Explainability:     1                   Explain Batches:    0                   
  Explain Points:     20000               Explain TopK:       10                  
  SmoothGrad:         0                   SG Samples:         20                  
  SG Noise:           0.1                 Quad Mode:          quantile            
  Quad Value:         0.75                Err Agg:            sum                 
  Sal Agg:            sum                 

[1mRun Parameters[0m
  Num Workers:        4                   Batch Size:         64                  
  Train Epochs:       3                   Patience:           5                   
  Learning Rate:      0.01                Lradj:              type1               
  Des:                PSM_g10_dual_s90    

[1mGPU[0m
  Use GPU:            1                   GPU:                0                   
  Use Multi GPU:      0                   Devices:            0,1,2,3             

Use GPU: cuda:0
🚀 Lazy Loading: ISTAD ...
>>>>>>>start training : anomaly_detection_PSM_ISTAD_PSM_ftM_sl64_bmhgat_kan_tcn_bs64_PSM_g10_dual_s90_0>>>>>>>>>>>>>>>>>>>>>>>>>>
test: (87841, 25)
train: (132481, 25)
train 132418
test: (87841, 25)
train: (132481, 25)
val 26434
test: (87841, 25)
train: (132481, 25)
test 87778
	iters: 100, epoch: 1 | loss: 0.3045302
	speed: 0.0939s/iter; left time: 573.8115s
	iters: 200, epoch: 1 | loss: 0.3358249
	speed: 0.0709s/iter; left time: 425.9044s
	iters: 300, epoch: 1 | loss: 0.1736627
	speed: 0.0709s/iter; left time: 419.3090s
	iters: 400, epoch: 1 | loss: 0.2183689
	speed: 0.0731s/iter; left time: 424.7503s
	iters: 500, epoch: 1 | loss: 0.4688040
	speed: 0.0726s/iter; left time: 414.8135s
	iters: 600, epoch: 1 | loss: 0.1600859
	speed: 0.0708s/iter; left time: 397.0328s
	iters: 700, epoch: 1 | loss: 0.1824850
	speed: 0.0692s/iter; left time: 381.3782s
	iters: 800, epoch: 1 | loss: 0.1855485
	speed: 0.0692s/iter; left time: 374.2051s
	iters: 900, epoch: 1 | loss: 0.2984388
	speed: 0.0703s/iter; left time: 373.3736s
	iters: 1000, epoch: 1 | loss: 0.3552150
	speed: 0.0708s/iter; left time: 368.9891s
	iters: 1100, epoch: 1 | loss: 0.1220965
	speed: 0.0704s/iter; left time: 359.7647s
	iters: 1200, epoch: 1 | loss: 0.1371277
	speed: 0.0830s/iter; left time: 416.0580s
	iters: 1300, epoch: 1 | loss: 0.1199896
	speed: 0.0874s/iter; left time: 429.0247s
	iters: 1400, epoch: 1 | loss: 0.1827759
	speed: 0.0699s/iter; left time: 336.2431s
	iters: 1500, epoch: 1 | loss: 0.1663255
	speed: 0.0705s/iter; left time: 331.9336s
	iters: 1600, epoch: 1 | loss: 0.2742361
	speed: 0.0702s/iter; left time: 323.8498s
	iters: 1700, epoch: 1 | loss: 0.0889238
	speed: 0.0703s/iter; left time: 317.3014s
	iters: 1800, epoch: 1 | loss: 0.1310477
	speed: 0.0705s/iter; left time: 311.0568s
	iters: 1900, epoch: 1 | loss: 0.0914178
	speed: 0.0651s/iter; left time: 280.7270s
	iters: 2000, epoch: 1 | loss: 0.1829906
	speed: 0.0605s/iter; left time: 254.7888s
Epoch: 1 cost time: 148.91560220718384
Epoch: 1, Steps: 2070 | Train Loss: 0.2133684 Vali Loss: 0.1396815 Test Loss: 0.4796358
Validation loss decreased (inf --> 0.139682).  Saving model ...
Updating learning rate to 0.01
	iters: 100, epoch: 2 | loss: 0.1031910
	speed: 0.4845s/iter; left time: 1957.7259s
	iters: 200, epoch: 2 | loss: 0.0935643
	speed: 0.0577s/iter; left time: 227.5096s
	iters: 300, epoch: 2 | loss: 0.2387154
	speed: 0.0667s/iter; left time: 256.1371s
	iters: 400, epoch: 2 | loss: 0.1483007
	speed: 0.0895s/iter; left time: 334.9117s
	iters: 500, epoch: 2 | loss: 0.0968096
	speed: 0.0919s/iter; left time: 334.6837s
	iters: 600, epoch: 2 | loss: 0.0675314
	speed: 0.0691s/iter; left time: 244.7007s
	iters: 700, epoch: 2 | loss: 0.0938236
	speed: 0.0676s/iter; left time: 232.5883s
	iters: 800, epoch: 2 | loss: 0.0896249
	speed: 0.0660s/iter; left time: 220.4017s
	iters: 900, epoch: 2 | loss: 0.0694109
	speed: 0.0697s/iter; left time: 225.7536s
	iters: 1000, epoch: 2 | loss: 0.2421872
	speed: 0.0696s/iter; left time: 218.5296s
	iters: 1100, epoch: 2 | loss: 0.1523966
	speed: 0.0704s/iter; left time: 214.1104s
	iters: 1200, epoch: 2 | loss: 0.1233426
	speed: 0.0700s/iter; left time: 205.7436s
	iters: 1300, epoch: 2 | loss: 0.2280298
	speed: 0.0710s/iter; left time: 201.6285s
	iters: 1400, epoch: 2 | loss: 0.0939946
	speed: 0.0704s/iter; left time: 192.9660s
	iters: 1500, epoch: 2 | loss: 0.2262063
	speed: 0.0717s/iter; left time: 189.2516s
	iters: 1600, epoch: 2 | loss: 0.1217026
	speed: 0.0706s/iter; left time: 179.4686s
	iters: 1700, epoch: 2 | loss: 0.0642147
	speed: 0.0716s/iter; left time: 174.6773s
	iters: 1800, epoch: 2 | loss: 0.1307538
	speed: 0.0696s/iter; left time: 162.8870s
	iters: 1900, epoch: 2 | loss: 0.0543498
	speed: 0.0708s/iter; left time: 158.6997s
	iters: 2000, epoch: 2 | loss: 0.0662871
	speed: 0.0703s/iter; left time: 150.5333s
Epoch: 2 cost time: 146.10704231262207
Epoch: 2, Steps: 2070 | Train Loss: 0.1421130 Vali Loss: 0.1769393 Test Loss: 0.4517087
EarlyStopping counter: 1 out of 5
Updating learning rate to 0.005
	iters: 100, epoch: 3 | loss: 0.0498203
	speed: 0.4977s/iter; left time: 981.0451s
	iters: 200, epoch: 3 | loss: 0.0669939
	speed: 0.0705s/iter; left time: 131.8934s
	iters: 300, epoch: 3 | loss: 0.0469027
	speed: 0.0707s/iter; left time: 125.1807s
	iters: 400, epoch: 3 | loss: 0.0423900
	speed: 0.0705s/iter; left time: 117.7948s
	iters: 500, epoch: 3 | loss: 0.0535888
	speed: 0.0708s/iter; left time: 111.2183s
	iters: 600, epoch: 3 | loss: 0.0740604
	speed: 0.0706s/iter; left time: 103.8052s
	iters: 700, epoch: 3 | loss: 0.1205342
	speed: 0.0710s/iter; left time: 97.3490s
	iters: 800, epoch: 3 | loss: 0.0437055
	speed: 0.0712s/iter; left time: 90.5512s
	iters: 900, epoch: 3 | loss: 0.0383139
	speed: 0.0711s/iter; left time: 83.3097s
	iters: 1000, epoch: 3 | loss: 0.0441929
	speed: 0.0703s/iter; left time: 75.2635s
	iters: 1100, epoch: 3 | loss: 0.0708322
	speed: 0.0707s/iter; left time: 68.6861s
	iters: 1200, epoch: 3 | loss: 0.0514696
	speed: 0.0699s/iter; left time: 60.8482s
	iters: 1300, epoch: 3 | loss: 0.0343566
	speed: 0.0698s/iter; left time: 53.8508s
	iters: 1400, epoch: 3 | loss: 0.0353167
	speed: 0.0711s/iter; left time: 47.7303s
	iters: 1500, epoch: 3 | loss: 0.0455162
	speed: 0.0701s/iter; left time: 40.0484s
	iters: 1600, epoch: 3 | loss: 0.0277361
	speed: 0.0703s/iter; left time: 33.1206s
	iters: 1700, epoch: 3 | loss: 0.0338516
	speed: 0.0699s/iter; left time: 25.9383s
	iters: 1800, epoch: 3 | loss: 0.0336332
	speed: 0.0700s/iter; left time: 18.9631s
	iters: 1900, epoch: 3 | loss: 0.0548768
	speed: 0.0708s/iter; left time: 12.1030s
	iters: 2000, epoch: 3 | loss: 0.0270263
	speed: 0.0703s/iter; left time: 4.9882s
Epoch: 3 cost time: 146.399738073349
Epoch: 3, Steps: 2070 | Train Loss: 0.0536112 Vali Loss: 0.0440905 Test Loss: 0.1375464
Validation loss decreased (0.139682 --> 0.044091).  Saving model ...
Updating learning rate to 0.0025
>>>>>>>testing : anomaly_detection_PSM_ISTAD_PSM_ftM_sl64_bmhgat_kan_tcn_bs64_PSM_g10_dual_s90_0<<<<<<<<<<<<<<<<<<<<<<<<<<<<<<<<<
test: (87841, 25)
train: (132481, 25)
test 87778
test: (87841, 25)
train: (132481, 25)
train 132418
Percentile Threshold : 0.5401992511749274
pred_raw: (5617792,)
gt:      (5617792,)
pred_pa: (5617792,)
gt_pa:   (5617792,)

============================================================
使用百分位数阈值的结果:
============================================================
Accuracy : 0.9702, Precision : 0.9657, Recall : 0.9255, F-score : 0.9452 
============================================================


使用自适应 Best F1 搜索（两阶段）
粗搜索步数: 200, 精细搜索步数: 500

============================================================
自适应 Best F1 阈值搜索（两阶段）
============================================================

分数统计信息:
  最小值: 0.000574
  最大值: 528.493896
  均值: 0.120672
  标准差: 2.153295
  中位数: 0.021704
  第1百分位: 0.002890
  第99百分位: 0.604797

自动确定的搜索范围: [0.001445, 1.209593]

============================================================
阶段 1: 粗搜索（步数: 200）
============================================================

============================================================
开始 Best F1 阈值搜索...
============================================================
搜索范围: [0.0014, 1.2096]
搜索步数: 200
使用点调整: True
阈值: 0.0075 | F1: 0.4941 | Precision: 0.3281 | Recall: 0.9998
阈值: 0.1283 | F1: 0.8081 | Precision: 0.6901 | Recall: 0.9749
阈值: 0.2491 | F1: 0.8160 | Precision: 0.7148 | Recall: 0.9506
阈值: 0.3699 | F1: 0.8795 | Precision: 0.8241 | Recall: 0.9429
阈值: 0.4907 | F1: 0.9291 | Precision: 0.9306 | Recall: 0.9277
阈值: 0.6116 | F1: 0.9483 | Precision: 0.9905 | Recall: 0.9095
阈值: 0.7324 | F1: 0.9433 | Precision: 0.9982 | Recall: 0.8942
Terminated
