Using GPU
Args in experiment:
[1mBasic Config[0m
  Task Name:          anomaly_detection   Is Training:        1                   
  Model ID:           PSM                 Model:              ISTAD               
  Seed:               98                  Itr:                1                   

[1mData Loader[0m
  Data:               PSM                 Root Path:          ./dataset/PSM       
  Features:           M                   Seq Len:            64                  
  Enc In:             25                  C Out:              25                  
  Checkpoints:        ./checkpoints/      

[1mAnomaly Detection Task[0m
  Anomaly Ratio:      1.0                 

[1mISTAD Parameters[0m
  Kernel Size:        7                   Branch Mode:        hgat_kan_tcn        
  TCN Type:           kan                 
  Feat GAT Dim:       -1                  GRU Layers:         1                   
  GRU Hidden:         150                 Recon Layers:       1                   
  Recon Hidden:       150                 ISTAD Dropout:      0.3                 
  Recon Type:         kanad               KANAD Order:        6                   
  Leaky Alpha:        0.2                 H Init:             normal              
  Hyperedges:         -1                  Top-K Nodes:        -1                  
  KAN Grid:           10                  KAN Order:          3                   
  Arch:               legacy              Ablation:           full                
  Explainability:     1                   Explain Batches:    0                   
  Explain Points:     20000               Explain TopK:       10                  
  SmoothGrad:         0                   SG Samples:         20                  
  SG Noise:           0.1                 Quad Mode:          quantile            
  Quad Value:         0.75                Err Agg:            sum                 
  Sal Agg:            sum                 

[1mRun Parameters[0m
  Num Workers:        4                   Batch Size:         64                  
  Train Epochs:       3                   Patience:           5                   
  Learning Rate:      0.01                Lradj:              type1               
  Des:                PSM_g10_dual_s98    

[1mGPU[0m
  Use GPU:            1                   GPU:                0                   
  Use Multi GPU:      0                   Devices:            0,1,2,3             

Use GPU: cuda:0
🚀 Lazy Loading: ISTAD ...
>>>>>>>start training : anomaly_detection_PSM_ISTAD_PSM_ftM_sl64_bmhgat_kan_tcn_bs64_PSM_g10_dual_s98_0>>>>>>>>>>>>>>>>>>>>>>>>>>
test: (87841, 25)
train: (132481, 25)
train 132418
test: (87841, 25)
train: (132481, 25)
val 26434
test: (87841, 25)
train: (132481, 25)
test 87778
	iters: 100, epoch: 1 | loss: 0.7771206
	speed: 0.0926s/iter; left time: 565.8270s
	iters: 200, epoch: 1 | loss: 0.2400330
	speed: 0.0681s/iter; left time: 409.5718s
	iters: 300, epoch: 1 | loss: 0.3552491
	speed: 0.0700s/iter; left time: 413.8325s
	iters: 400, epoch: 1 | loss: 0.3027702
	speed: 0.0714s/iter; left time: 414.7812s
	iters: 500, epoch: 1 | loss: 0.2775718
	speed: 0.0711s/iter; left time: 406.1870s
	iters: 600, epoch: 1 | loss: 0.1368377
	speed: 0.0716s/iter; left time: 401.5076s
	iters: 700, epoch: 1 | loss: 0.3335651
	speed: 0.0715s/iter; left time: 394.0544s
	iters: 800, epoch: 1 | loss: 0.0850409
	speed: 0.0706s/iter; left time: 382.1637s
	iters: 900, epoch: 1 | loss: 0.1053590
	speed: 0.0710s/iter; left time: 377.1177s
	iters: 1000, epoch: 1 | loss: 0.1099830
	speed: 0.0740s/iter; left time: 385.5133s
	iters: 1100, epoch: 1 | loss: 0.2669992
	speed: 0.0716s/iter; left time: 365.9226s
	iters: 1200, epoch: 1 | loss: 0.0879856
	speed: 0.0715s/iter; left time: 358.0860s
	iters: 1300, epoch: 1 | loss: 0.1004197
	speed: 0.0713s/iter; left time: 350.2910s
	iters: 1400, epoch: 1 | loss: 0.2021236
	speed: 0.0716s/iter; left time: 344.3590s
	iters: 1500, epoch: 1 | loss: 0.0755427
	speed: 0.0705s/iter; left time: 332.0730s
	iters: 1600, epoch: 1 | loss: 0.0824668
	speed: 0.0720s/iter; left time: 332.1078s
	iters: 1700, epoch: 1 | loss: 0.2284088
	speed: 0.0682s/iter; left time: 307.8652s
	iters: 1800, epoch: 1 | loss: 0.0847385
	speed: 0.0732s/iter; left time: 322.6722s
	iters: 1900, epoch: 1 | loss: 0.0634702
	speed: 0.0693s/iter; left time: 298.7451s
	iters: 2000, epoch: 1 | loss: 0.5683671
	speed: 0.0705s/iter; left time: 296.7629s
Epoch: 1 cost time: 148.3386743068695
Epoch: 1, Steps: 2070 | Train Loss: 0.1778564 Vali Loss: 0.1431160 Test Loss: 0.1832308
Validation loss decreased (inf --> 0.143116).  Saving model ...
Updating learning rate to 0.01
	iters: 100, epoch: 2 | loss: 0.4883624
	speed: 0.5008s/iter; left time: 2023.7813s
	iters: 200, epoch: 2 | loss: 0.0938785
	speed: 0.0618s/iter; left time: 243.3818s
	iters: 300, epoch: 2 | loss: 0.0575441
	speed: 0.0796s/iter; left time: 305.5530s
	iters: 400, epoch: 2 | loss: 0.0793608
	speed: 0.0842s/iter; left time: 315.0672s
	iters: 500, epoch: 2 | loss: 0.0955652
	speed: 0.0651s/iter; left time: 237.0036s
	iters: 600, epoch: 2 | loss: 0.0455259
	speed: 0.0700s/iter; left time: 247.7925s
	iters: 700, epoch: 2 | loss: 0.0334298
	speed: 0.0751s/iter; left time: 258.2483s
	iters: 800, epoch: 2 | loss: 0.1621986
	speed: 0.0769s/iter; left time: 256.7616s
	iters: 900, epoch: 2 | loss: 0.1095583
	speed: 0.0693s/iter; left time: 224.6144s
	iters: 1000, epoch: 2 | loss: 0.0440221
	speed: 0.0629s/iter; left time: 197.5087s
	iters: 1100, epoch: 2 | loss: 0.0363433
	speed: 0.0675s/iter; left time: 205.3121s
	iters: 1200, epoch: 2 | loss: 0.1996802
	speed: 0.0680s/iter; left time: 199.8829s
	iters: 1300, epoch: 2 | loss: 0.0392636
	speed: 0.0681s/iter; left time: 193.5893s
	iters: 1400, epoch: 2 | loss: 0.0499528
	speed: 0.0680s/iter; left time: 186.3663s
	iters: 1500, epoch: 2 | loss: 0.0298574
	speed: 0.0694s/iter; left time: 183.4117s
	iters: 1600, epoch: 2 | loss: 0.0444577
	speed: 0.0703s/iter; left time: 178.6046s
	iters: 1700, epoch: 2 | loss: 0.1521647
	speed: 0.0689s/iter; left time: 168.1140s
	iters: 1800, epoch: 2 | loss: 0.0399214
	speed: 0.0694s/iter; left time: 162.3674s
	iters: 1900, epoch: 2 | loss: 0.0567083
	speed: 0.0686s/iter; left time: 153.7202s
	iters: 2000, epoch: 2 | loss: 0.0456846
	speed: 0.0685s/iter; left time: 146.6411s
Epoch: 2 cost time: 144.40590143203735
Epoch: 2, Steps: 2070 | Train Loss: 0.0701136 Vali Loss: 0.0701398 Test Loss: 0.0908782
Validation loss decreased (0.143116 --> 0.070140).  Saving model ...
Updating learning rate to 0.005
	iters: 100, epoch: 3 | loss: 0.0559661
	speed: 0.4997s/iter; left time: 984.9485s
	iters: 200, epoch: 3 | loss: 0.0579911
	speed: 0.0700s/iter; left time: 130.8974s
	iters: 300, epoch: 3 | loss: 0.0410255
	speed: 0.0678s/iter; left time: 120.1454s
	iters: 400, epoch: 3 | loss: 0.0323412
	speed: 0.0749s/iter; left time: 125.1626s
	iters: 500, epoch: 3 | loss: 0.0258398
	speed: 0.0903s/iter; left time: 141.8429s
	iters: 600, epoch: 3 | loss: 0.0522496
	speed: 0.0853s/iter; left time: 125.4281s
	iters: 700, epoch: 3 | loss: 0.0241908
	speed: 0.0933s/iter; left time: 127.8660s
	iters: 800, epoch: 3 | loss: 0.0279127
	speed: 0.0947s/iter; left time: 120.3459s
	iters: 900, epoch: 3 | loss: 0.0230825
	speed: 0.0948s/iter; left time: 111.0052s
	iters: 1000, epoch: 3 | loss: 0.0215024
	speed: 0.0948s/iter; left time: 101.5650s
	iters: 1100, epoch: 3 | loss: 0.0195837
	speed: 0.0918s/iter; left time: 89.1176s
	iters: 1200, epoch: 3 | loss: 0.0203997
	speed: 0.0919s/iter; left time: 80.0783s
	iters: 1300, epoch: 3 | loss: 0.0281280
	speed: 0.0923s/iter; left time: 71.1934s
	iters: 1400, epoch: 3 | loss: 0.0315761
	speed: 0.0911s/iter; left time: 61.1407s
	iters: 1500, epoch: 3 | loss: 0.0253707
	speed: 0.0911s/iter; left time: 52.0321s
	iters: 1600, epoch: 3 | loss: 0.0273613
	speed: 0.0746s/iter; left time: 35.1199s
	iters: 1700, epoch: 3 | loss: 0.0210099
	speed: 0.0668s/iter; left time: 24.7715s
	iters: 1800, epoch: 3 | loss: 0.0370123
	speed: 0.0877s/iter; left time: 23.7673s
	iters: 1900, epoch: 3 | loss: 0.0212295
	speed: 0.0874s/iter; left time: 14.9511s
	iters: 2000, epoch: 3 | loss: 0.0186326
	speed: 0.0908s/iter; left time: 6.4486s
Epoch: 3 cost time: 176.73316264152527
Epoch: 3, Steps: 2070 | Train Loss: 0.0406064 Vali Loss: 0.0608344 Test Loss: 0.0612249
Validation loss decreased (0.070140 --> 0.060834).  Saving model ...
Updating learning rate to 0.0025
>>>>>>>testing : anomaly_detection_PSM_ISTAD_PSM_ftM_sl64_bmhgat_kan_tcn_bs64_PSM_g10_dual_s98_0<<<<<<<<<<<<<<<<<<<<<<<<<<<<<<<<<
test: (87841, 25)
train: (132481, 25)
test 87778
test: (87841, 25)
train: (132481, 25)
train 132418
Percentile Threshold : 0.24488158017396988
pred_raw: (5617792,)
gt:      (5617792,)
pred_pa: (5617792,)
gt_pa:   (5617792,)

============================================================
使用百分位数阈值的结果:
============================================================
Accuracy : 0.9805, Precision : 0.9938, Recall : 0.9357, F-score : 0.9639 
============================================================


使用自适应 Best F1 搜索（两阶段）
粗搜索步数: 200, 精细搜索步数: 500

============================================================
自适应 Best F1 阈值搜索（两阶段）
============================================================

分数统计信息:
  最小值: 0.001157
  最大值: 422.341858
  均值: 0.052536
  标准差: 0.534993
  中位数: 0.020946
  第1百分位: 0.003839
  第99百分位: 0.254723

自动确定的搜索范围: [0.001920, 0.509445]

============================================================
阶段 1: 粗搜索（步数: 200）
============================================================

============================================================
开始 Best F1 阈值搜索...
============================================================
搜索范围: [0.0019, 0.5094]
搜索步数: 200
使用点调整: True
阈值: 0.0045 | F1: 0.4412 | Precision: 0.2831 | Recall: 1.0000
阈值: 0.0552 | F1: 0.8262 | Precision: 0.7096 | Recall: 0.9886
阈值: 0.1060 | F1: 0.9240 | Precision: 0.8795 | Recall: 0.9732
阈值: 0.1567 | F1: 0.9572 | Precision: 0.9662 | Recall: 0.9483
阈值: 0.2075 | F1: 0.9648 | Precision: 0.9900 | Recall: 0.9409
阈值: 0.2582 | F1: 0.9631 | Precision: 0.9942 | Recall: 0.9339
阈值: 0.3090 | F1: 0.9626 | Precision: 0.9953 | Recall: 0.9321
Terminated
