Using GPU
Args in experiment:
[1mBasic Config[0m
  Task Name:          anomaly_detection   Is Training:        1                   
  Model ID:           PSM                 Model:              ISTAD               
  Seed:               87                  Itr:                1                   

[1mData Loader[0m
  Data:               PSM                 Root Path:          ./dataset/PSM       
  Features:           M                   Seq Len:            64                  
  Enc In:             25                  C Out:              25                  
  Checkpoints:        ./checkpoints/      

[1mAnomaly Detection Task[0m
  Anomaly Ratio:      1.0                 

[1mISTAD Parameters[0m
  Kernel Size:        7                   Branch Mode:        hgat_kan_tcn        
  TCN Type:           kan                 
  Feat GAT Dim:       -1                  GRU Layers:         1                   
  GRU Hidden:         150                 Recon Layers:       1                   
  Recon Hidden:       150                 ISTAD Dropout:      0.3                 
  Recon Type:         kanad               KANAD Order:        6                   
  Leaky Alpha:        0.2                 H Init:             normal              
  Hyperedges:         -1                  Top-K Nodes:        -1                  
  KAN Grid:           10                  KAN Order:          3                   
  Arch:               legacy              Ablation:           full                
  Explainability:     1                   Explain Batches:    0                   
  Explain Points:     20000               Explain TopK:       10                  
  SmoothGrad:         0                   SG Samples:         20                  
  SG Noise:           0.1                 Quad Mode:          quantile            
  Quad Value:         0.75                Err Agg:            sum                 
  Sal Agg:            sum                 

[1mRun Parameters[0m
  Num Workers:        4                   Batch Size:         64                  
  Train Epochs:       3                   Patience:           5                   
  Learning Rate:      0.01                Lradj:              type1               
  Des:                PSM_g10_dual_l05_s87

[1mGPU[0m
  Use GPU:            1                   GPU:                0                   
  Use Multi GPU:      0                   Devices:            0,1,2,3             

Use GPU: cuda:0
🚀 Lazy Loading: ISTAD ...
>>>>>>>start training : anomaly_detection_PSM_ISTAD_PSM_ftM_sl64_bmhgat_kan_tcn_bs64_PSM_g10_dual_l05_s87_0>>>>>>>>>>>>>>>>>>>>>>>>>>
test: (87841, 25)
train: (132481, 25)
train 132418
test: (87841, 25)
train: (132481, 25)
val 26434
test: (87841, 25)
train: (132481, 25)
test 87778
	iters: 100, epoch: 1 | loss: 0.2803495
	speed: 0.1486s/iter; left time: 907.9208s
	iters: 200, epoch: 1 | loss: 0.1668984
	speed: 0.0661s/iter; left time: 397.1944s
	iters: 300, epoch: 1 | loss: 0.2872243
	speed: 0.0678s/iter; left time: 401.0305s
	iters: 400, epoch: 1 | loss: 0.0984448
	speed: 0.0671s/iter; left time: 389.9878s
	iters: 500, epoch: 1 | loss: 0.1190977
	speed: 0.0653s/iter; left time: 372.8254s
	iters: 600, epoch: 1 | loss: 0.1004529
	speed: 0.0641s/iter; left time: 359.7347s
	iters: 700, epoch: 1 | loss: 0.1135333
	speed: 0.0655s/iter; left time: 360.9737s
	iters: 800, epoch: 1 | loss: 0.0624282
	speed: 0.0674s/iter; left time: 364.7660s
	iters: 900, epoch: 1 | loss: 0.0723464
	speed: 0.0669s/iter; left time: 355.5099s
	iters: 1000, epoch: 1 | loss: 0.0864745
	speed: 0.0661s/iter; left time: 344.3164s
	iters: 1100, epoch: 1 | loss: 0.0539117
	speed: 0.0680s/iter; left time: 347.4217s
	iters: 1200, epoch: 1 | loss: 0.0621935
	speed: 0.0656s/iter; left time: 328.8707s
	iters: 1300, epoch: 1 | loss: 0.0436319
	speed: 0.0653s/iter; left time: 320.6436s
	iters: 1400, epoch: 1 | loss: 0.0447341
	speed: 0.0876s/iter; left time: 421.3004s
	iters: 1500, epoch: 1 | loss: 0.0424975
	speed: 0.0757s/iter; left time: 356.5868s
	iters: 1600, epoch: 1 | loss: 0.0727085
	speed: 0.0639s/iter; left time: 294.5142s
	iters: 1700, epoch: 1 | loss: 0.0366888
	speed: 0.0638s/iter; left time: 287.7773s
	iters: 1800, epoch: 1 | loss: 0.0434189
	speed: 0.0639s/iter; left time: 281.8920s
	iters: 1900, epoch: 1 | loss: 0.0340755
	speed: 0.0676s/iter; left time: 291.2211s
	iters: 2000, epoch: 1 | loss: 0.0353218
	speed: 0.0662s/iter; left time: 278.9005s
Epoch: 1 cost time: 144.6832151412964
Epoch: 1, Steps: 2070 | Train Loss: 0.1208636 Vali Loss: 0.0724164 Test Loss: 0.4263283
Validation loss decreased (inf --> 0.072416).  Saving model ...
Updating learning rate to 0.01
	iters: 100, epoch: 2 | loss: 0.0500360
	speed: 0.4809s/iter; left time: 1943.4789s
	iters: 200, epoch: 2 | loss: 0.0494860
	speed: 0.0644s/iter; left time: 253.9294s
	iters: 300, epoch: 2 | loss: 0.0247121
	speed: 0.0641s/iter; left time: 246.3706s
	iters: 400, epoch: 2 | loss: 0.0392153
	speed: 0.0602s/iter; left time: 225.3342s
	iters: 500, epoch: 2 | loss: 0.0374914
	speed: 0.0637s/iter; left time: 231.8487s
	iters: 600, epoch: 2 | loss: 0.0238171
	speed: 0.0828s/iter; left time: 293.0367s
	iters: 700, epoch: 2 | loss: 0.0226266
	speed: 0.0644s/iter; left time: 221.4344s
	iters: 800, epoch: 2 | loss: 0.0625280
	speed: 0.0633s/iter; left time: 211.5205s
	iters: 900, epoch: 2 | loss: 0.0235274
	speed: 0.0611s/iter; left time: 197.9114s
	iters: 1000, epoch: 2 | loss: 0.0265859
	speed: 0.0630s/iter; left time: 197.9063s
	iters: 1100, epoch: 2 | loss: 0.0233519
	speed: 0.0632s/iter; left time: 192.1964s
	iters: 1200, epoch: 2 | loss: 0.0408730
	speed: 0.0619s/iter; left time: 181.9903s
	iters: 1300, epoch: 2 | loss: 0.0651114
	speed: 0.0639s/iter; left time: 181.4432s
	iters: 1400, epoch: 2 | loss: 0.0307973
	speed: 0.0648s/iter; left time: 177.5233s
	iters: 1500, epoch: 2 | loss: 0.0251031
	speed: 0.0722s/iter; left time: 190.5891s
	iters: 1600, epoch: 2 | loss: 0.0224715
	speed: 0.0648s/iter; left time: 164.5993s
	iters: 1700, epoch: 2 | loss: 0.0348001
	speed: 0.0608s/iter; left time: 148.3886s
	iters: 1800, epoch: 2 | loss: 0.0275995
	speed: 0.0679s/iter; left time: 158.8707s
	iters: 1900, epoch: 2 | loss: 0.0356605
	speed: 0.0814s/iter; left time: 182.4216s
	iters: 2000, epoch: 2 | loss: 0.0255447
	speed: 0.0695s/iter; left time: 148.6942s
Epoch: 2 cost time: 136.05384516716003
Epoch: 2, Steps: 2070 | Train Loss: 0.0382029 Vali Loss: 0.1196462 Test Loss: 0.4038044
EarlyStopping counter: 1 out of 5
Updating learning rate to 0.005
	iters: 100, epoch: 3 | loss: 0.0194572
	speed: 0.4627s/iter; left time: 912.0122s
	iters: 200, epoch: 3 | loss: 0.0219008
	speed: 0.0631s/iter; left time: 118.0260s
	iters: 300, epoch: 3 | loss: 0.0282364
	speed: 0.0619s/iter; left time: 109.6810s
	iters: 400, epoch: 3 | loss: 0.0346803
	speed: 0.0627s/iter; left time: 104.7160s
	iters: 500, epoch: 3 | loss: 0.0165955
	speed: 0.0622s/iter; left time: 97.6515s
	iters: 600, epoch: 3 | loss: 0.0205835
	speed: 0.0618s/iter; left time: 90.8680s
	iters: 700, epoch: 3 | loss: 0.0160329
	speed: 0.0626s/iter; left time: 85.7747s
	iters: 800, epoch: 3 | loss: 0.0145953
	speed: 0.0821s/iter; left time: 104.3741s
	iters: 900, epoch: 3 | loss: 0.0152037
	speed: 0.0848s/iter; left time: 99.3319s
	iters: 1000, epoch: 3 | loss: 0.0177581
	speed: 0.0713s/iter; left time: 76.3485s
	iters: 1100, epoch: 3 | loss: 0.0132259
	speed: 0.0707s/iter; left time: 68.6218s
	iters: 1200, epoch: 3 | loss: 0.0196942
	speed: 0.0851s/iter; left time: 74.1423s
	iters: 1300, epoch: 3 | loss: 0.0195896
	speed: 0.0858s/iter; left time: 66.1593s
	iters: 1400, epoch: 3 | loss: 0.0468582
	speed: 0.0863s/iter; left time: 57.8741s
	iters: 1500, epoch: 3 | loss: 0.0245293
	speed: 0.0884s/iter; left time: 50.4997s
	iters: 1600, epoch: 3 | loss: 0.0309932
	speed: 0.0877s/iter; left time: 41.3001s
	iters: 1700, epoch: 3 | loss: 0.0223023
	speed: 0.0846s/iter; left time: 31.3905s
	iters: 1800, epoch: 3 | loss: 0.0130644
	speed: 0.0640s/iter; left time: 17.3325s
	iters: 1900, epoch: 3 | loss: 0.0195665
	speed: 0.0713s/iter; left time: 12.1964s
	iters: 2000, epoch: 3 | loss: 0.0404837
	speed: 0.0839s/iter; left time: 5.9549s
Epoch: 3 cost time: 154.65035033226013
Epoch: 3, Steps: 2070 | Train Loss: 0.0235581 Vali Loss: 0.0656647 Test Loss: 0.3100991
Validation loss decreased (0.072416 --> 0.065665).  Saving model ...
Updating learning rate to 0.0025
>>>>>>>testing : anomaly_detection_PSM_ISTAD_PSM_ftM_sl64_bmhgat_kan_tcn_bs64_PSM_g10_dual_l05_s87_0<<<<<<<<<<<<<<<<<<<<<<<<<<<<<<<<<
test: (87841, 25)
train: (132481, 25)
test 87778
test: (87841, 25)
train: (132481, 25)
train 132418
Percentile Threshold : 1.7045332
pred_raw: (5617792,)
gt:      (5617792,)
pred_pa: (5617792,)
gt_pa:   (5617792,)

============================================================
使用百分位数阈值的结果:
============================================================
Accuracy : 0.9615, Precision : 0.9994, Recall : 0.8619, F-score : 0.9256 
============================================================


使用自适应 Best F1 搜索（两阶段）
粗搜索步数: 200, 精细搜索步数: 500

============================================================
自适应 Best F1 阈值搜索（两阶段）
============================================================

分数统计信息:
  最小值: 0.002500
  最大值: 487.492126
  均值: 0.304937
  标准差: 0.706380
  中位数: 0.029383
  第1百分位: 0.007854
  第99百分位: 1.774785

自动确定的搜索范围: [0.003927, 3.549570]

============================================================
阶段 1: 粗搜索（步数: 200）
============================================================

============================================================
开始 Best F1 阈值搜索...
============================================================
搜索范围: [0.0039, 3.5496]
搜索步数: 200
使用点调整: True
阈值: 0.0217 | F1: 0.5568 | Precision: 0.3859 | Recall: 0.9995
阈值: 0.3762 | F1: 0.7933 | Precision: 0.6903 | Recall: 0.9323
阈值: 0.7308 | F1: 0.7822 | Precision: 0.6906 | Recall: 0.9019
阈值: 1.0853 | F1: 0.8402 | Precision: 0.7899 | Recall: 0.8973
阈值: 1.4399 | F1: 0.8440 | Precision: 0.8104 | Recall: 0.8806
阈值: 1.7945 | F1: 0.9072 | Precision: 0.9999 | Recall: 0.8303
阈值: 2.1490 | F1: 0.8882 | Precision: 0.9999 | Recall: 0.7990
阈值: 2.5036 | F1: 0.8638 | Precision: 0.9999 | Recall: 0.7604
阈值: 2.8582 | F1: 0.8637 | Precision: 0.9999 | Recall: 0.7602
阈值: 3.2127 | F1: 0.8636 | Precision: 1.0000 | Recall: 0.7599

============================================================
✓ 找到最佳阈值: 1.617195
  最佳 F1: 0.9258
  Precision: 0.9955
  Recall: 0.8653
============================================================


============================================================
阶段 2: 精细搜索（步数: 500）
============================================================
在最佳阈值 1.617195 附近精细搜索
精细搜索范围: [1.262631, 1.971759]

============================================================
开始 Best F1 阈值搜索...
============================================================
搜索范围: [1.2626, 1.9718]
搜索步数: 500
使用点调整: True
阈值: 1.2640 | F1: 0.8367 | Precision: 0.7890 | Recall: 0.8906
阈值: 1.3350 | F1: 0.8385 | Precision: 0.7924 | Recall: 0.8903
阈值: 1.4059 | F1: 0.8399 | Precision: 0.8026 | Recall: 0.8807
阈值: 1.4768 | F1: 0.8574 | Precision: 0.8357 | Recall: 0.8803
阈值: 1.5477 | F1: 0.9122 | Precision: 0.9622 | Recall: 0.8671
阈值: 1.6186 | F1: 0.9258 | Precision: 0.9956 | Recall: 0.8652
阈值: 1.6895 | F1: 0.9254 | Precision: 0.9991 | Recall: 0.8619
阈值: 1.7604 | F1: 0.9255 | Precision: 0.9998 | Recall: 0.8614
阈值: 1.8314 | F1: 0.9072 | Precision: 0.9999 | Recall: 0.8302
阈值: 1.9023 | F1: 0.9071 | Precision: 0.9999 | Recall: 0.8301

============================================================
✓ 找到最佳阈值: 1.627123
  最佳 F1: 0.9259
  Precision: 0.9962
  Recall: 0.8649
============================================================


✓ 精细搜索找到更好的阈值！

============================================================
自适应搜索完成！
============================================================
最终最佳阈值: 1.627123
最佳 F1: 0.9259
Precision: 0.9962
Recall: 0.8649
============================================================

Saved Best F1 results: ./test_results/anomaly_detection_PSM_ISTAD_PSM_ftM_sl64_bmhgat_kan_tcn_bs64_PSM_g10_dual_l05_s87_0/bestf1_threshold_results.json
Saved anomaly score plot: ./test_results/anomaly_detection_PSM_ISTAD_PSM_ftM_sl64_bmhgat_kan_tcn_bs64_PSM_g10_dual_l05_s87_0/anomaly_score_threshold.png
Running ISTAD explainability analysis...
Saved ISTAD saliency heatmap: ./test_results/anomaly_detection_PSM_ISTAD_PSM_ftM_sl64_bmhgat_kan_tcn_bs64_PSM_g10_dual_l05_s87_0/istad_saliency_heatmap.png
Saved ISTAD feature localization time-series: ./test_results/anomaly_detection_PSM_ISTAD_PSM_ftM_sl64_bmhgat_kan_tcn_bs64_PSM_g10_dual_l05_s87_0/feature_localization_timeseries.csv
Saved ISTAD explainability summary: ./test_results/anomaly_detection_PSM_ISTAD_PSM_ftM_sl64_bmhgat_kan_tcn_bs64_PSM_g10_dual_l05_s87_0/istad_explainability_summary.json
Saved ISTAD segment localization summary: ./test_results/anomaly_detection_PSM_ISTAD_PSM_ftM_sl64_bmhgat_kan_tcn_bs64_PSM_g10_dual_l05_s87_0/segment_localization_summary.json
Saved train time summary: ./test_results/anomaly_detection_PSM_ISTAD_PSM_ftM_sl64_bmhgat_kan_tcn_bs64_PSM_g10_dual_l05_s87_0/train_time_summary.json
