Using GPU
Args in experiment:
[1mBasic Config[0m
  Task Name:          anomaly_detection   Is Training:        1                   
  Model ID:           PSM                 Model:              ISTAD               
  Seed:               2021                Itr:                1                   

[1mData Loader[0m
  Data:               PSM                 Root Path:          ./dataset/PSM       
  Features:           M                   Seq Len:            64                  
  Enc In:             25                  C Out:              25                  
  Checkpoints:        ./checkpoints/      

[1mAnomaly Detection Task[0m
  Anomaly Ratio:      1.0                 

[1mISTAD Parameters[0m
  Kernel Size:        7                   Branch Mode:        hgat_kan_tcn        
  TCN Type:           kan                 
  Feat GAT Dim:       -1                  GRU Layers:         1                   
  GRU Hidden:         150                 Recon Layers:       1                   
  Recon Hidden:       150                 ISTAD Dropout:      0.3                 
  Recon Type:         kanad               KANAD Order:        6                   
  Leaky Alpha:        0.2                 H Init:             normal              
  Hyperedges:         -1                  Top-K Nodes:        -1                  
  KAN Grid:           10                  KAN Order:          3                   
  Arch:               legacy              Ablation:           full                
  Explainability:     1                   Explain Batches:    0                   
  Explain Points:     20000               Explain TopK:       10                  
  SmoothGrad:         0                   SG Samples:         20                  
  SG Noise:           0.1                 Quad Mode:          quantile            
  Quad Value:         0.75                Err Agg:            sum                 
  Sal Agg:            sum                 

[1mRun Parameters[0m
  Num Workers:        4                   Batch Size:         64                  
  Train Epochs:       3                   Patience:           5                   
  Learning Rate:      0.01                Lradj:              type1               
  Des:                PSM_g10_dual_l05_s2021

[1mGPU[0m
  Use GPU:            1                   GPU:                0                   
  Use Multi GPU:      0                   Devices:            0,1,2,3             

Use GPU: cuda:0
🚀 Lazy Loading: ISTAD ...
>>>>>>>start training : anomaly_detection_PSM_ISTAD_PSM_ftM_sl64_bmhgat_kan_tcn_bs64_PSM_g10_dual_l05_s2021_0>>>>>>>>>>>>>>>>>>>>>>>>>>
test: (87841, 25)
train: (132481, 25)
train 132418
test: (87841, 25)
train: (132481, 25)
val 26434
test: (87841, 25)
train: (132481, 25)
test 87778
	iters: 100, epoch: 1 | loss: 0.4635552
	speed: 0.0814s/iter; left time: 497.6925s
	iters: 200, epoch: 1 | loss: 0.1529594
	speed: 0.0755s/iter; left time: 453.8175s
	iters: 300, epoch: 1 | loss: 0.0941574
	speed: 0.0797s/iter; left time: 471.3110s
	iters: 400, epoch: 1 | loss: 0.1892815
	speed: 0.0825s/iter; left time: 479.3707s
	iters: 500, epoch: 1 | loss: 0.1163481
	speed: 0.0831s/iter; left time: 474.4073s
	iters: 600, epoch: 1 | loss: 0.1846689
	speed: 0.0802s/iter; left time: 450.0897s
	iters: 700, epoch: 1 | loss: 0.1271512
	speed: 0.0676s/iter; left time: 372.3044s
	iters: 800, epoch: 1 | loss: 0.0993887
	speed: 0.0750s/iter; left time: 405.6943s
	iters: 900, epoch: 1 | loss: 0.0665288
	speed: 0.0679s/iter; left time: 360.4679s
	iters: 1000, epoch: 1 | loss: 0.0674505
	speed: 0.0672s/iter; left time: 350.1834s
	iters: 1100, epoch: 1 | loss: 0.0698843
	speed: 0.0671s/iter; left time: 343.0084s
	iters: 1200, epoch: 1 | loss: 0.0467631
	speed: 0.0672s/iter; left time: 336.6561s
	iters: 1300, epoch: 1 | loss: 0.0927987
	speed: 0.0660s/iter; left time: 324.2561s
	iters: 1400, epoch: 1 | loss: 0.0278712
	speed: 0.0656s/iter; left time: 315.7525s
	iters: 1500, epoch: 1 | loss: 0.0397621
	speed: 0.0658s/iter; left time: 310.0961s
	iters: 1600, epoch: 1 | loss: 0.0251945
	speed: 0.0664s/iter; left time: 305.9554s
	iters: 1700, epoch: 1 | loss: 0.0295617
	speed: 0.0657s/iter; left time: 296.2166s
	iters: 1800, epoch: 1 | loss: 0.0255405
	speed: 0.0647s/iter; left time: 285.4606s
	iters: 1900, epoch: 1 | loss: 0.0192234
	speed: 0.0831s/iter; left time: 358.2730s
	iters: 2000, epoch: 1 | loss: 0.0259549
	speed: 0.0756s/iter; left time: 318.4105s
Epoch: 1 cost time: 150.04264974594116
Epoch: 1, Steps: 2070 | Train Loss: 0.0978668 Vali Loss: 0.4656766 Test Loss: 0.3208495
Validation loss decreased (inf --> 0.465677).  Saving model ...
Updating learning rate to 0.01
	iters: 100, epoch: 2 | loss: 0.0577792
	speed: 0.4911s/iter; left time: 1984.6669s
	iters: 200, epoch: 2 | loss: 0.0183190
	speed: 0.0647s/iter; left time: 255.0302s
	iters: 300, epoch: 2 | loss: 0.0569472
	speed: 0.0684s/iter; left time: 262.6996s
	iters: 400, epoch: 2 | loss: 0.0318001
	speed: 0.0824s/iter; left time: 308.3678s
	iters: 500, epoch: 2 | loss: 0.0548977
	speed: 0.0908s/iter; left time: 330.6431s
	iters: 600, epoch: 2 | loss: 0.0208366
	speed: 0.0908s/iter; left time: 321.4547s
	iters: 700, epoch: 2 | loss: 0.0167761
	speed: 0.0674s/iter; left time: 231.8176s
	iters: 800, epoch: 2 | loss: 0.0136888
	speed: 0.0674s/iter; left time: 225.2793s
	iters: 900, epoch: 2 | loss: 0.0352882
	speed: 0.0675s/iter; left time: 218.7289s
	iters: 1000, epoch: 2 | loss: 0.0199453
	speed: 0.0672s/iter; left time: 211.0496s
	iters: 1100, epoch: 2 | loss: 0.0153940
	speed: 0.0676s/iter; left time: 205.6309s
	iters: 1200, epoch: 2 | loss: 0.0255144
	speed: 0.0682s/iter; left time: 200.4839s
	iters: 1300, epoch: 2 | loss: 0.0168785
	speed: 0.0677s/iter; left time: 192.4708s
	iters: 1400, epoch: 2 | loss: 0.0254127
	speed: 0.0674s/iter; left time: 184.6550s
	iters: 1500, epoch: 2 | loss: 0.0169560
	speed: 0.0680s/iter; left time: 179.7093s
	iters: 1600, epoch: 2 | loss: 0.0234932
	speed: 0.0666s/iter; left time: 169.1226s
	iters: 1700, epoch: 2 | loss: 0.0218575
	speed: 0.0666s/iter; left time: 162.6512s
	iters: 1800, epoch: 2 | loss: 0.0166986
	speed: 0.0670s/iter; left time: 156.8546s
	iters: 1900, epoch: 2 | loss: 0.0158133
	speed: 0.0670s/iter; left time: 150.1381s
	iters: 2000, epoch: 2 | loss: 0.0240379
	speed: 0.0671s/iter; left time: 143.5556s
Epoch: 2 cost time: 145.44875407218933
Epoch: 2, Steps: 2070 | Train Loss: 0.0249144 Vali Loss: 0.0313103 Test Loss: 0.1340039
Validation loss decreased (0.465677 --> 0.031310).  Saving model ...
Updating learning rate to 0.005
	iters: 100, epoch: 3 | loss: 0.0144929
	speed: 0.4816s/iter; left time: 949.3233s
	iters: 200, epoch: 3 | loss: 0.0326366
	speed: 0.0645s/iter; left time: 120.7139s
	iters: 300, epoch: 3 | loss: 0.0118071
	speed: 0.0653s/iter; left time: 115.6866s
	iters: 400, epoch: 3 | loss: 0.0147570
	speed: 0.0652s/iter; left time: 109.0064s
	iters: 500, epoch: 3 | loss: 0.0163580
	speed: 0.0539s/iter; left time: 84.6109s
	iters: 600, epoch: 3 | loss: 0.0118937
	speed: 0.0653s/iter; left time: 96.1234s
	iters: 700, epoch: 3 | loss: 0.0324966
	speed: 0.0650s/iter; left time: 89.1119s
	iters: 800, epoch: 3 | loss: 0.0151870
	speed: 0.0612s/iter; left time: 77.8404s
	iters: 900, epoch: 3 | loss: 0.0121649
	speed: 0.0628s/iter; left time: 73.5096s
	iters: 1000, epoch: 3 | loss: 0.0108803
	speed: 0.0627s/iter; left time: 67.1464s
	iters: 1100, epoch: 3 | loss: 0.0091997
	speed: 0.0626s/iter; left time: 60.8205s
	iters: 1200, epoch: 3 | loss: 0.0193254
	speed: 0.0623s/iter; left time: 54.2717s
	iters: 1300, epoch: 3 | loss: 0.0280599
	speed: 0.0621s/iter; left time: 47.9014s
	iters: 1400, epoch: 3 | loss: 0.0617618
	speed: 0.0641s/iter; left time: 43.0317s
	iters: 1500, epoch: 3 | loss: 0.0128213
	speed: 0.0640s/iter; left time: 36.5673s
	iters: 1600, epoch: 3 | loss: 0.0337387
	speed: 0.0638s/iter; left time: 30.0733s
	iters: 1700, epoch: 3 | loss: 0.0313731
	speed: 0.0637s/iter; left time: 23.6242s
	iters: 1800, epoch: 3 | loss: 0.0200942
	speed: 0.0655s/iter; left time: 17.7457s
	iters: 1900, epoch: 3 | loss: 0.0125136
	speed: 0.0650s/iter; left time: 11.1216s
	iters: 2000, epoch: 3 | loss: 0.0136508
	speed: 0.0653s/iter; left time: 4.6352s
Epoch: 3 cost time: 132.092675447464
Epoch: 3, Steps: 2070 | Train Loss: 0.0165983 Vali Loss: 0.0237820 Test Loss: 0.1323028
Validation loss decreased (0.031310 --> 0.023782).  Saving model ...
Updating learning rate to 0.0025
>>>>>>>testing : anomaly_detection_PSM_ISTAD_PSM_ftM_sl64_bmhgat_kan_tcn_bs64_PSM_g10_dual_l05_s2021_0<<<<<<<<<<<<<<<<<<<<<<<<<<<<<<<<<
test: (87841, 25)
train: (132481, 25)
test 87778
test: (87841, 25)
train: (132481, 25)
train 132418
Percentile Threshold : 0.7299661
pred_raw: (5617792,)
gt:      (5617792,)
pred_pa: (5617792,)
gt_pa:   (5617792,)

============================================================
使用百分位数阈值的结果:
============================================================
Accuracy : 0.9660, Precision : 0.9874, Recall : 0.8888, F-score : 0.9355 
============================================================


使用自适应 Best F1 搜索（两阶段）
粗搜索步数: 200, 精细搜索步数: 500

============================================================
自适应 Best F1 阈值搜索（两阶段）
============================================================

分数统计信息:
  最小值: 0.001636
  最大值: 533.670898
  均值: 0.128243
  标准差: 0.502280
  中位数: 0.025882
  第1百分位: 0.006457
  第99百分位: 0.813025

自动确定的搜索范围: [0.003228, 1.626050]

============================================================
阶段 1: 粗搜索（步数: 200）
============================================================

============================================================
开始 Best F1 阈值搜索...
============================================================
搜索范围: [0.0032, 1.6261]
搜索步数: 200
使用点调整: True
阈值: 0.0113 | F1: 0.4640 | Precision: 0.3021 | Recall: 0.9999
阈值: 0.1736 | F1: 0.8084 | Precision: 0.6961 | Recall: 0.9639
阈值: 0.3359 | F1: 0.8213 | Precision: 0.7350 | Recall: 0.9305
阈值: 0.4982 | F1: 0.8931 | Precision: 0.8764 | Recall: 0.9106
阈值: 0.6605 | F1: 0.9311 | Precision: 0.9743 | Recall: 0.8916
阈值: 0.8228 | F1: 0.9393 | Precision: 0.9966 | Recall: 0.8881
阈值: 0.9850 | F1: 0.9224 | Precision: 0.9995 | Recall: 0.8563
阈值: 1.1473 | F1: 0.9221 | Precision: 0.9996 | Recall: 0.8557
阈值: 1.3096 | F1: 0.8911 | Precision: 0.9996 | Recall: 0.8038
阈值: 1.4719 | F1: 0.8836 | Precision: 0.9997 | Recall: 0.7917

============================================================
✓ 找到最佳阈值: 0.822753
  最佳 F1: 0.9393
  Precision: 0.9966
  Recall: 0.8881
============================================================


============================================================
阶段 2: 精细搜索（步数: 500）
============================================================
在最佳阈值 0.822753 附近精细搜索
精细搜索范围: [0.660471, 0.985036]

============================================================
开始 Best F1 阈值搜索...
============================================================
搜索范围: [0.6605, 0.9850]
搜索步数: 500
使用点调整: True
阈值: 0.6611 | F1: 0.9312 | Precision: 0.9745 | Recall: 0.8916
阈值: 0.6936 | F1: 0.9333 | Precision: 0.9814 | Recall: 0.8897
阈值: 0.7260 | F1: 0.9353 | Precision: 0.9868 | Recall: 0.8890
阈值: 0.7585 | F1: 0.9371 | Precision: 0.9912 | Recall: 0.8887
阈值: 0.7909 | F1: 0.9385 | Precision: 0.9946 | Recall: 0.8883
阈值: 0.8234 | F1: 0.9393 | Precision: 0.9967 | Recall: 0.8881
阈值: 0.8559 | F1: 0.9222 | Precision: 0.9979 | Recall: 0.8571
阈值: 0.8883 | F1: 0.9224 | Precision: 0.9988 | Recall: 0.8570
阈值: 0.9208 | F1: 0.9225 | Precision: 0.9992 | Recall: 0.8568
阈值: 0.9532 | F1: 0.9225 | Precision: 0.9994 | Recall: 0.8566

============================================================
✓ 找到最佳阈值: 0.823403
  最佳 F1: 0.9393
  Precision: 0.9967
  Recall: 0.8881
============================================================


✓ 精细搜索找到更好的阈值！

============================================================
自适应搜索完成！
============================================================
最终最佳阈值: 0.823403
最佳 F1: 0.9393
Precision: 0.9967
Recall: 0.8881
============================================================

Saved Best F1 results: ./test_results/anomaly_detection_PSM_ISTAD_PSM_ftM_sl64_bmhgat_kan_tcn_bs64_PSM_g10_dual_l05_s2021_0/bestf1_threshold_results.json
Saved anomaly score plot: ./test_results/anomaly_detection_PSM_ISTAD_PSM_ftM_sl64_bmhgat_kan_tcn_bs64_PSM_g10_dual_l05_s2021_0/anomaly_score_threshold.png
Running ISTAD explainability analysis...
Saved ISTAD saliency heatmap: ./test_results/anomaly_detection_PSM_ISTAD_PSM_ftM_sl64_bmhgat_kan_tcn_bs64_PSM_g10_dual_l05_s2021_0/istad_saliency_heatmap.png
Saved ISTAD feature localization time-series: ./test_results/anomaly_detection_PSM_ISTAD_PSM_ftM_sl64_bmhgat_kan_tcn_bs64_PSM_g10_dual_l05_s2021_0/feature_localization_timeseries.csv
Saved ISTAD explainability summary: ./test_results/anomaly_detection_PSM_ISTAD_PSM_ftM_sl64_bmhgat_kan_tcn_bs64_PSM_g10_dual_l05_s2021_0/istad_explainability_summary.json
Saved ISTAD segment localization summary: ./test_results/anomaly_detection_PSM_ISTAD_PSM_ftM_sl64_bmhgat_kan_tcn_bs64_PSM_g10_dual_l05_s2021_0/segment_localization_summary.json
Saved train time summary: ./test_results/anomaly_detection_PSM_ISTAD_PSM_ftM_sl64_bmhgat_kan_tcn_bs64_PSM_g10_dual_l05_s2021_0/train_time_summary.json
