Using GPU
Args in experiment:
[1mBasic Config[0m
  Task Name:          anomaly_detection   Is Training:        1                   
  Model ID:           SMD                 Model:              ISTAD               
  Seed:               2025                Itr:                1                   

[1mData Loader[0m
  Data:               SMD                 Root Path:          ./dataset/SMD       
  Features:           M                   Seq Len:            96                  
  Enc In:             38                  C Out:              38                  
  Checkpoints:        ./checkpoints/      

[1mAnomaly Detection Task[0m
  Anomaly Ratio:      1.0                 

[1mISTAD Parameters[0m
  Kernel Size:        7                   Branch Mode:        hgat_kan_tcn        
  TCN Type:           kan                 
  Feat GAT Dim:       -1                  GRU Layers:         1                   
  GRU Hidden:         150                 Recon Layers:       1                   
  Recon Hidden:       150                 ISTAD Dropout:      0.2                 
  Recon Type:         kanad               KANAD Order:        4                   
  Leaky Alpha:        0.2                 H Init:             normal              
  Hyperedges:         -1                  Top-K Nodes:        -1                  
  KAN Grid:           10                  KAN Order:          3                   
  Arch:               legacy              Ablation:           full                
  Explainability:     1                   Explain Batches:    0                   
  Explain Points:     20000               Explain TopK:       10                  
  SmoothGrad:         0                   SG Samples:         20                  
  SG Noise:           0.1                 Quad Mode:          quantile            
  Quad Value:         0.75                Err Agg:            sum                 
  Sal Agg:            sum                 

[1mRun Parameters[0m
  Num Workers:        4                   Batch Size:         64                  
  Train Epochs:       100                 Patience:           5                   
  Learning Rate:      0.01                Lradj:              type1               
  Des:                SMD_dual_s2025      

[1mGPU[0m
  Use GPU:            1                   GPU:                0                   
  Use Multi GPU:      0                   Devices:            0,1,2,3             

Use GPU: cuda:0
🚀 Lazy Loading: ISTAD ...
>>>>>>>start training : anomaly_detection_SMD_ISTAD_SMD_ftM_sl96_bmhgat_kan_tcn_bs64_SMD_dual_s2025_0>>>>>>>>>>>>>>>>>>>>>>>>>>
test: (708420, 38)
train: (708405, 38)
train 7456
test: (708420, 38)
train: (708405, 38)
val 1491
test: (708420, 38)
train: (708405, 38)
test 7457
	iters: 100, epoch: 1 | loss: 0.5880125
	speed: 0.1136s/iter; left time: 1318.3141s
Epoch: 1 cost time: 12.051878213882446
Epoch: 1, Steps: 117 | Train Loss: 0.8777702 Vali Loss: 0.5051054 Test Loss: 2.4635126
Validation loss decreased (inf --> 0.505105).  Saving model ...
Updating learning rate to 0.01
	iters: 100, epoch: 2 | loss: 0.4270080
	speed: 0.1687s/iter; left time: 1937.5777s
Epoch: 2 cost time: 11.022467851638794
Epoch: 2, Steps: 117 | Train Loss: 0.7033998 Vali Loss: 0.4482849 Test Loss: 2.3778037
Validation loss decreased (0.505105 --> 0.448285).  Saving model ...
Updating learning rate to 0.005
	iters: 100, epoch: 3 | loss: 0.4979451
	speed: 0.1696s/iter; left time: 1927.5498s
Epoch: 3 cost time: 11.128106832504272
Epoch: 3, Steps: 117 | Train Loss: 0.6313583 Vali Loss: 0.4129962 Test Loss: 2.2508954
Validation loss decreased (0.448285 --> 0.412996).  Saving model ...
Updating learning rate to 0.0025
	iters: 100, epoch: 4 | loss: 0.3104457
	speed: 0.1719s/iter; left time: 1933.3937s
Epoch: 4 cost time: 11.089312076568604
Epoch: 4, Steps: 117 | Train Loss: 0.5851244 Vali Loss: 0.3874010 Test Loss: 2.2614619
Validation loss decreased (0.412996 --> 0.387401).  Saving model ...
Updating learning rate to 0.00125
	iters: 100, epoch: 5 | loss: 0.3474138
	speed: 0.1705s/iter; left time: 1898.6485s
Epoch: 5 cost time: 11.3251953125
Epoch: 5, Steps: 117 | Train Loss: 0.5577172 Vali Loss: 0.3792767 Test Loss: 2.2078132
Validation loss decreased (0.387401 --> 0.379277).  Saving model ...
Updating learning rate to 0.000625
	iters: 100, epoch: 6 | loss: 0.3439749
	speed: 0.1705s/iter; left time: 1878.3356s
Epoch: 6 cost time: 11.13502550125122
Epoch: 6, Steps: 117 | Train Loss: 0.5445519 Vali Loss: 0.3684108 Test Loss: 2.2034043
Validation loss decreased (0.379277 --> 0.368411).  Saving model ...
Updating learning rate to 0.0003125
	iters: 100, epoch: 7 | loss: 0.3034543
	speed: 0.1710s/iter; left time: 1864.2275s
Epoch: 7 cost time: 11.128052473068237
Epoch: 7, Steps: 117 | Train Loss: 0.5380857 Vali Loss: 0.3664346 Test Loss: 2.2450885
Validation loss decreased (0.368411 --> 0.366435).  Saving model ...
Updating learning rate to 0.00015625
	iters: 100, epoch: 8 | loss: 0.3136906
	speed: 0.1705s/iter; left time: 1838.3980s
Epoch: 8 cost time: 11.199655055999756
Epoch: 8, Steps: 117 | Train Loss: 0.5382836 Vali Loss: 0.3675337 Test Loss: 2.2273785
EarlyStopping counter: 1 out of 5
Updating learning rate to 7.8125e-05
	iters: 100, epoch: 9 | loss: 0.6512973
	speed: 0.1723s/iter; left time: 1837.9797s
Epoch: 9 cost time: 11.325995683670044
Epoch: 9, Steps: 117 | Train Loss: 0.5337516 Vali Loss: 0.3679390 Test Loss: 2.2170260
EarlyStopping counter: 2 out of 5
Updating learning rate to 3.90625e-05
	iters: 100, epoch: 10 | loss: 0.8203574
	speed: 0.1746s/iter; left time: 1841.8372s
Epoch: 10 cost time: 11.279278993606567
Epoch: 10, Steps: 117 | Train Loss: 0.5353917 Vali Loss: 0.3649008 Test Loss: 2.2169296
Validation loss decreased (0.366435 --> 0.364901).  Saving model ...
Updating learning rate to 1.953125e-05
	iters: 100, epoch: 11 | loss: 0.2820564
	speed: 0.1750s/iter; left time: 1825.6094s
Epoch: 11 cost time: 11.325327396392822
Epoch: 11, Steps: 117 | Train Loss: 0.5333411 Vali Loss: 0.3677250 Test Loss: 2.2145813
EarlyStopping counter: 1 out of 5
Updating learning rate to 9.765625e-06
	iters: 100, epoch: 12 | loss: 0.2804855
	speed: 0.1724s/iter; left time: 1778.2669s
Epoch: 12 cost time: 11.163004636764526
Epoch: 12, Steps: 117 | Train Loss: 0.5320751 Vali Loss: 0.3670644 Test Loss: 2.2220304
EarlyStopping counter: 2 out of 5
Updating learning rate to 4.8828125e-06
	iters: 100, epoch: 13 | loss: 0.2789789
	speed: 0.1701s/iter; left time: 1734.9769s
Epoch: 13 cost time: 11.128902912139893
Epoch: 13, Steps: 117 | Train Loss: 0.5329372 Vali Loss: 0.3648287 Test Loss: 2.2180273
Validation loss decreased (0.364901 --> 0.364829).  Saving model ...
Updating learning rate to 2.44140625e-06
	iters: 100, epoch: 14 | loss: 0.4286011
	speed: 0.1727s/iter; left time: 1741.0731s
Epoch: 14 cost time: 11.21561598777771
Epoch: 14, Steps: 117 | Train Loss: 0.5367454 Vali Loss: 0.3639129 Test Loss: 2.2212470
Validation loss decreased (0.364829 --> 0.363913).  Saving model ...
Updating learning rate to 1.220703125e-06
	iters: 100, epoch: 15 | loss: 0.4719432
	speed: 0.1772s/iter; left time: 1765.1848s
Epoch: 15 cost time: 11.601357698440552
Epoch: 15, Steps: 117 | Train Loss: 0.5342460 Vali Loss: 0.3658824 Test Loss: 2.2208047
EarlyStopping counter: 1 out of 5
Updating learning rate to 6.103515625e-07
	iters: 100, epoch: 16 | loss: 0.4818073
	speed: 0.1703s/iter; left time: 1676.8179s
Epoch: 16 cost time: 11.088448286056519
Epoch: 16, Steps: 117 | Train Loss: 0.5382436 Vali Loss: 0.3655729 Test Loss: 2.2226586
EarlyStopping counter: 2 out of 5
Updating learning rate to 3.0517578125e-07
	iters: 100, epoch: 17 | loss: 0.2553569
	speed: 0.1737s/iter; left time: 1690.1184s
Epoch: 17 cost time: 11.24068546295166
Epoch: 17, Steps: 117 | Train Loss: 0.5341766 Vali Loss: 0.3698575 Test Loss: 2.2185394
EarlyStopping counter: 3 out of 5
Updating learning rate to 1.52587890625e-07
	iters: 100, epoch: 18 | loss: 0.6394321
	speed: 0.1712s/iter; left time: 1645.6529s
Epoch: 18 cost time: 11.180704832077026
Epoch: 18, Steps: 117 | Train Loss: 0.5328309 Vali Loss: 0.3622809 Test Loss: 2.2142948
Validation loss decreased (0.363913 --> 0.362281).  Saving model ...
Updating learning rate to 7.62939453125e-08
	iters: 100, epoch: 19 | loss: 0.3187309
	speed: 0.1757s/iter; left time: 1668.7011s
Epoch: 19 cost time: 11.504396915435791
Epoch: 19, Steps: 117 | Train Loss: 0.5317803 Vali Loss: 0.3643051 Test Loss: 2.2235342
EarlyStopping counter: 1 out of 5
Updating learning rate to 3.814697265625e-08
	iters: 100, epoch: 20 | loss: 0.8887593
	speed: 0.1765s/iter; left time: 1654.7493s
Epoch: 20 cost time: 11.408089399337769
Epoch: 20, Steps: 117 | Train Loss: 0.5299402 Vali Loss: 0.3621185 Test Loss: 2.2166258
Validation loss decreased (0.362281 --> 0.362119).  Saving model ...
Updating learning rate to 1.9073486328125e-08
	iters: 100, epoch: 21 | loss: 0.3761069
	speed: 0.1711s/iter; left time: 1584.7252s
Epoch: 21 cost time: 11.29266357421875
Epoch: 21, Steps: 117 | Train Loss: 0.5303473 Vali Loss: 0.3736737 Test Loss: 2.2198577
EarlyStopping counter: 1 out of 5
Updating learning rate to 9.5367431640625e-09
	iters: 100, epoch: 22 | loss: 0.8307516
	speed: 0.1767s/iter; left time: 1615.9002s
Epoch: 22 cost time: 11.756198167800903
Epoch: 22, Steps: 117 | Train Loss: 0.5309951 Vali Loss: 0.3641978 Test Loss: 2.2238066
EarlyStopping counter: 2 out of 5
Updating learning rate to 4.76837158203125e-09
	iters: 100, epoch: 23 | loss: 0.3955666
	speed: 0.1751s/iter; left time: 1580.3907s
Epoch: 23 cost time: 11.395364046096802
Epoch: 23, Steps: 117 | Train Loss: 0.5341175 Vali Loss: 0.3639167 Test Loss: 2.2167266
EarlyStopping counter: 3 out of 5
Updating learning rate to 2.384185791015625e-09
	iters: 100, epoch: 24 | loss: 0.3674481
	speed: 0.1721s/iter; left time: 1533.4948s
Epoch: 24 cost time: 11.252923965454102
Epoch: 24, Steps: 117 | Train Loss: 0.5343200 Vali Loss: 0.3704494 Test Loss: 2.2249416
EarlyStopping counter: 4 out of 5
Updating learning rate to 1.1920928955078125e-09
	iters: 100, epoch: 25 | loss: 0.3323995
	speed: 0.1734s/iter; left time: 1524.6113s
Epoch: 25 cost time: 11.562744855880737
Epoch: 25, Steps: 117 | Train Loss: 0.5330289 Vali Loss: 0.3653822 Test Loss: 2.2167962
EarlyStopping counter: 5 out of 5
Early stopping
>>>>>>>testing : anomaly_detection_SMD_ISTAD_SMD_ftM_sl96_bmhgat_kan_tcn_bs64_SMD_dual_s2025_0<<<<<<<<<<<<<<<<<<<<<<<<<<<<<<<<<
test: (708420, 38)
train: (708405, 38)
test 7457
test: (708420, 38)
train: (708405, 38)
train 7456
Percentile Threshold : 4.027672104835517
pred_raw: (715872,)
gt:      (715872,)
pred_pa: (715872,)
gt_pa:   (715872,)

============================================================
使用百分位数阈值的结果:
============================================================
Accuracy : 0.9808, Precision : 0.7297, Recall : 0.8556, F-score : 0.7877 
============================================================


使用自适应 Best F1 搜索（两阶段）
粗搜索步数: 200, 精细搜索步数: 500

============================================================
自适应 Best F1 阈值搜索（两阶段）
============================================================

分数统计信息:
  最小值: 0.008192
  最大值: 16627.359375
  均值: 1.292703
  标准差: 82.625710
  中位数: 0.132291
  第1百分位: 0.018353
  第99百分位: 10.084610

自动确定的搜索范围: [0.009177, 20.169221]

============================================================
阶段 1: 粗搜索（步数: 200）
============================================================

============================================================
开始 Best F1 阈值搜索...
============================================================
搜索范围: [0.0092, 20.1692]
搜索步数: 200
使用点调整: True
阈值: 0.1100 | F1: 0.1336 | Precision: 0.0716 | Recall: 0.9996
阈值: 2.1260 | F1: 0.7116 | Precision: 0.5957 | Recall: 0.8835
阈值: 4.1420 | F1: 0.7877 | Precision: 0.7329 | Recall: 0.8513
阈值: 6.1580 | F1: 0.7768 | Precision: 0.7622 | Recall: 0.7920
阈值: 8.1740 | F1: 0.7716 | Precision: 0.7777 | Recall: 0.7655
阈值: 10.1900 | F1: 0.7290 | Precision: 0.7754 | Recall: 0.6879
阈值: 12.2060 | F1: 0.7109 | Precision: 0.7797 | Recall: 0.6533
阈值: 14.2220 | F1: 0.7164 | Precision: 0.7944 | Recall: 0.6523
阈值: 16.2380 | F1: 0.6857 | Precision: 0.7928 | Recall: 0.6042
阈值: 18.2540 | F1: 0.6905 | Precision: 0.8065 | Recall: 0.6037

============================================================
✓ 找到最佳阈值: 4.343586
  最佳 F1: 0.7893
  Precision: 0.7377
  Recall: 0.8487
============================================================


============================================================
阶段 2: 精细搜索（步数: 500）
============================================================
在最佳阈值 4.343586 附近精细搜索
精细搜索范围: [2.327582, 6.359591]

============================================================
开始 Best F1 阈值搜索...
============================================================
搜索范围: [2.3276, 6.3596]
搜索步数: 500
使用点调整: True
阈值: 2.3356 | F1: 0.7273 | Precision: 0.6190 | Recall: 0.8815
阈值: 2.7388 | F1: 0.7471 | Precision: 0.6542 | Recall: 0.8707
阈值: 3.1420 | F1: 0.7630 | Precision: 0.6842 | Recall: 0.8623
阈值: 3.5452 | F1: 0.7767 | Precision: 0.7088 | Recall: 0.8589
阈值: 3.9484 | F1: 0.7870 | Precision: 0.7271 | Recall: 0.8576
阈值: 4.3517 | F1: 0.7895 | Precision: 0.7379 | Recall: 0.8487
阈值: 4.7549 | F1: 0.7870 | Precision: 0.7453 | Recall: 0.8337
阈值: 5.1581 | F1: 0.7830 | Precision: 0.7511 | Recall: 0.8177
阈值: 5.5613 | F1: 0.7817 | Precision: 0.7565 | Recall: 0.8087
阈值: 5.9645 | F1: 0.7773 | Precision: 0.7602 | Recall: 0.7952

============================================================
✓ 找到最佳阈值: 4.303266
  最佳 F1: 0.7903
  Precision: 0.7374
  Recall: 0.8513
============================================================


✓ 精细搜索找到更好的阈值！

============================================================
自适应搜索完成！
============================================================
最终最佳阈值: 4.303266
最佳 F1: 0.7903
Precision: 0.7374
Recall: 0.8513
============================================================

Saved Best F1 results: ./test_results/anomaly_detection_SMD_ISTAD_SMD_ftM_sl96_bmhgat_kan_tcn_bs64_SMD_dual_s2025_0/bestf1_threshold_results.json
Saved anomaly score plot: ./test_results/anomaly_detection_SMD_ISTAD_SMD_ftM_sl96_bmhgat_kan_tcn_bs64_SMD_dual_s2025_0/anomaly_score_threshold.png
Running ISTAD explainability analysis...
Saved ISTAD saliency heatmap: ./test_results/anomaly_detection_SMD_ISTAD_SMD_ftM_sl96_bmhgat_kan_tcn_bs64_SMD_dual_s2025_0/istad_saliency_heatmap.png
Saved ISTAD feature localization time-series: ./test_results/anomaly_detection_SMD_ISTAD_SMD_ftM_sl96_bmhgat_kan_tcn_bs64_SMD_dual_s2025_0/feature_localization_timeseries.csv
Saved ISTAD explainability summary: ./test_results/anomaly_detection_SMD_ISTAD_SMD_ftM_sl96_bmhgat_kan_tcn_bs64_SMD_dual_s2025_0/istad_explainability_summary.json
Saved ISTAD segment localization summary: ./test_results/anomaly_detection_SMD_ISTAD_SMD_ftM_sl96_bmhgat_kan_tcn_bs64_SMD_dual_s2025_0/segment_localization_summary.json
Saved train time summary: ./test_results/anomaly_detection_SMD_ISTAD_SMD_ftM_sl96_bmhgat_kan_tcn_bs64_SMD_dual_s2025_0/train_time_summary.json
