Using GPU
Args in experiment:
[1mBasic Config[0m
  Task Name:          anomaly_detection   Is Training:        1                   
  Model ID:           SMD                 Model:              ISTAD               
  Seed:               48                  Itr:                1                   

[1mData Loader[0m
  Data:               SMD                 Root Path:          ./dataset/SMD       
  Features:           M                   Seq Len:            100                 
  Enc In:             38                  C Out:              38                  
  Checkpoints:        ./checkpoints/      

[1mAnomaly Detection Task[0m
  Anomaly Ratio:      1.0                 

[1mISTAD Parameters[0m
  Kernel Size:        7                   Branch Mode:        hgat_kan_tcn        
  TCN Type:           kan                 
  Feat GAT Dim:       -1                  GRU Layers:         1                   
  GRU Hidden:         150                 Recon Layers:       1                   
  Recon Hidden:       150                 ISTAD Dropout:      0.2                 
  Recon Type:         kanad               KANAD Order:        4                   
  Leaky Alpha:        0.2                 H Init:             normal              
  Hyperedges:         -1                  Top-K Nodes:        -1                  
  KAN Grid:           10                  KAN Order:          3                   
  Arch:               legacy              Ablation:           full                
  Explainability:     1                   Explain Batches:    0                   
  Explain Points:     20000               Explain TopK:       10                  
  SmoothGrad:         0                   SG Samples:         20                  
  SG Noise:           0.1                 Quad Mode:          quantile            
  Quad Value:         0.75                Err Agg:            sum                 
  Sal Agg:            sum                 

[1mRun Parameters[0m
  Num Workers:        4                   Batch Size:         64                  
  Train Epochs:       100                 Patience:           5                   
  Learning Rate:      0.01                Lradj:              type1               
  Des:                SMD_dual_sl100_s48  

[1mGPU[0m
  Use GPU:            1                   GPU:                0                   
  Use Multi GPU:      0                   Devices:            0,1,2,3             

Use GPU: cuda:0
🚀 Lazy Loading: ISTAD ...
>>>>>>>start training : anomaly_detection_SMD_ISTAD_SMD_ftM_sl100_bmhgat_kan_tcn_bs64_SMD_dual_sl100_s48_0>>>>>>>>>>>>>>>>>>>>>>>>>>
test: (708420, 38)
train: (708405, 38)
train 7456
test: (708420, 38)
train: (708405, 38)
val 1491
test: (708420, 38)
train: (708405, 38)
test 7457
	iters: 100, epoch: 1 | loss: 0.5190495
	speed: 0.1612s/iter; left time: 1870.0027s
Epoch: 1 cost time: 14.47182011604309
Epoch: 1, Steps: 117 | Train Loss: 0.7913781 Vali Loss: 0.4618313 Test Loss: 2.1108310
Validation loss decreased (inf --> 0.461831).  Saving model ...
Updating learning rate to 0.01
	iters: 100, epoch: 2 | loss: 0.4187999
	speed: 0.1711s/iter; left time: 1965.3427s
Epoch: 2 cost time: 11.216172456741333
Epoch: 2, Steps: 117 | Train Loss: 0.5544488 Vali Loss: 0.3593788 Test Loss: 1.7700557
Validation loss decreased (0.461831 --> 0.359379).  Saving model ...
Updating learning rate to 0.005
	iters: 100, epoch: 3 | loss: 0.3656070
	speed: 0.1701s/iter; left time: 1933.2696s
Epoch: 3 cost time: 11.106002807617188
Epoch: 3, Steps: 117 | Train Loss: 0.4561016 Vali Loss: 0.2801007 Test Loss: 1.5789475
Validation loss decreased (0.359379 --> 0.280101).  Saving model ...
Updating learning rate to 0.0025
	iters: 100, epoch: 4 | loss: 0.2840531
	speed: 0.1714s/iter; left time: 1928.4464s
Epoch: 4 cost time: 11.232239246368408
Epoch: 4, Steps: 117 | Train Loss: 0.3766550 Vali Loss: 0.2473951 Test Loss: 1.4211866
Validation loss decreased (0.280101 --> 0.247395).  Saving model ...
Updating learning rate to 0.00125
	iters: 100, epoch: 5 | loss: 0.2648671
	speed: 0.1712s/iter; left time: 1905.5865s
Epoch: 5 cost time: 11.208444356918335
Epoch: 5, Steps: 117 | Train Loss: 0.3296341 Vali Loss: 0.2339640 Test Loss: 1.3741760
Validation loss decreased (0.247395 --> 0.233964).  Saving model ...
Updating learning rate to 0.000625
	iters: 100, epoch: 6 | loss: 0.2700898
	speed: 0.1702s/iter; left time: 1874.6525s
Epoch: 6 cost time: 11.158880710601807
Epoch: 6, Steps: 117 | Train Loss: 0.3098052 Vali Loss: 0.2293245 Test Loss: 1.3294963
Validation loss decreased (0.233964 --> 0.229325).  Saving model ...
Updating learning rate to 0.0003125
	iters: 100, epoch: 7 | loss: 0.2192592
	speed: 0.1706s/iter; left time: 1859.5840s
Epoch: 7 cost time: 11.226937055587769
Epoch: 7, Steps: 117 | Train Loss: 0.2976433 Vali Loss: 0.2263326 Test Loss: 1.3244159
Validation loss decreased (0.229325 --> 0.226333).  Saving model ...
Updating learning rate to 0.00015625
	iters: 100, epoch: 8 | loss: 0.1959678
	speed: 0.1713s/iter; left time: 1846.5018s
Epoch: 8 cost time: 11.198276042938232
Epoch: 8, Steps: 117 | Train Loss: 0.2917016 Vali Loss: 0.2235869 Test Loss: 1.3152077
Validation loss decreased (0.226333 --> 0.223587).  Saving model ...
Updating learning rate to 7.8125e-05
	iters: 100, epoch: 9 | loss: 0.2324442
	speed: 0.1713s/iter; left time: 1827.3689s
Epoch: 9 cost time: 11.28914499282837
Epoch: 9, Steps: 117 | Train Loss: 0.2896892 Vali Loss: 0.2235655 Test Loss: 1.3188373
Validation loss decreased (0.223587 --> 0.223565).  Saving model ...
Updating learning rate to 3.90625e-05
	iters: 100, epoch: 10 | loss: 0.1959468
	speed: 0.1714s/iter; left time: 1808.1886s
Epoch: 10 cost time: 11.24316930770874
Epoch: 10, Steps: 117 | Train Loss: 0.2904449 Vali Loss: 0.2216104 Test Loss: 1.3129238
Validation loss decreased (0.223565 --> 0.221610).  Saving model ...
Updating learning rate to 1.953125e-05
	iters: 100, epoch: 11 | loss: 0.2576461
	speed: 0.1712s/iter; left time: 1785.8385s
Epoch: 11 cost time: 11.247849464416504
Epoch: 11, Steps: 117 | Train Loss: 0.2869569 Vali Loss: 0.2247987 Test Loss: 1.3173843
EarlyStopping counter: 1 out of 5
Updating learning rate to 9.765625e-06
	iters: 100, epoch: 12 | loss: 0.2348337
	speed: 0.1724s/iter; left time: 1778.0917s
Epoch: 12 cost time: 11.3266019821167
Epoch: 12, Steps: 117 | Train Loss: 0.2866119 Vali Loss: 0.2234577 Test Loss: 1.3177402
EarlyStopping counter: 2 out of 5
Updating learning rate to 4.8828125e-06
	iters: 100, epoch: 13 | loss: 0.2618449
	speed: 0.1710s/iter; left time: 1744.1922s
Epoch: 13 cost time: 11.193183422088623
Epoch: 13, Steps: 117 | Train Loss: 0.2870407 Vali Loss: 0.2235909 Test Loss: 1.3156916
EarlyStopping counter: 3 out of 5
Updating learning rate to 2.44140625e-06
	iters: 100, epoch: 14 | loss: 0.2217799
	speed: 0.1701s/iter; left time: 1714.9259s
Epoch: 14 cost time: 11.156806707382202
Epoch: 14, Steps: 117 | Train Loss: 0.2891482 Vali Loss: 0.2197683 Test Loss: 1.3148934
Validation loss decreased (0.221610 --> 0.219768).  Saving model ...
Updating learning rate to 1.220703125e-06
	iters: 100, epoch: 15 | loss: 0.2260572
	speed: 0.1712s/iter; left time: 1705.6939s
Epoch: 15 cost time: 11.298041820526123
Epoch: 15, Steps: 117 | Train Loss: 0.2862466 Vali Loss: 0.2242418 Test Loss: 1.3174898
EarlyStopping counter: 1 out of 5
Updating learning rate to 6.103515625e-07
	iters: 100, epoch: 16 | loss: 0.1845395
	speed: 0.1712s/iter; left time: 1685.4971s
Epoch: 16 cost time: 11.207231998443604
Epoch: 16, Steps: 117 | Train Loss: 0.2857825 Vali Loss: 0.2231809 Test Loss: 1.3177131
EarlyStopping counter: 2 out of 5
Updating learning rate to 3.0517578125e-07
	iters: 100, epoch: 17 | loss: 0.1495902
	speed: 0.1707s/iter; left time: 1661.1559s
Epoch: 17 cost time: 11.239968061447144
Epoch: 17, Steps: 117 | Train Loss: 0.2855347 Vali Loss: 0.2244802 Test Loss: 1.3121048
EarlyStopping counter: 3 out of 5
Updating learning rate to 1.52587890625e-07
	iters: 100, epoch: 18 | loss: 0.2976580
	speed: 0.1719s/iter; left time: 1652.2433s
Epoch: 18 cost time: 11.239469289779663
Epoch: 18, Steps: 117 | Train Loss: 0.2871091 Vali Loss: 0.2226377 Test Loss: 1.3150759
EarlyStopping counter: 4 out of 5
Updating learning rate to 7.62939453125e-08
	iters: 100, epoch: 19 | loss: 0.1689900
	speed: 0.1707s/iter; left time: 1620.5304s
Epoch: 19 cost time: 11.238624334335327
Epoch: 19, Steps: 117 | Train Loss: 0.2863778 Vali Loss: 0.2232364 Test Loss: 1.3143951
EarlyStopping counter: 5 out of 5
Early stopping
>>>>>>>testing : anomaly_detection_SMD_ISTAD_SMD_ftM_sl100_bmhgat_kan_tcn_bs64_SMD_dual_sl100_s48_0<<<<<<<<<<<<<<<<<<<<<<<<<<<<<<<<<
test: (708420, 38)
train: (708405, 38)
test 7457
test: (708420, 38)
train: (708405, 38)
train 7456
Percentile Threshold : 2.183275
pred_raw: (745700,)
gt:      (745700,)
pred_pa: (745700,)
gt_pa:   (745700,)

============================================================
使用百分位数阈值的结果:
============================================================
Accuracy : 0.9840, Precision : 0.7835, Recall : 0.8510, F-score : 0.8159 
============================================================


使用自适应 Best F1 搜索（两阶段）
粗搜索步数: 200, 精细搜索步数: 500

============================================================
自适应 Best F1 阈值搜索（两阶段）
============================================================

分数统计信息:
  最小值: 0.004011
  最大值: 11612.274414
  均值: 0.692871
  标准差: 48.767757
  中位数: 0.083308
  第1百分位: 0.012355
  第99百分位: 2.821290

自动确定的搜索范围: [0.006177, 5.642581]

============================================================
阶段 1: 粗搜索（步数: 200）
============================================================

============================================================
开始 Best F1 阈值搜索...
============================================================
搜索范围: [0.0062, 5.6426]
搜索步数: 200
使用点调整: True
阈值: 0.0344 | F1: 0.1007 | Precision: 0.0530 | Recall: 0.9998
阈值: 0.5980 | F1: 0.5289 | Precision: 0.3609 | Recall: 0.9894
阈值: 1.1616 | F1: 0.7046 | Precision: 0.5719 | Recall: 0.9175
阈值: 1.7253 | F1: 0.7804 | Precision: 0.7109 | Recall: 0.8651
阈值: 2.2889 | F1: 0.8211 | Precision: 0.7970 | Recall: 0.8469
阈值: 2.8526 | F1: 0.8523 | Precision: 0.8647 | Recall: 0.8401
阈值: 3.4162 | F1: 0.8532 | Precision: 0.9052 | Recall: 0.8068
阈值: 3.9798 | F1: 0.8431 | Precision: 0.9225 | Recall: 0.7763
阈值: 4.5435 | F1: 0.8217 | Precision: 0.9323 | Recall: 0.7346
阈值: 5.1071 | F1: 0.8079 | Precision: 0.9383 | Recall: 0.7094

============================================================
✓ 找到最佳阈值: 3.331655
  最佳 F1: 0.8651
  Precision: 0.9031
  Recall: 0.8301
============================================================


============================================================
阶段 2: 精细搜索（步数: 500）
============================================================
在最佳阈值 3.331655 附近精细搜索
精细搜索范围: [2.768015, 3.895296]

============================================================
开始 Best F1 阈值搜索...
============================================================
搜索范围: [2.7680, 3.8953]
搜索步数: 500
使用点调整: True
阈值: 2.7703 | F1: 0.8490 | Precision: 0.8559 | Recall: 0.8422
阈值: 2.8830 | F1: 0.8539 | Precision: 0.8681 | Recall: 0.8401
阈值: 2.9957 | F1: 0.8585 | Precision: 0.8791 | Recall: 0.8389
阈值: 3.1085 | F1: 0.8617 | Precision: 0.8884 | Recall: 0.8365
阈值: 3.2212 | F1: 0.8619 | Precision: 0.8960 | Recall: 0.8304
阈值: 3.3339 | F1: 0.8651 | Precision: 0.9033 | Recall: 0.8301
阈值: 3.4466 | F1: 0.8537 | Precision: 0.9064 | Recall: 0.8067
阈值: 3.5594 | F1: 0.8530 | Precision: 0.9104 | Recall: 0.8024
阈值: 3.6721 | F1: 0.8546 | Precision: 0.9148 | Recall: 0.8019
阈值: 3.7848 | F1: 0.8517 | Precision: 0.9181 | Recall: 0.7943

============================================================
✓ 找到最佳阈值: 3.340673
  最佳 F1: 0.8652
  Precision: 0.9034
  Recall: 0.8301
============================================================


✓ 精细搜索找到更好的阈值！

============================================================
自适应搜索完成！
============================================================
最终最佳阈值: 3.340673
最佳 F1: 0.8652
Precision: 0.9034
Recall: 0.8301
============================================================

Saved Best F1 results: ./test_results/anomaly_detection_SMD_ISTAD_SMD_ftM_sl100_bmhgat_kan_tcn_bs64_SMD_dual_sl100_s48_0/bestf1_threshold_results.json
Saved anomaly score plot: ./test_results/anomaly_detection_SMD_ISTAD_SMD_ftM_sl100_bmhgat_kan_tcn_bs64_SMD_dual_sl100_s48_0/anomaly_score_threshold.png
Running ISTAD explainability analysis...
Saved ISTAD saliency heatmap: ./test_results/anomaly_detection_SMD_ISTAD_SMD_ftM_sl100_bmhgat_kan_tcn_bs64_SMD_dual_sl100_s48_0/istad_saliency_heatmap.png
Saved ISTAD feature localization time-series: ./test_results/anomaly_detection_SMD_ISTAD_SMD_ftM_sl100_bmhgat_kan_tcn_bs64_SMD_dual_sl100_s48_0/feature_localization_timeseries.csv
Saved ISTAD explainability summary: ./test_results/anomaly_detection_SMD_ISTAD_SMD_ftM_sl100_bmhgat_kan_tcn_bs64_SMD_dual_sl100_s48_0/istad_explainability_summary.json
Saved ISTAD segment localization summary: ./test_results/anomaly_detection_SMD_ISTAD_SMD_ftM_sl100_bmhgat_kan_tcn_bs64_SMD_dual_sl100_s48_0/segment_localization_summary.json
Saved train time summary: ./test_results/anomaly_detection_SMD_ISTAD_SMD_ftM_sl100_bmhgat_kan_tcn_bs64_SMD_dual_sl100_s48_0/train_time_summary.json
