=== preparing frozen Stage C v2 inputs: EXA ===
test: (52844, 19)
train: (70584, 19)
test: (52844, 19)
train: (70584, 19)
test: (52844, 19)
train: (70584, 19)
EXA: forwarding seed 87
EXA: forwarding seed 90
EXA: forwarding seed 98
EXA: permutation-invariant comparison 87-90
EXA: permutation-invariant comparison 87-98
EXA: permutation-invariant comparison 90-98
=== preparing frozen Stage C v2 inputs: PSM ===
test: (87841, 25)
train: (105984, 25)
test: (87841, 25)
train: (105984, 25)
test: (87841, 25)
train: (105984, 25)
PSM: forwarding seed 87
PSM: forwarding seed 90
PSM: forwarding seed 98
PSM: permutation-invariant comparison 87-90
PSM: permutation-invariant comparison 87-98
PSM: permutation-invariant comparison 90-98
=== preparing frozen Stage C v2 inputs: SMD ===
test: (708420, 38)
train: (566713, 38)
SMD entity-aware windows: 5892
test: (708420, 38)
train: (566713, 38)
SMD entity-aware windows: 1462
test: (708420, 38)
train: (566713, 38)
SMD entity-aware windows: 7360
SMD: forwarding seed 87
SMD: forwarding seed 90
SMD: forwarding seed 98
SMD: permutation-invariant comparison 87-90
SMD: permutation-invariant comparison 87-98
SMD: permutation-invariant comparison 90-98
=== preparing frozen Stage C v2 inputs: SWAT ===
test: (449919, 51)
train: (396000, 51)
test: (449919, 51)
train: (396000, 51)
test: (449919, 51)
train: (396000, 51)
SWAT: forwarding seed 87
SWAT: forwarding seed 90
SWAT: forwarding seed 98
SWAT: permutation-invariant comparison 87-90
SWAT: permutation-invariant comparison 87-98
SWAT: permutation-invariant comparison 90-98
Stage C v2 result: /data/modeluse/TS/ISTAD-release/analysis/v4hg_interpretability/stage_c_v2/stability_v2.json
