Use GPU: cuda:0
🚀 Lazy Loading: ISTAD ...
test: (87841, 25)
train: (132481, 25)
TEST 1372
test: (87841, 25)
train: (132481, 25)
train 132418
[dump] PSM s98  n=87808  anom_frac=0.2774  ROC=0.6069  -> /data/modeluse/TS/vus_diag/istad_scores/PSM_s98_revin.npz
Use GPU: cuda:0
🚀 Lazy Loading: ISTAD ...
test: (87841, 25)
train: (132481, 25)
TEST 1372
test: (87841, 25)
train: (132481, 25)
test errors: (87808, 25)
train errors: (132480, 25)
regression maxdelta vs istad_scores: 0.000000
[dump] -> /data/modeluse/TS/vus_diag/istad_perfeat/PSM_s98_revin.npz
