Using GPU
Args in experiment:
[1mBasic Config[0m
  Task Name:          anomaly_detection   Is Training:        0                   
  Model ID:           PSM                 Model:              ISTAD               
  Seed:               2021                Itr:                1                   
  Setting Override:   anomaly_detection_PSM_ISTAD_PSM_ftM_sl100_bmhgat_kan_tcn_bs64_PSM_g10_dual_sl100_s2021_0

[1mData Loader[0m
  Data:               PSM                 Root Path:          ./dataset/PSM       
  Features:           M                   Seq Len:            100                 
  Enc In:             25                  C Out:              25                  
  Checkpoints:        ./checkpoints/      

[1mAnomaly Detection Task[0m
  Anomaly Ratio:      1.0                 

[1mISTAD Parameters[0m
  Kernel Size:        7                   Branch Mode:        hgat_kan_tcn        
  TCN Type:           kan                 
  Feat GAT Dim:       -1                  GRU Layers:         1                   
  GRU Hidden:         150                 Recon Layers:       1                   
  Recon Hidden:       150                 ISTAD Dropout:      0.3                 
  Recon Type:         kanad               KANAD Order:        6                   
  Leaky Alpha:        0.2                 H Init:             normal              
  Hyperedges:         -1                  Top-K Nodes:        -1                  
  KAN Grid:           10                  KAN Order:          3                   
  Arch:               legacy              Ablation:           full                
  Explainability:     1                   Explain Batches:    0                   
  Explain Points:     20000               Explain TopK:       10                  
  SmoothGrad:         0                   SG Samples:         20                  
  SG Noise:           0.1                 Quad Mode:          quantile            
  Quad Value:         0.75                Err Agg:            sum                 
  Sal Agg:            sum                 

[1mRun Parameters[0m
  Num Workers:        4                   Batch Size:         64                  
  Train Epochs:       3                   Patience:           3                   
  Learning Rate:      0.01                Lradj:              type1               
  Des:                PSM_g10_dual_sl100_s2021

[1mGPU[0m
  Use GPU:            1                   GPU:                0                   
  Use Multi GPU:      0                   Devices:            0,1,2,3             

Use GPU: cuda:0
🚀 Lazy Loading: ISTAD ...
>>>>>>>testing : anomaly_detection_PSM_ISTAD_PSM_ftM_sl100_bmhgat_kan_tcn_bs64_PSM_g10_dual_sl100_s2021_0<<<<<<<<<<<<<<<<<<<<<<<<<<<<<<<<<
test: (87841, 25)
train: (132481, 25)
test 87742
test: (87841, 25)
train: (132481, 25)
train 132382
loading model
Percentile Threshold : 0.62375915
pred_raw: (8774200,)
gt:      (8774200,)
pred_pa: (8774200,)
gt_pa:   (8774200,)

============================================================
使用百分位数阈值的结果:
============================================================
Accuracy : 0.9596, Precision : 0.9753, Recall : 0.8766, F-score : 0.9234 
============================================================


使用自适应 Best F1 搜索（两阶段）
粗搜索步数: 200, 精细搜索步数: 500

============================================================
自适应 Best F1 阈值搜索（两阶段）
============================================================

分数统计信息:
  最小值: 0.000416
  最大值: 510.933380
  均值: 0.116312
  标准差: 0.501095
  中位数: 0.021165
  第1百分位: 0.002414
  第99百分位: 0.683366

自动确定的搜索范围: [0.001207, 1.366731]

============================================================
阶段 1: 粗搜索（步数: 200）
============================================================

============================================================
开始 Best F1 阈值搜索...
============================================================
搜索范围: [0.0012, 1.3667]
搜索步数: 200
使用点调整: True
阈值: 0.0080 | F1: 0.4980 | Precision: 0.3316 | Recall: 0.9997
阈值: 0.1446 | F1: 0.8023 | Precision: 0.6921 | Recall: 0.9543
阈值: 0.2811 | F1: 0.8023 | Precision: 0.7048 | Recall: 0.9312
阈值: 0.4177 | F1: 0.8666 | Precision: 0.8229 | Recall: 0.9153
阈值: 0.5542 | F1: 0.9242 | Precision: 0.9614 | Recall: 0.8897
阈值: 0.6908 | F1: 0.9303 | Precision: 0.9919 | Recall: 0.8760
阈值: 0.8273 | F1: 0.9139 | Precision: 0.9992 | Recall: 0.8420
阈值: 0.9639 | F1: 0.9134 | Precision: 0.9997 | Recall: 0.8409
阈值: 1.1005 | F1: 0.9130 | Precision: 0.9998 | Recall: 0.8401
阈值: 1.2370 | F1: 0.8903 | Precision: 0.9998 | Recall: 0.8023

============================================================
✓ 找到最佳阈值: 0.745418
  最佳 F1: 0.9323
  Precision: 0.9977
  Recall: 0.8750
============================================================


============================================================
阶段 2: 精细搜索（步数: 500）
============================================================
在最佳阈值 0.745418 附近精细搜索
精细搜索范围: [0.608865, 0.881970]

============================================================
开始 Best F1 阈值搜索...
============================================================
搜索范围: [0.6089, 0.8820]
搜索步数: 500
使用点调整: True
阈值: 0.6094 | F1: 0.9217 | Precision: 0.9717 | Recall: 0.8767
阈值: 0.6367 | F1: 0.9249 | Precision: 0.9790 | Recall: 0.8765
阈值: 0.6640 | F1: 0.9279 | Precision: 0.9862 | Recall: 0.8761
