Using GPU
Args in experiment:
[1mBasic Config[0m
  Task Name:          anomaly_detection   Is Training:        1                   
  Model ID:           PSM                 Model:              ISTAD               
  Seed:               90                  Itr:                1                   

[1mData Loader[0m
  Data:               PSM                 Root Path:          ./dataset/PSM       
  Features:           M                   Seq Len:            100                 
  Enc In:             25                  C Out:              25                  
  Checkpoints:        ./checkpoints/      

[1mAnomaly Detection Task[0m
  Anomaly Ratio:      1.0                 

[1mISTAD Parameters[0m
  Kernel Size:        7                   Branch Mode:        hgat_kan_tcn        
  TCN Type:           kan                 
  Feat GAT Dim:       -1                  GRU Layers:         1                   
  GRU Hidden:         150                 Recon Layers:       1                   
  Recon Hidden:       150                 ISTAD Dropout:      0.3                 
  Recon Type:         kanad               KANAD Order:        6                   
  Leaky Alpha:        0.2                 H Init:             normal              
  Hyperedges:         -1                  Top-K Nodes:        -1                  
  KAN Grid:           10                  KAN Order:          3                   
  Arch:               legacy              Ablation:           full                
  Explainability:     1                   Explain Batches:    0                   
  Explain Points:     20000               Explain TopK:       10                  
  SmoothGrad:         0                   SG Samples:         20                  
  SG Noise:           0.1                 Quad Mode:          quantile            
  Quad Value:         0.75                Err Agg:            sum                 
  Sal Agg:            sum                 

[1mRun Parameters[0m
  Num Workers:        4                   Batch Size:         64                  
  Train Epochs:       3                   Patience:           5                   
  Learning Rate:      0.01                Lradj:              type1               
  Des:                PSM_g10_dual_sl100_s90

[1mGPU[0m
  Use GPU:            1                   GPU:                0                   
  Use Multi GPU:      0                   Devices:            0,1,2,3             

Use GPU: cuda:0
🚀 Lazy Loading: ISTAD ...
>>>>>>>start training : anomaly_detection_PSM_ISTAD_PSM_ftM_sl100_bmhgat_kan_tcn_bs64_PSM_g10_dual_sl100_s90_0>>>>>>>>>>>>>>>>>>>>>>>>>>
test: (87841, 25)
train: (132481, 25)
train 132382
test: (87841, 25)
train: (132481, 25)
val 26398
test: (87841, 25)
train: (132481, 25)
test 87742
	iters: 100, epoch: 1 | loss: 0.3549587
	speed: 0.0899s/iter; left time: 549.3061s
	iters: 200, epoch: 1 | loss: 0.2985431
	speed: 0.0675s/iter; left time: 405.2468s
	iters: 300, epoch: 1 | loss: 0.2251363
	speed: 0.0674s/iter; left time: 398.2319s
	iters: 400, epoch: 1 | loss: 0.1419533
	speed: 0.0673s/iter; left time: 391.1604s
	iters: 500, epoch: 1 | loss: 0.1227551
	speed: 0.0674s/iter; left time: 384.6955s
	iters: 600, epoch: 1 | loss: 0.1337370
	speed: 0.0674s/iter; left time: 378.2473s
	iters: 700, epoch: 1 | loss: 0.0776104
	speed: 0.0675s/iter; left time: 371.6930s
	iters: 800, epoch: 1 | loss: 0.1019647
	speed: 0.0675s/iter; left time: 365.2542s
	iters: 900, epoch: 1 | loss: 0.1581638
	speed: 0.0790s/iter; left time: 419.3228s
	iters: 1000, epoch: 1 | loss: 0.0948635
	speed: 0.0920s/iter; left time: 479.1707s
	iters: 1100, epoch: 1 | loss: 0.0750893
	speed: 0.0929s/iter; left time: 474.7448s
	iters: 1200, epoch: 1 | loss: 0.0641701
	speed: 0.0908s/iter; left time: 454.6966s
	iters: 1300, epoch: 1 | loss: 0.0470923
	speed: 0.0907s/iter; left time: 445.3150s
	iters: 1400, epoch: 1 | loss: 0.0720884
	speed: 0.0906s/iter; left time: 435.3904s
	iters: 1500, epoch: 1 | loss: 0.0368944
	speed: 0.0904s/iter; left time: 425.7400s
	iters: 1600, epoch: 1 | loss: 0.0377911
	speed: 0.0911s/iter; left time: 419.8556s
	iters: 1700, epoch: 1 | loss: 0.0318366
	speed: 0.0910s/iter; left time: 410.1327s
	iters: 1800, epoch: 1 | loss: 0.1194185
	speed: 0.0904s/iter; left time: 398.3488s
	iters: 1900, epoch: 1 | loss: 0.0749016
	speed: 0.0920s/iter; left time: 396.3069s
	iters: 2000, epoch: 1 | loss: 0.0519347
	speed: 0.0925s/iter; left time: 389.0304s
Epoch: 1 cost time: 170.02733492851257
Epoch: 1, Steps: 2069 | Train Loss: 0.1313838 Vali Loss: 0.0433981 Test Loss: 0.1252184
Validation loss decreased (inf --> 0.043398).  Saving model ...
Updating learning rate to 0.01
	iters: 100, epoch: 2 | loss: 0.0584941
	speed: 0.6077s/iter; left time: 2454.5399s
	iters: 200, epoch: 2 | loss: 0.0275553
	speed: 0.0839s/iter; left time: 330.4850s
	iters: 300, epoch: 2 | loss: 0.0499531
	speed: 0.0926s/iter; left time: 355.4139s
	iters: 400, epoch: 2 | loss: 0.0218839
	speed: 0.0930s/iter; left time: 347.5837s
	iters: 500, epoch: 2 | loss: 0.0201339
	speed: 0.0924s/iter; left time: 336.3325s
	iters: 600, epoch: 2 | loss: 0.0342937
	speed: 0.0930s/iter; left time: 329.2219s
	iters: 700, epoch: 2 | loss: 0.0190727
	speed: 0.0923s/iter; left time: 317.4021s
	iters: 800, epoch: 2 | loss: 0.0235297
	speed: 0.0753s/iter; left time: 251.5130s
	iters: 900, epoch: 2 | loss: 0.0187068
	speed: 0.0675s/iter; left time: 218.7241s
	iters: 1000, epoch: 2 | loss: 0.0168452
	speed: 0.0676s/iter; left time: 212.0803s
	iters: 1100, epoch: 2 | loss: 0.0186330
	speed: 0.0677s/iter; left time: 205.5942s
	iters: 1200, epoch: 2 | loss: 0.0188016
	speed: 0.0679s/iter; left time: 199.4930s
	iters: 1300, epoch: 2 | loss: 0.0281701
	speed: 0.0688s/iter; left time: 195.3176s
	iters: 1400, epoch: 2 | loss: 0.0202318
	speed: 0.0723s/iter; left time: 197.9479s
	iters: 1500, epoch: 2 | loss: 0.0190486
	speed: 0.0734s/iter; left time: 193.8085s
	iters: 1600, epoch: 2 | loss: 0.0250291
	speed: 0.0748s/iter; left time: 189.8534s
	iters: 1700, epoch: 2 | loss: 0.0252767
	speed: 0.0683s/iter; left time: 166.6092s
	iters: 1800, epoch: 2 | loss: 0.0202242
	speed: 0.0678s/iter; left time: 158.6790s
	iters: 1900, epoch: 2 | loss: 0.0216230
	speed: 0.0677s/iter; left time: 151.5577s
	iters: 2000, epoch: 2 | loss: 0.0144180
	speed: 0.0679s/iter; left time: 145.1945s
Epoch: 2 cost time: 157.16222047805786
Epoch: 2, Steps: 2069 | Train Loss: 0.0278045 Vali Loss: 0.0255397 Test Loss: 0.0844408
Validation loss decreased (0.043398 --> 0.025540).  Saving model ...
Updating learning rate to 0.005
	iters: 100, epoch: 3 | loss: 0.0222212
	speed: 0.5917s/iter; left time: 1165.7112s
	iters: 200, epoch: 3 | loss: 0.0165550
	speed: 0.0676s/iter; left time: 126.4934s
	iters: 300, epoch: 3 | loss: 0.0209262
	speed: 0.0676s/iter; left time: 119.6273s
	iters: 400, epoch: 3 | loss: 0.0248016
	speed: 0.0676s/iter; left time: 112.8780s
	iters: 500, epoch: 3 | loss: 0.0207720
	speed: 0.0677s/iter; left time: 106.2195s
	iters: 600, epoch: 3 | loss: 0.0289564
	speed: 0.0676s/iter; left time: 99.4409s
	iters: 700, epoch: 3 | loss: 0.0127619
	speed: 0.0677s/iter; left time: 92.6806s
	iters: 800, epoch: 3 | loss: 0.0113200
	speed: 0.0676s/iter; left time: 85.9098s
	iters: 900, epoch: 3 | loss: 0.0119478
	speed: 0.0676s/iter; left time: 79.1362s
	iters: 1000, epoch: 3 | loss: 0.0119858
	speed: 0.0676s/iter; left time: 72.3412s
	iters: 1100, epoch: 3 | loss: 0.0153643
	speed: 0.0676s/iter; left time: 65.5652s
	iters: 1200, epoch: 3 | loss: 0.0224063
	speed: 0.0676s/iter; left time: 58.8519s
	iters: 1300, epoch: 3 | loss: 0.0124102
	speed: 0.0676s/iter; left time: 52.0850s
	iters: 1400, epoch: 3 | loss: 0.0219488
	speed: 0.0676s/iter; left time: 45.3140s
	iters: 1500, epoch: 3 | loss: 0.0107688
	speed: 0.0676s/iter; left time: 38.5398s
	iters: 1600, epoch: 3 | loss: 0.0226045
	speed: 0.0677s/iter; left time: 31.8063s
	iters: 1700, epoch: 3 | loss: 0.0128253
	speed: 0.0676s/iter; left time: 25.0182s
	iters: 1800, epoch: 3 | loss: 0.0132840
	speed: 0.0677s/iter; left time: 18.2668s
	iters: 1900, epoch: 3 | loss: 0.0172023
	speed: 0.0677s/iter; left time: 11.5014s
	iters: 2000, epoch: 3 | loss: 0.0236019
	speed: 0.0677s/iter; left time: 4.7379s
Epoch: 3 cost time: 140.25396871566772
Epoch: 3, Steps: 2069 | Train Loss: 0.0193794 Vali Loss: 0.0204872 Test Loss: 0.0643371
Validation loss decreased (0.025540 --> 0.020487).  Saving model ...
Updating learning rate to 0.0025
>>>>>>>testing : anomaly_detection_PSM_ISTAD_PSM_ftM_sl100_bmhgat_kan_tcn_bs64_PSM_g10_dual_sl100_s90_0<<<<<<<<<<<<<<<<<<<<<<<<<<<<<<<<<
test: (87841, 25)
train: (132481, 25)
test 87742
test: (87841, 25)
train: (132481, 25)
train 132382
Percentile Threshold : 0.34692433595657857
pred_raw: (8774200,)
gt:      (8774200,)
pred_pa: (8774200,)
gt_pa:   (8774200,)

============================================================
使用百分位数阈值的结果:
============================================================
Accuracy : 0.9672, Precision : 0.9667, Recall : 0.9130, F-score : 0.9391 
============================================================


使用自适应 Best F1 搜索（两阶段）
粗搜索步数: 200, 精细搜索步数: 500

============================================================
自适应 Best F1 阈值搜索（两阶段）
============================================================

分数统计信息:
  最小值: 0.000302
  最大值: 518.323486
  均值: 0.057712
  标准差: 0.510451
  中位数: 0.016664
  第1百分位: 0.001659
  第99百分位: 0.479333

自动确定的搜索范围: [0.000829, 0.958667]

============================================================
阶段 1: 粗搜索（步数: 200）
============================================================

============================================================
开始 Best F1 阈值搜索...
============================================================
搜索范围: [0.0008, 0.9587]
搜索步数: 200
使用点调整: True
阈值: 0.0056 | F1: 0.4919 | Precision: 0.3262 | Recall: 0.9999
阈值: 0.1014 | F1: 0.8532 | Precision: 0.7691 | Recall: 0.9580
阈值: 0.1972 | F1: 0.9243 | Precision: 0.9228 | Recall: 0.9259
阈值: 0.2930 | F1: 0.9387 | Precision: 0.9643 | Recall: 0.9144
阈值: 0.3888 | F1: 0.9353 | Precision: 0.9699 | Recall: 0.9031
阈值: 0.4845 | F1: 0.9451 | Precision: 0.9926 | Recall: 0.9020
阈值: 0.5803 | F1: 0.9401 | Precision: 0.9992 | Recall: 0.8876
阈值: 0.6761 | F1: 0.9162 | Precision: 0.9994 | Recall: 0.8458
阈值: 0.7719 | F1: 0.9161 | Precision: 0.9995 | Recall: 0.8456
阈值: 0.8677 | F1: 0.9157 | Precision: 0.9995 | Recall: 0.8449

============================================================
✓ 找到最佳阈值: 0.537218
  最佳 F1: 0.9473
  Precision: 0.9983
  Recall: 0.9013
============================================================


============================================================
阶段 2: 精细搜索（步数: 500）
============================================================
在最佳阈值 0.537218 附近精细搜索
精细搜索范围: [0.441435, 0.633002]

============================================================
开始 Best F1 阈值搜索...
============================================================
搜索范围: [0.4414, 0.6330]
搜索步数: 500
使用点调整: True
阈值: 0.4418 | F1: 0.9400 | Precision: 0.9811 | Recall: 0.9023
阈值: 0.4610 | F1: 0.9425 | Precision: 0.9867 | Recall: 0.9021
阈值: 0.4801 | F1: 0.9447 | Precision: 0.9917 | Recall: 0.9020
阈值: 0.4993 | F1: 0.9462 | Precision: 0.9952 | Recall: 0.9018
阈值: 0.5184 | F1: 0.9470 | Precision: 0.9973 | Recall: 0.9015
阈值: 0.5376 | F1: 0.9473 | Precision: 0.9983 | Recall: 0.9013
阈值: 0.5568 | F1: 0.9401 | Precision: 0.9989 | Recall: 0.8878
阈值: 0.5759 | F1: 0.9401 | Precision: 0.9992 | Recall: 0.8876
阈值: 0.5951 | F1: 0.9399 | Precision: 0.9993 | Recall: 0.8872
阈值: 0.6142 | F1: 0.9334 | Precision: 0.9993 | Recall: 0.8756

============================================================
✓ 找到最佳阈值: 0.538368
  最佳 F1: 0.9473
  Precision: 0.9984
  Recall: 0.9013
============================================================


✓ 精细搜索找到更好的阈值！

============================================================
自适应搜索完成！
============================================================
最终最佳阈值: 0.538368
最佳 F1: 0.9473
Precision: 0.9984
Recall: 0.9013
============================================================

Saved Best F1 results: ./test_results/anomaly_detection_PSM_ISTAD_PSM_ftM_sl100_bmhgat_kan_tcn_bs64_PSM_g10_dual_sl100_s90_0/bestf1_threshold_results.json
Saved anomaly score plot: ./test_results/anomaly_detection_PSM_ISTAD_PSM_ftM_sl100_bmhgat_kan_tcn_bs64_PSM_g10_dual_sl100_s90_0/anomaly_score_threshold.png
Running ISTAD explainability analysis...
Saved ISTAD saliency heatmap: ./test_results/anomaly_detection_PSM_ISTAD_PSM_ftM_sl100_bmhgat_kan_tcn_bs64_PSM_g10_dual_sl100_s90_0/istad_saliency_heatmap.png
Saved ISTAD feature localization time-series: ./test_results/anomaly_detection_PSM_ISTAD_PSM_ftM_sl100_bmhgat_kan_tcn_bs64_PSM_g10_dual_sl100_s90_0/feature_localization_timeseries.csv
Saved ISTAD explainability summary: ./test_results/anomaly_detection_PSM_ISTAD_PSM_ftM_sl100_bmhgat_kan_tcn_bs64_PSM_g10_dual_sl100_s90_0/istad_explainability_summary.json
Saved ISTAD segment localization summary: ./test_results/anomaly_detection_PSM_ISTAD_PSM_ftM_sl100_bmhgat_kan_tcn_bs64_PSM_g10_dual_sl100_s90_0/segment_localization_summary.json
Saved train time summary: ./test_results/anomaly_detection_PSM_ISTAD_PSM_ftM_sl100_bmhgat_kan_tcn_bs64_PSM_g10_dual_sl100_s90_0/train_time_summary.json
