s48   gate=0.762 [sl100] A=0.7432 C=0.8053 D=0.8840 ROC=0.8377 AP=0.7397 | [sl96] C=0.8061 D=0.8710 ROC=0.8422 AP=0.7362
s89   gate=0.762 [sl100] A=0.7557 C=0.8171 D=0.8461 ROC=0.8350 AP=0.7333 | [sl96] C=0.8193 D=0.8714 ROC=0.8310 AP=0.7250
s2021 gate=0.767 [sl100] A=0.0109 C=0.8175 D=0.8780 ROC=0.8451 AP=0.7268 | [sl96] C=0.8120 D=0.8641 ROC=0.8507 AP=0.7338

===== SWAT gated：sl100 vs sl96（同管线配对）3 种子 mean±std =====
A    sl100=0.5033±0.3482  sl96=0.2583±0.3516
C    sl100=0.8133±0.0057  sl96=0.8125±0.0054
D    sl100=0.8694±0.0167  sl96=0.8689±0.0034
ROC  sl100=0.8393±0.0043  sl96=0.8413±0.0081
AP   sl100=0.7332±0.0053  sl96=0.7317±0.0048

[sl96 回归校验] 现行采纳行 SWAT_REF={'A': 0.2583, 'C': 0.8125, 'D': 0.8689, 'ROC': 0.8413, 'AP': 0.7317}
  A    0.2583 vs ref 0.2583  OK
  C    0.8125 vs ref 0.8125  OK
  D    0.8689 vs ref 0.8689  OK
  ROC  0.8413 vs ref 0.8413  OK
  AP   0.7317 vs ref 0.7317  OK

===== SWAT 预注册判定（sl100 3 种子 mean，四条全过才采纳）=====
  D    0.8694 < 0.8764  ✗
  C    0.8133 ≥ 0.8075  ✓
  AP   0.7332 ≥ 0.73  ✓
  ROC  0.8393 < 0.84  ✗

SWAT 判定: KEEP sl96（SWAT seq_len 轴关闭；负结果入素材）
