===== RevIN seed 87 =====
loaded istad_perfeat/PSM_s87_revin.npz: test_err (87808, 25), train_err (132480, 25), anom_frac=0.2774
zone(f3>3): 65 pts, normal 37, anom 28

variant          bf+PA      P      R        th  hit/seg    ROC     AP    np90    np99
mean            0.9803 0.9638 0.9973    0.0505  55/72   0.5666 0.3430   0.012   0.067
median          0.9749 0.9631 0.9870    0.0091  29/72   0.5245 0.2981   0.001   0.011
trim1           0.9755 0.9573 0.9945    0.0235  50/72   0.5593 0.3364   0.007   0.032
trim2           0.9790 0.9663 0.9920    0.0185  42/72   0.5545 0.3298   0.004   0.021
zmean           0.9750 0.9694 0.9806    0.6865  48/72   0.5669 0.3441   0.090   0.753
zmean_nozf      0.9766 0.9577 0.9963    0.5276  48/72   0.5639 0.3393   0.085   0.704
zmedian         0.9778 0.9702 0.9855    0.0402  30/72   0.5042 0.2803   0.000   0.050
ztop5           0.9790 0.9608 0.9980    2.5265  51/72   0.5671 0.3461   0.427   3.253

zone 内 AUROC（zone 点上的排序能力）:
  mean           0.2481
  median         0.4662
  trim1          0.6149
  trim2          0.4836
  zmean          0.2587
  zmean_nozf     0.5975
  zmedian        0.5097
  ztop5          0.2587

[regression] mean vs istad_scores max|Δ|=1.53e-05
===== RevIN seed 90 =====
loaded istad_perfeat/PSM_s90_revin.npz: test_err (87808, 25), train_err (132480, 25), anom_frac=0.2774
zone(f3>3): 64 pts, normal 19, anom 45

variant          bf+PA      P      R        th  hit/seg    ROC     AP    np90    np99
mean            0.9746 0.9857 0.9638    0.0356  44/72   0.5447 0.3321   0.003   0.021
median          0.9778 0.9633 0.9929    0.0026  36/72   0.5364 0.3078   0.001   0.003
trim1           0.9772 0.9933 0.9616    0.0177  40/72   0.5413 0.3266   0.002   0.009
trim2           0.9792 0.9641 0.9947    0.0057  47/72   0.5416 0.3234   0.001   0.007
zmean           0.9760 0.9943 0.9584    2.0055  37/72   0.5424 0.3357   0.101   0.715
zmean_nozf      0.9762 0.9955 0.9577    1.8521  36/72   0.5377 0.3278   0.098   0.643
zmedian         0.9780 0.9636 0.9929    0.0114  37/72   0.5054 0.2825   0.000   0.029
ztop5           0.9754 0.9931 0.9584    8.0398  39/72   0.5425 0.3364   0.480   3.189

zone 内 AUROC（zone 点上的排序能力）:
  mean           0.3357
  median         0.4444
  trim1          0.4760
  trim2          0.4678
  zmean          0.3345
  zmean_nozf     0.4515
  zmedian        0.4719
  ztop5          0.3333

[regression] mean vs istad_scores max|Δ|=1.91e-06
===== RevIN seed 2021 =====
loaded istad_perfeat/PSM_s2021_revin.npz: test_err (87808, 25), train_err (132480, 25), anom_frac=0.2774
zone(f3>3): 79 pts, normal 27, anom 52

variant          bf+PA      P      R        th  hit/seg    ROC     AP    np90    np99
mean            0.9810 0.9644 0.9982    0.0165  52/72   0.5282 0.3208   0.004   0.021
median          0.9864 0.9828 0.9900    0.0038  28/72   0.5433 0.3141   0.000   0.003
trim1           0.9903 0.9832 0.9975    0.0124  46/72   0.5358 0.3220   0.002   0.010
trim2           0.9914 0.9887 0.9941    0.0104  40/72   0.5454 0.3248   0.001   0.007
zmean           0.9850 0.9721 0.9983    0.7509  52/72   0.5467 0.3349   0.064   0.809
zmean_nozf      0.9860 0.9746 0.9975    0.7518  50/72   0.5426 0.3275   0.061   0.749
zmedian         0.9869 0.9835 0.9904    0.0810  31/72   0.5045 0.2801   0.000   0.039
ztop5           0.9847 0.9715 0.9983    3.2205  52/72   0.5468 0.3357   0.314   3.484

zone 内 AUROC（zone 点上的排序能力）:
  mean           0.4160
  median         0.5050
  trim1          0.6510
  trim2          0.5976
  zmean          0.4138
  zmean_nozf     0.6759
  zmedian        0.5698
  ztop5          0.4095

[regression] mean vs istad_scores max|Δ|=4.77e-07
