===== SMD_s48 =====
loaded istad_perfeat/SMD_s48.npz: test_err (708384, 38), train_err (708384, 38), anom_frac=0.0416

variant          bf+PA      P      R        th  hit/seg    ROC     AP    np90    np99
mean            0.8360 0.8814 0.7949    3.3129 200/327  0.7660 0.1734   0.353   2.108
median          0.6891 0.6151 0.7834    0.1188 148/327  0.7942 0.1873   0.036   0.204
trim1           0.8332 0.8366 0.8299    1.3250 197/327  0.7815 0.1991   0.191   0.957
trim2           0.8106 0.8105 0.8107    0.8000 176/327  0.7897 0.2012   0.133   0.656
zmean           0.7787 0.7956 0.7625    4.0700 162/327  0.7648 0.2215   0.624   3.680
zmean_nozf      0.7795 0.7973 0.7625    4.0717 162/327  0.7673 0.2239   0.611   3.665
zmedian         0.6863 0.6321 0.7507    0.1320 144/327  0.6239 0.1539   0.000   0.291
ztop5           0.7763 0.7578 0.7957   23.0039 176/327  0.7589 0.2217   4.128  24.184

[regression] mean vs istad_scores max|Δ|=1.95e-03
===== SMD_s2021 =====
loaded istad_perfeat/SMD_s2021.npz: test_err (708384, 38), train_err (708384, 38), anom_frac=0.0416

variant          bf+PA      P      R        th  hit/seg    ROC     AP    np90    np99
mean            0.8528 0.8588 0.8470    1.9049 229/327  0.7860 0.1937   0.239   1.340
median          0.7474 0.6903 0.8148    0.1132 164/327  0.7968 0.2493   0.032   0.157
trim1           0.8716 0.9154 0.8318    1.0468 210/327  0.7981 0.2262   0.150   0.660
trim2           0.8553 0.9327 0.7898    0.7887 168/327  0.8035 0.2444   0.108   0.453
zmean           0.8835 0.9346 0.8376    2.9389 197/327  0.7786 0.2711   0.493   1.788
zmean_nozf      0.8846 0.9374 0.8374    2.9408 196/327  0.7766 0.2664   0.484   1.750
zmedian         0.7662 0.7245 0.8130    0.2084 159/327  0.6478 0.1912   0.000   0.286
ztop5           0.8894 0.9514 0.8349   19.4100 202/327  0.7732 0.2512   3.061  10.256

[regression] mean vs istad_scores max|Δ|=1.95e-03
===== SMD_s2022 =====
loaded istad_perfeat/SMD_s2022.npz: test_err (708384, 38), train_err (708384, 38), anom_frac=0.0416

variant          bf+PA      P      R        th  hit/seg    ROC     AP    np90    np99
mean            0.8489 0.8950 0.8073    3.5133 204/327  0.7651 0.1572   0.440   2.143
median          0.6891 0.6932 0.6850    0.1676 128/327  0.7870 0.2152   0.037   0.200
trim1           0.8598 0.9556 0.7815    2.0024 163/327  0.7840 0.1925   0.221   0.931
trim2           0.8455 0.9087 0.7906    1.0476 164/327  0.7989 0.2084   0.137   0.623
zmean           0.8363 0.8947 0.7850    3.8724 166/327  0.7757 0.2056   0.615   2.329
zmean_nozf      0.8472 0.9254 0.7811    3.8723 165/327  0.7745 0.2080   0.609   2.287
zmedian         0.7113 0.7657 0.6640    0.3519 118/327  0.6418 0.1731   0.000   0.323
ztop5           0.8463 0.9418 0.7684   25.8751 156/327  0.7704 0.1873   3.953  14.192

[regression] mean vs istad_scores max|Δ|=2.93e-03
===== SMD_s2025 =====
loaded istad_perfeat/SMD_s2025.npz: test_err (708384, 38), train_err (708384, 38), anom_frac=0.0416

variant          bf+PA      P      R        th  hit/seg    ROC     AP    np90    np99
mean            0.7980 0.7752 0.8222    5.2271 215/327  0.7654 0.1595   0.380   5.734
median          0.5340 0.4136 0.7535    0.0915 143/327  0.7548 0.2102   0.044   0.293
trim1           0.8102 0.7943 0.8268    2.1092 194/327  0.7680 0.1689   0.231   1.909
trim2           0.8036 0.8518 0.7605    1.8547 145/327  0.7704 0.1909   0.162   1.032
zmean           0.8194 0.8446 0.7956    3.4153 173/327  0.7581 0.2059   0.548   2.852
zmean_nozf      0.8390 0.9151 0.7745    3.6594 166/327  0.7578 0.2134   0.539   2.753
zmedian         0.5742 0.7399 0.4692    0.5014  65/327  0.6288 0.1793   0.000   0.400
ztop5           0.8357 0.9085 0.7738   25.3177 166/327  0.7546 0.1772   3.433  17.725

[regression] mean vs istad_scores max|Δ|=3.91e-03
