===== seed 87 =====
loaded istad_perfeat/PSM_s87.npz: test_err (87808, 25), train_err (132480, 25), anom_frac=0.2774
zone(f3>3): 17693 pts, normal 10194, anom 7499

variant          bf+PA      P      R        th  hit/seg    ROC     AP    np90    np99
mean            0.8942 0.9868 0.8176    1.8059  13/72   0.7615 0.5597   1.052   1.737
median          0.9450 0.9819 0.9108    0.1065  22/72   0.7520 0.5588   0.032   0.093
trim1           0.9303 0.9629 0.8999    0.3147  25/72   0.7723 0.5947   0.086   0.351
trim2           0.9423 0.9756 0.9112    0.1933  27/72   0.7659 0.5636   0.060   0.189
zmean           0.8502 0.9981 0.7404   10.3352  14/72   0.7629 0.5645   5.670   9.147
zmean_nozf      0.9489 0.9979 0.9045    3.2722  26/72   0.7739 0.6090   1.135   2.193
zmedian         0.9425 0.9708 0.9158    0.5535  24/72   0.7000 0.5025   0.122   0.563
ztop5           0.8410 0.9981 0.7267   50.2369  12/72   0.7614 0.5315  27.898  44.848

zone 内 AUROC（zone 点上的排序能力）:
  mean           0.7848
  median         0.7408
  trim1          0.8315
  trim2          0.7715
  zmean          0.8034
  zmean_nozf     0.8527
  zmedian        0.6793
  ztop5          0.7491

[regression] mean vs istad_scores max|Δ|=9.54e-07
===== seed 90 =====
loaded istad_perfeat/PSM_s90.npz: test_err (87808, 25), train_err (132480, 25), anom_frac=0.2774
zone(f3>3): 17548 pts, normal 10150, anom 7398

variant          bf+PA      P      R        th  hit/seg    ROC     AP    np90    np99
mean            0.8010 0.7696 0.8350    1.7156  25/72   0.7230 0.4514   1.690   2.526
median          0.9030 0.9212 0.8855    0.1612  15/72   0.7073 0.4773   0.092   0.235
trim1           0.8991 0.8989 0.8993    0.3061  25/72   0.7478 0.4772   0.225   0.404
trim2           0.8769 0.8560 0.8988    0.2244  23/72   0.7363 0.4720   0.176   0.344
zmean           0.7775 0.6833 0.9018    3.4353  29/72   0.7281 0.4478  62.954  92.691
zmean_nozf      0.8627 0.9803 0.7703    6.4541  17/72   0.7294 0.4491   3.600   6.044
zmedian         0.9357 0.9947 0.8833    1.5576  13/72   0.6698 0.4352   0.378   1.046
ztop5           0.7773 0.6830 0.9018   14.8568  29/72   0.7267 0.4414 312.313 458.814

zone 内 AUROC（zone 点上的排序能力）:
  mean           0.6582
  median         0.7039
  trim1          0.6584
  trim2          0.6666
  zmean          0.6454
  zmean_nozf     0.6297
  zmedian        0.6669
  ztop5          0.6356

[regression] mean vs istad_scores max|Δ|=1.53e-05
===== seed 2021 =====
loaded istad_perfeat/PSM_s2021.npz: test_err (87808, 25), train_err (132480, 25), anom_frac=0.2774
zone(f3>3): 49 pts, normal 40, anom 9

variant          bf+PA      P      R        th  hit/seg    ROC     AP    np90    np99
mean            0.9074 0.9984 0.8316    0.6340  30/72   0.7221 0.4526   0.187   0.457
median          0.9132 0.9310 0.8960    0.1317  20/72   0.7432 0.5238   0.063   0.169
trim1           0.9020 0.9885 0.8294    0.4020  18/72   0.7285 0.4411   0.149   0.364
trim2           0.9048 0.9956 0.8292    0.3599  16/72   0.7331 0.4467   0.124   0.302
zmean           0.9183 0.9464 0.8918    6.3317  21/72   0.7179 0.4223   2.970   6.978
zmean_nozf      0.9065 0.9955 0.8322    4.8621  20/72   0.7245 0.4360   1.840   4.050
zmedian         0.9163 0.9462 0.8882    1.0366  19/72   0.6903 0.4788   0.360   1.262
ztop5           0.9212 0.9693 0.8778   29.5592  17/72   0.7131 0.4142  12.247  29.888

zone 内 AUROC（zone 点上的排序能力）:
  mean           0.4889
  median         0.6000
  trim1          0.5222
  trim2          0.6250
  zmean          0.3750
  zmean_nozf     0.5167
  zmedian        0.7306
  ztop5          0.3083

[regression] mean vs istad_scores max|Δ|=3.81e-06
