===== SWAT_s48 =====
loaded istad_perfeat/SWAT_s48.npz: test_err (449856, 51), train_err (494976, 51), anom_frac=0.1214

variant          bf+PA      P      R        th  hit/seg    ROC     AP    np90    np99
mean            0.8596 0.8792 0.8408    6.0538  17/35   0.8360 0.7299   4.811   6.600
median          0.8252 0.9971 0.7038    2.0168   7/35   0.8035 0.5844   0.675   0.996
trim1           0.8685 0.9455 0.8032    4.1483  15/35   0.8423 0.7363   1.857   3.275
trim2           0.8568 0.9189 0.8026    2.5452  15/35   0.8438 0.7334   1.503   2.536
zmean           0.8312 0.9900 0.7163   34.3443   9/35   0.8306 0.7268  21.114  26.303
zmean_nozf      0.8312 0.9900 0.7163   34.2715   9/35   0.8307 0.7269  20.485  24.924
zmedian         0.8445 0.9938 0.7342    3.9649   8/35   0.8045 0.4474   1.771   2.953
ztop5           0.8316 0.9911 0.7163  302.2880   9/35   0.8303 0.7309 160.195 190.176

[regression] mean vs istad_scores max|Δ|=2.29e-05
===== SWAT_s89 =====
loaded istad_perfeat/SWAT_s89.npz: test_err (449856, 51), train_err (494976, 51), anom_frac=0.1214

variant          bf+PA      P      R        th  hit/seg    ROC     AP    np90    np99
mean            0.8700 0.8996 0.8422    5.7997  17/35   0.8293 0.7217   4.766   6.148
median          0.8261 0.9895 0.7090    1.9029   7/35   0.8056 0.6247   1.083   1.546
trim1           0.8720 0.9004 0.8454    3.4997  17/35   0.8312 0.7251   2.784   3.918
trim2           0.8535 0.8777 0.8305    2.7264  15/35   0.8307 0.7200   2.279   2.949
zmean           0.8269 0.9947 0.7075   66.3039   7/35   0.8175 0.6954  46.186  58.153
zmean_nozf      0.8271 0.9953 0.7075   66.3241   7/35   0.8180 0.6963  45.487  57.434
zmedian         0.8601 0.9689 0.7733    5.7536  12/35   0.7804 0.3857   3.557   5.024
ztop5           0.8222 0.9956 0.7003  579.0036   6/35   0.8164 0.6967 356.284 459.374

[regression] mean vs istad_scores max|Δ|=1.53e-05
===== SWAT_s2021 =====
loaded istad_perfeat/SWAT_s2021.npz: test_err (449856, 51), train_err (494976, 51), anom_frac=0.1214

variant          bf+PA      P      R        th  hit/seg    ROC     AP    np90    np99
mean            0.8421 0.9377 0.7641    8.9827  12/35   0.8153 0.7090   7.094   8.398
median          0.8570 0.9384 0.7886    0.2270  12/35   0.8156 0.6335   0.107   0.187
trim1           0.8660 0.9084 0.8273    2.1478  15/35   0.8526 0.7348   0.977   2.536
trim2           0.8642 0.9135 0.8200    1.4854  14/35   0.8481 0.7278   0.746   1.528
zmean           0.8284 0.9612 0.7279  143.1783   7/35   0.7964 0.6843 122.376 138.335
zmean_nozf      0.8285 0.9614 0.7279  143.1907   7/35   0.7963 0.6842 122.355 138.309
zmedian         0.8455 0.9637 0.7532    3.7057  10/35   0.8337 0.6742   1.442   3.207
ztop5           0.8173 0.9543 0.7147 1407.7325   6/35   0.7932 0.6811 1212.537 1373.749

[regression] mean vs istad_scores max|Δ|=2.29e-05
