===== EXA_s48 =====
loaded istad_perfeat/EXA_s48.npz: test_err (52800, 19), train_err (88200, 19), anom_frac=0.1286

variant          bf+PA      P      R        th  hit/seg    ROC     AP    np90    np99
mean            0.9586 0.9534 0.9639    6.0143  88/95   0.8726 0.5971   0.630   4.065
median          0.8877 0.9191 0.8583    0.4411  76/95   0.6819 0.4051   0.169   0.458
trim1           0.9402 0.9241 0.9568    1.0296  90/95   0.8712 0.6577   0.384   1.216
trim2           0.9425 0.9532 0.9321    1.0181  86/95   0.8492 0.6318   0.284   0.708
zmean           0.9491 0.9471 0.9511    0.6206  85/95   0.8157 0.4377   0.074   0.524
zmean_nozf      0.9504 0.9497 0.9511    0.6217  85/95   0.8175 0.4427   0.073   0.503
zmedian         0.7408 0.9764 0.5968    0.0136  50/95   0.5662 0.2309   0.000   0.000
ztop5           0.9495 0.9498 0.9493    2.4403  84/95   0.8142 0.4247   0.281   1.957

[regression] mean vs istad_scores max|Δ|=1.22e-04
===== EXA_s89 =====
loaded istad_perfeat/EXA_s89.npz: test_err (52800, 19), train_err (88200, 19), anom_frac=0.1286

variant          bf+PA      P      R        th  hit/seg    ROC     AP    np90    np99
mean            0.9598 0.9668 0.9529    8.5091  86/95   0.8762 0.6016   0.601   4.037
median          0.8975 0.9311 0.8663    0.4286  75/95   0.6734 0.3905   0.144   0.417
trim1           0.9406 0.9300 0.9514    1.1152  89/95   0.8760 0.6643   0.365   1.194
trim2           0.9432 0.9371 0.9495    0.6887  89/95   0.8546 0.6391   0.268   0.656
zmean           0.9507 0.9504 0.9511    0.6536  85/95   0.8183 0.4407   0.072   0.518
zmean_nozf      0.9520 0.9529 0.9511    0.6517  85/95   0.8200 0.4458   0.071   0.501
zmedian         0.7670 0.9779 0.6309    0.0051  51/95   0.5645 0.2282   0.000   0.000
ztop5           0.9510 0.9527 0.9493    2.5220  84/95   0.8168 0.4280   0.273   1.943

[regression] mean vs istad_scores max|Δ|=1.22e-04
===== EXA_s2021 =====
loaded istad_perfeat/EXA_s2021.npz: test_err (52800, 19), train_err (88200, 19), anom_frac=0.1286

variant          bf+PA      P      R        th  hit/seg    ROC     AP    np90    np99
mean            0.9591 0.9654 0.9529    8.2996  86/95   0.8754 0.5996   0.622   4.042
median          0.8967 0.9324 0.8636    0.4580  75/95   0.6904 0.4025   0.159   0.442
trim1           0.9420 0.9276 0.9568    1.0952  90/95   0.8757 0.6618   0.378   1.242
trim2           0.9435 0.9445 0.9424    0.8337  88/95   0.8542 0.6375   0.279   0.689
zmean           0.9496 0.9482 0.9511    0.6427  85/95   0.8168 0.4396   0.073   0.527
zmean_nozf      0.9511 0.9511 0.9511    0.6466  85/95   0.8186 0.4445   0.072   0.502
zmedian         0.7853 0.9783 0.6560    0.0022  52/95   0.5655 0.2298   0.000   0.000
ztop5           0.9496 0.9499 0.9493    2.4405  84/95   0.8153 0.4265   0.279   1.974

[regression] mean vs istad_scores max|Δ|=1.22e-04
