[92mLoading pre-trained model: GDN[0m
/data/modeluse/TS/TranAD_improve/main.py:71: FutureWarning: You are using `torch.load` with `weights_only=False` (the current default value), which uses the default pickle module implicitly. It is possible to construct malicious pickle data which will execute arbitrary code during unpickling (See https://github.com/pytorch/pytorch/blob/main/SECURITY.md#untrusted-models for more details). In a future release, the default value for `weights_only` will be flipped to `True`. This limits the functions that could be executed during unpickling. Arbitrary objects will no longer be allowed to be loaded via this mode unless they are explicitly allowlisted by the user via `torch.serialization.add_safe_globals`. We recommend you start setting `weights_only=True` for any use case where you don't have full control of the loaded file. Please open an issue on GitHub for any issues related to this experimental feature.
  checkpoint = torch.load(fname, map_location=DEVICE)
[92mLoading pre-trained model: LSTM_AD[0m
/data/modeluse/TS/TranAD_improve/main.py:71: FutureWarning: You are using `torch.load` with `weights_only=False` (the current default value), which uses the default pickle module implicitly. It is possible to construct malicious pickle data which will execute arbitrary code during unpickling (See https://github.com/pytorch/pytorch/blob/main/SECURITY.md#untrusted-models for more details). In a future release, the default value for `weights_only` will be flipped to `True`. This limits the functions that could be executed during unpickling. Arbitrary objects will no longer be allowed to be loaded via this mode unless they are explicitly allowlisted by the user via `torch.serialization.add_safe_globals`. We recommend you start setting `weights_only=True` for any use case where you don't have full control of the loaded file. Please open an issue on GitHub for any issues related to this experimental feature.
  checkpoint = torch.load(fname, map_location=DEVICE)
[dump] GDN          PSM       n_test=87841 anom=0.2776 stored_f1=0.6999 stored_th=0.155881 -> /data/modeluse/TS/vus_diag/classic_scores/GDN_PSM.npz
[done rc=0] GDN PSM GPU2
[92mLoading pre-trained model: GDN[0m
/data/modeluse/TS/TranAD_improve/main.py:71: FutureWarning: You are using `torch.load` with `weights_only=False` (the current default value), which uses the default pickle module implicitly. It is possible to construct malicious pickle data which will execute arbitrary code during unpickling (See https://github.com/pytorch/pytorch/blob/main/SECURITY.md#untrusted-models for more details). In a future release, the default value for `weights_only` will be flipped to `True`. This limits the functions that could be executed during unpickling. Arbitrary objects will no longer be allowed to be loaded via this mode unless they are explicitly allowlisted by the user via `torch.serialization.add_safe_globals`. We recommend you start setting `weights_only=True` for any use case where you don't have full control of the loaded file. Please open an issue on GitHub for any issues related to this experimental feature.
  checkpoint = torch.load(fname, map_location=DEVICE)
[dump] LSTM_AD      SMD       n_test=708420 anom=0.0416 stored_f1=0.0432 stored_th=0.944757 -> /data/modeluse/TS/vus_diag/classic_scores/LSTM_AD_SMD.npz
[done rc=0] LSTM_AD SMD GPU1
[92mLoading pre-trained model: LSTM_AD[0m
/data/modeluse/TS/TranAD_improve/main.py:71: FutureWarning: You are using `torch.load` with `weights_only=False` (the current default value), which uses the default pickle module implicitly. It is possible to construct malicious pickle data which will execute arbitrary code during unpickling (See https://github.com/pytorch/pytorch/blob/main/SECURITY.md#untrusted-models for more details). In a future release, the default value for `weights_only` will be flipped to `True`. This limits the functions that could be executed during unpickling. Arbitrary objects will no longer be allowed to be loaded via this mode unless they are explicitly allowlisted by the user via `torch.serialization.add_safe_globals`. We recommend you start setting `weights_only=True` for any use case where you don't have full control of the loaded file. Please open an issue on GitHub for any issues related to this experimental feature.
  checkpoint = torch.load(fname, map_location=DEVICE)
[dump] GDN          Exathlon  n_test=52844 anom=0.1285 stored_f1=0.8916 stored_th=0.028412 -> /data/modeluse/TS/vus_diag/classic_scores/GDN_Exathlon.npz
[done rc=0] GDN Exathlon GPU2
[92mLoading pre-trained model: MAD_GAN[0m
/data/modeluse/TS/TranAD_improve/main.py:71: FutureWarning: You are using `torch.load` with `weights_only=False` (the current default value), which uses the default pickle module implicitly. It is possible to construct malicious pickle data which will execute arbitrary code during unpickling (See https://github.com/pytorch/pytorch/blob/main/SECURITY.md#untrusted-models for more details). In a future release, the default value for `weights_only` will be flipped to `True`. This limits the functions that could be executed during unpickling. Arbitrary objects will no longer be allowed to be loaded via this mode unless they are explicitly allowlisted by the user via `torch.serialization.add_safe_globals`. We recommend you start setting `weights_only=True` for any use case where you don't have full control of the loaded file. Please open an issue on GitHub for any issues related to this experimental feature.
  checkpoint = torch.load(fname, map_location=DEVICE)
[dump] LSTM_AD      PSM       n_test=87841 anom=0.2776 stored_f1=0.6985 stored_th=0.333699 -> /data/modeluse/TS/vus_diag/classic_scores/LSTM_AD_PSM.npz
[done rc=0] LSTM_AD PSM GPU1
[92mLoading pre-trained model: LSTM_AD[0m
/data/modeluse/TS/TranAD_improve/main.py:71: FutureWarning: You are using `torch.load` with `weights_only=False` (the current default value), which uses the default pickle module implicitly. It is possible to construct malicious pickle data which will execute arbitrary code during unpickling (See https://github.com/pytorch/pytorch/blob/main/SECURITY.md#untrusted-models for more details). In a future release, the default value for `weights_only` will be flipped to `True`. This limits the functions that could be executed during unpickling. Arbitrary objects will no longer be allowed to be loaded via this mode unless they are explicitly allowlisted by the user via `torch.serialization.add_safe_globals`. We recommend you start setting `weights_only=True` for any use case where you don't have full control of the loaded file. Please open an issue on GitHub for any issues related to this experimental feature.
  checkpoint = torch.load(fname, map_location=DEVICE)
[dump] MAD_GAN      PSM       n_test=87841 anom=0.2776 stored_f1=0.7386 stored_th=0.023897 -> /data/modeluse/TS/vus_diag/classic_scores/MAD_GAN_PSM.npz
[done rc=0] MAD_GAN PSM GPU2
[92mLoading pre-trained model: MAD_GAN[0m
/data/modeluse/TS/TranAD_improve/main.py:71: FutureWarning: You are using `torch.load` with `weights_only=False` (the current default value), which uses the default pickle module implicitly. It is possible to construct malicious pickle data which will execute arbitrary code during unpickling (See https://github.com/pytorch/pytorch/blob/main/SECURITY.md#untrusted-models for more details). In a future release, the default value for `weights_only` will be flipped to `True`. This limits the functions that could be executed during unpickling. Arbitrary objects will no longer be allowed to be loaded via this mode unless they are explicitly allowlisted by the user via `torch.serialization.add_safe_globals`. We recommend you start setting `weights_only=True` for any use case where you don't have full control of the loaded file. Please open an issue on GitHub for any issues related to this experimental feature.
  checkpoint = torch.load(fname, map_location=DEVICE)
[dump] LSTM_AD      SWaT      n_test=449919 anom=0.1214 stored_f1=0.0000 stored_th=9.751630 -> /data/modeluse/TS/vus_diag/classic_scores/LSTM_AD_SWaT.npz
[done rc=0] LSTM_AD SWaT GPU1
[92mLoading pre-trained model: LSTM_AD[0m
/data/modeluse/TS/TranAD_improve/main.py:71: FutureWarning: You are using `torch.load` with `weights_only=False` (the current default value), which uses the default pickle module implicitly. It is possible to construct malicious pickle data which will execute arbitrary code during unpickling (See https://github.com/pytorch/pytorch/blob/main/SECURITY.md#untrusted-models for more details). In a future release, the default value for `weights_only` will be flipped to `True`. This limits the functions that could be executed during unpickling. Arbitrary objects will no longer be allowed to be loaded via this mode unless they are explicitly allowlisted by the user via `torch.serialization.add_safe_globals`. We recommend you start setting `weights_only=True` for any use case where you don't have full control of the loaded file. Please open an issue on GitHub for any issues related to this experimental feature.
  checkpoint = torch.load(fname, map_location=DEVICE)
[dump] LSTM_AD      Exathlon  n_test=52844 anom=0.1285 stored_f1=0.9171 stored_th=0.342788 -> /data/modeluse/TS/vus_diag/classic_scores/LSTM_AD_Exathlon.npz
[done rc=0] LSTM_AD Exathlon GPU1
[92mLoading pre-trained model: OmniAnomaly[0m
/data/modeluse/TS/TranAD_improve/main.py:71: FutureWarning: You are using `torch.load` with `weights_only=False` (the current default value), which uses the default pickle module implicitly. It is possible to construct malicious pickle data which will execute arbitrary code during unpickling (See https://github.com/pytorch/pytorch/blob/main/SECURITY.md#untrusted-models for more details). In a future release, the default value for `weights_only` will be flipped to `True`. This limits the functions that could be executed during unpickling. Arbitrary objects will no longer be allowed to be loaded via this mode unless they are explicitly allowlisted by the user via `torch.serialization.add_safe_globals`. We recommend you start setting `weights_only=True` for any use case where you don't have full control of the loaded file. Please open an issue on GitHub for any issues related to this experimental feature.
  checkpoint = torch.load(fname, map_location=DEVICE)
[dump] MAD_GAN      SWaT      n_test=449919 anom=0.1214 stored_f1=0.5579 stored_th=0.609742 -> /data/modeluse/TS/vus_diag/classic_scores/MAD_GAN_SWaT.npz
[done rc=0] MAD_GAN SWaT GPU2
[92mLoading pre-trained model: MAD_GAN[0m
/data/modeluse/TS/TranAD_improve/main.py:71: FutureWarning: You are using `torch.load` with `weights_only=False` (the current default value), which uses the default pickle module implicitly. It is possible to construct malicious pickle data which will execute arbitrary code during unpickling (See https://github.com/pytorch/pytorch/blob/main/SECURITY.md#untrusted-models for more details). In a future release, the default value for `weights_only` will be flipped to `True`. This limits the functions that could be executed during unpickling. Arbitrary objects will no longer be allowed to be loaded via this mode unless they are explicitly allowlisted by the user via `torch.serialization.add_safe_globals`. We recommend you start setting `weights_only=True` for any use case where you don't have full control of the loaded file. Please open an issue on GitHub for any issues related to this experimental feature.
  checkpoint = torch.load(fname, map_location=DEVICE)
[dump] MAD_GAN      Exathlon  n_test=52844 anom=0.1285 stored_f1=0.9516 stored_th=0.002736 -> /data/modeluse/TS/vus_diag/classic_scores/MAD_GAN_Exathlon.npz
[done rc=0] MAD_GAN Exathlon GPU2
[92mLoading pre-trained model: DAGMM[0m
/data/modeluse/TS/TranAD_improve/main.py:71: FutureWarning: You are using `torch.load` with `weights_only=False` (the current default value), which uses the default pickle module implicitly. It is possible to construct malicious pickle data which will execute arbitrary code during unpickling (See https://github.com/pytorch/pytorch/blob/main/SECURITY.md#untrusted-models for more details). In a future release, the default value for `weights_only` will be flipped to `True`. This limits the functions that could be executed during unpickling. Arbitrary objects will no longer be allowed to be loaded via this mode unless they are explicitly allowlisted by the user via `torch.serialization.add_safe_globals`. We recommend you start setting `weights_only=True` for any use case where you don't have full control of the loaded file. Please open an issue on GitHub for any issues related to this experimental feature.
  checkpoint = torch.load(fname, map_location=DEVICE)
[dump] DAGMM        SWaT      n_test=449919 anom=0.1214 stored_f1=0.8025 stored_th=0.409742 -> /data/modeluse/TS/vus_diag/classic_scores/DAGMM_SWaT.npz
[done rc=0] DAGMM SWaT GPU2
[92mLoading pre-trained model: DAGMM[0m
/data/modeluse/TS/TranAD_improve/main.py:71: FutureWarning: You are using `torch.load` with `weights_only=False` (the current default value), which uses the default pickle module implicitly. It is possible to construct malicious pickle data which will execute arbitrary code during unpickling (See https://github.com/pytorch/pytorch/blob/main/SECURITY.md#untrusted-models for more details). In a future release, the default value for `weights_only` will be flipped to `True`. This limits the functions that could be executed during unpickling. Arbitrary objects will no longer be allowed to be loaded via this mode unless they are explicitly allowlisted by the user via `torch.serialization.add_safe_globals`. We recommend you start setting `weights_only=True` for any use case where you don't have full control of the loaded file. Please open an issue on GitHub for any issues related to this experimental feature.
  checkpoint = torch.load(fname, map_location=DEVICE)
[dump] OmniAnomaly  SMD       n_test=708420 anom=0.0416 stored_f1=0.5149 stored_th=0.136755 -> /data/modeluse/TS/vus_diag/classic_scores/OmniAnomaly_SMD.npz
[dump] DAGMM        Exathlon  n_test=52844 anom=0.1285 stored_f1=0.9510 stored_th=0.003082 -> /data/modeluse/TS/vus_diag/classic_scores/DAGMM_Exathlon.npz
[done rc=0] OmniAnomaly SMD GPU1
[done rc=0] DAGMM Exathlon GPU2
/data/zenghaoyang/miniconda3/envs/tranad/lib/python3.10/site-packages/torch/nn/modules/transformer.py:379: UserWarning: enable_nested_tensor is True, but self.use_nested_tensor is False because encoder_layer was not TransformerEncoderLayer
  warnings.warn(
[92mLoading pre-trained model: OmniAnomaly[0m
/data/modeluse/TS/TranAD_improve/main.py:71: FutureWarning: You are using `torch.load` with `weights_only=False` (the current default value), which uses the default pickle module implicitly. It is possible to construct malicious pickle data which will execute arbitrary code during unpickling (See https://github.com/pytorch/pytorch/blob/main/SECURITY.md#untrusted-models for more details). In a future release, the default value for `weights_only` will be flipped to `True`. This limits the functions that could be executed during unpickling. Arbitrary objects will no longer be allowed to be loaded via this mode unless they are explicitly allowlisted by the user via `torch.serialization.add_safe_globals`. We recommend you start setting `weights_only=True` for any use case where you don't have full control of the loaded file. Please open an issue on GitHub for any issues related to this experimental feature.
  checkpoint = torch.load(fname, map_location=DEVICE)
[92mLoading pre-trained model: TranAD[0m
/data/modeluse/TS/TranAD_improve/main.py:71: FutureWarning: You are using `torch.load` with `weights_only=False` (the current default value), which uses the default pickle module implicitly. It is possible to construct malicious pickle data which will execute arbitrary code during unpickling (See https://github.com/pytorch/pytorch/blob/main/SECURITY.md#untrusted-models for more details). In a future release, the default value for `weights_only` will be flipped to `True`. This limits the functions that could be executed during unpickling. Arbitrary objects will no longer be allowed to be loaded via this mode unless they are explicitly allowlisted by the user via `torch.serialization.add_safe_globals`. We recommend you start setting `weights_only=True` for any use case where you don't have full control of the loaded file. Please open an issue on GitHub for any issues related to this experimental feature.
  checkpoint = torch.load(fname, map_location=DEVICE)
[dump] TranAD       PSM       n_test=87841 anom=0.2776 stored_f1=0.7775 stored_th=0.012043 -> /data/modeluse/TS/vus_diag/classic_scores/TranAD_PSM.npz
[done rc=0] TranAD PSM GPU2
/data/zenghaoyang/miniconda3/envs/tranad/lib/python3.10/site-packages/torch/nn/modules/transformer.py:379: UserWarning: enable_nested_tensor is True, but self.use_nested_tensor is False because encoder_layer was not TransformerEncoderLayer
  warnings.warn(
[92mLoading pre-trained model: TranAD[0m
/data/modeluse/TS/TranAD_improve/main.py:71: FutureWarning: You are using `torch.load` with `weights_only=False` (the current default value), which uses the default pickle module implicitly. It is possible to construct malicious pickle data which will execute arbitrary code during unpickling (See https://github.com/pytorch/pytorch/blob/main/SECURITY.md#untrusted-models for more details). In a future release, the default value for `weights_only` will be flipped to `True`. This limits the functions that could be executed during unpickling. Arbitrary objects will no longer be allowed to be loaded via this mode unless they are explicitly allowlisted by the user via `torch.serialization.add_safe_globals`. We recommend you start setting `weights_only=True` for any use case where you don't have full control of the loaded file. Please open an issue on GitHub for any issues related to this experimental feature.
  checkpoint = torch.load(fname, map_location=DEVICE)
[dump] TranAD       Exathlon  n_test=52844 anom=0.1285 stored_f1=0.9481 stored_th=0.002962 -> /data/modeluse/TS/vus_diag/classic_scores/TranAD_Exathlon.npz
[done rc=0] TranAD Exathlon GPU2
[dump] OmniAnomaly  PSM       n_test=87841 anom=0.2776 stored_f1=0.7478 stored_th=0.044785 -> /data/modeluse/TS/vus_diag/classic_scores/OmniAnomaly_PSM.npz
[done rc=0] OmniAnomaly PSM GPU1
[92mLoading pre-trained model: OmniAnomaly[0m
/data/modeluse/TS/TranAD_improve/main.py:71: FutureWarning: You are using `torch.load` with `weights_only=False` (the current default value), which uses the default pickle module implicitly. It is possible to construct malicious pickle data which will execute arbitrary code during unpickling (See https://github.com/pytorch/pytorch/blob/main/SECURITY.md#untrusted-models for more details). In a future release, the default value for `weights_only` will be flipped to `True`. This limits the functions that could be executed during unpickling. Arbitrary objects will no longer be allowed to be loaded via this mode unless they are explicitly allowlisted by the user via `torch.serialization.add_safe_globals`. We recommend you start setting `weights_only=True` for any use case where you don't have full control of the loaded file. Please open an issue on GitHub for any issues related to this experimental feature.
  checkpoint = torch.load(fname, map_location=DEVICE)
[dump] OmniAnomaly  SWaT      n_test=449919 anom=0.1214 stored_f1=0.0000 stored_th=1.311900 -> /data/modeluse/TS/vus_diag/classic_scores/OmniAnomaly_SWaT.npz
[done rc=0] OmniAnomaly SWaT GPU1
[92mLoading pre-trained model: OmniAnomaly[0m
/data/modeluse/TS/TranAD_improve/main.py:71: FutureWarning: You are using `torch.load` with `weights_only=False` (the current default value), which uses the default pickle module implicitly. It is possible to construct malicious pickle data which will execute arbitrary code during unpickling (See https://github.com/pytorch/pytorch/blob/main/SECURITY.md#untrusted-models for more details). In a future release, the default value for `weights_only` will be flipped to `True`. This limits the functions that could be executed during unpickling. Arbitrary objects will no longer be allowed to be loaded via this mode unless they are explicitly allowlisted by the user via `torch.serialization.add_safe_globals`. We recommend you start setting `weights_only=True` for any use case where you don't have full control of the loaded file. Please open an issue on GitHub for any issues related to this experimental feature.
  checkpoint = torch.load(fname, map_location=DEVICE)
[dump] OmniAnomaly  Exathlon  n_test=52844 anom=0.1285 stored_f1=0.9384 stored_th=0.003528 -> /data/modeluse/TS/vus_diag/classic_scores/OmniAnomaly_Exathlon.npz
[done rc=0] OmniAnomaly Exathlon GPU1
/data/zenghaoyang/miniconda3/envs/tranad/lib/python3.10/site-packages/torch/nn/modules/transformer.py:379: UserWarning: enable_nested_tensor is True, but self.use_nested_tensor is False because encoder_layer was not TransformerEncoderLayer
  warnings.warn(
[92mLoading pre-trained model: TranAD[0m
/data/modeluse/TS/TranAD_improve/main.py:71: FutureWarning: You are using `torch.load` with `weights_only=False` (the current default value), which uses the default pickle module implicitly. It is possible to construct malicious pickle data which will execute arbitrary code during unpickling (See https://github.com/pytorch/pytorch/blob/main/SECURITY.md#untrusted-models for more details). In a future release, the default value for `weights_only` will be flipped to `True`. This limits the functions that could be executed during unpickling. Arbitrary objects will no longer be allowed to be loaded via this mode unless they are explicitly allowlisted by the user via `torch.serialization.add_safe_globals`. We recommend you start setting `weights_only=True` for any use case where you don't have full control of the loaded file. Please open an issue on GitHub for any issues related to this experimental feature.
  checkpoint = torch.load(fname, map_location=DEVICE)
[dump] TranAD       SMD       n_test=708420 anom=0.0416 stored_f1=0.7825 stored_th=0.016810 -> /data/modeluse/TS/vus_diag/classic_scores/TranAD_SMD.npz
[done rc=0] TranAD SMD GPU1
[92mLoading pre-trained model: MTAD_GAT[0m
/data/modeluse/TS/TranAD_improve/main.py:71: FutureWarning: You are using `torch.load` with `weights_only=False` (the current default value), which uses the default pickle module implicitly. It is possible to construct malicious pickle data which will execute arbitrary code during unpickling (See https://github.com/pytorch/pytorch/blob/main/SECURITY.md#untrusted-models for more details). In a future release, the default value for `weights_only` will be flipped to `True`. This limits the functions that could be executed during unpickling. Arbitrary objects will no longer be allowed to be loaded via this mode unless they are explicitly allowlisted by the user via `torch.serialization.add_safe_globals`. We recommend you start setting `weights_only=True` for any use case where you don't have full control of the loaded file. Please open an issue on GitHub for any issues related to this experimental feature.
  checkpoint = torch.load(fname, map_location=DEVICE)
[92mLoading pre-trained model: MTAD_GAT[0m
/data/modeluse/TS/TranAD_improve/main.py:71: FutureWarning: You are using `torch.load` with `weights_only=False` (the current default value), which uses the default pickle module implicitly. It is possible to construct malicious pickle data which will execute arbitrary code during unpickling (See https://github.com/pytorch/pytorch/blob/main/SECURITY.md#untrusted-models for more details). In a future release, the default value for `weights_only` will be flipped to `True`. This limits the functions that could be executed during unpickling. Arbitrary objects will no longer be allowed to be loaded via this mode unless they are explicitly allowlisted by the user via `torch.serialization.add_safe_globals`. We recommend you start setting `weights_only=True` for any use case where you don't have full control of the loaded file. Please open an issue on GitHub for any issues related to this experimental feature.
  checkpoint = torch.load(fname, map_location=DEVICE)
[92mLoading pre-trained model: MTAD_GAT[0m
/data/modeluse/TS/TranAD_improve/main.py:71: FutureWarning: You are using `torch.load` with `weights_only=False` (the current default value), which uses the default pickle module implicitly. It is possible to construct malicious pickle data which will execute arbitrary code during unpickling (See https://github.com/pytorch/pytorch/blob/main/SECURITY.md#untrusted-models for more details). In a future release, the default value for `weights_only` will be flipped to `True`. This limits the functions that could be executed during unpickling. Arbitrary objects will no longer be allowed to be loaded via this mode unless they are explicitly allowlisted by the user via `torch.serialization.add_safe_globals`. We recommend you start setting `weights_only=True` for any use case where you don't have full control of the loaded file. Please open an issue on GitHub for any issues related to this experimental feature.
  checkpoint = torch.load(fname, map_location=DEVICE)
[dump] MTAD_GAT     Exathlon  n_test=52844 anom=0.1285 stored_f1=0.7888 stored_th=0.077745 -> /data/modeluse/TS/vus_diag/classic_scores/MTAD_GAT_Exathlon.npz
[done rc=0] MTAD_GAT Exathlon GPU2
[92mLoading pre-trained model: GDN[0m
/data/modeluse/TS/TranAD_improve/main.py:71: FutureWarning: You are using `torch.load` with `weights_only=False` (the current default value), which uses the default pickle module implicitly. It is possible to construct malicious pickle data which will execute arbitrary code during unpickling (See https://github.com/pytorch/pytorch/blob/main/SECURITY.md#untrusted-models for more details). In a future release, the default value for `weights_only` will be flipped to `True`. This limits the functions that could be executed during unpickling. Arbitrary objects will no longer be allowed to be loaded via this mode unless they are explicitly allowlisted by the user via `torch.serialization.add_safe_globals`. We recommend you start setting `weights_only=True` for any use case where you don't have full control of the loaded file. Please open an issue on GitHub for any issues related to this experimental feature.
  checkpoint = torch.load(fname, map_location=DEVICE)
[dump] MTAD_GAT     PSM       n_test=87841 anom=0.2776 stored_f1=0.9188 stored_th=0.168467 -> /data/modeluse/TS/vus_diag/classic_scores/MTAD_GAT_PSM.npz
[done rc=0] MTAD_GAT PSM GPU1
[92mLoading pre-trained model: GDN[0m
/data/modeluse/TS/TranAD_improve/main.py:71: FutureWarning: You are using `torch.load` with `weights_only=False` (the current default value), which uses the default pickle module implicitly. It is possible to construct malicious pickle data which will execute arbitrary code during unpickling (See https://github.com/pytorch/pytorch/blob/main/SECURITY.md#untrusted-models for more details). In a future release, the default value for `weights_only` will be flipped to `True`. This limits the functions that could be executed during unpickling. Arbitrary objects will no longer be allowed to be loaded via this mode unless they are explicitly allowlisted by the user via `torch.serialization.add_safe_globals`. We recommend you start setting `weights_only=True` for any use case where you don't have full control of the loaded file. Please open an issue on GitHub for any issues related to this experimental feature.
  checkpoint = torch.load(fname, map_location=DEVICE)
[dump] GDN          SWaT      n_test=449919 anom=0.1214 stored_f1=0.2987 stored_th=0.653456 -> /data/modeluse/TS/vus_diag/classic_scores/GDN_SWaT.npz
[done rc=0] GDN SWaT GPU2
[92mLoading pre-trained model: DAGMM[0m
/data/modeluse/TS/TranAD_improve/main.py:71: FutureWarning: You are using `torch.load` with `weights_only=False` (the current default value), which uses the default pickle module implicitly. It is possible to construct malicious pickle data which will execute arbitrary code during unpickling (See https://github.com/pytorch/pytorch/blob/main/SECURITY.md#untrusted-models for more details). In a future release, the default value for `weights_only` will be flipped to `True`. This limits the functions that could be executed during unpickling. Arbitrary objects will no longer be allowed to be loaded via this mode unless they are explicitly allowlisted by the user via `torch.serialization.add_safe_globals`. We recommend you start setting `weights_only=True` for any use case where you don't have full control of the loaded file. Please open an issue on GitHub for any issues related to this experimental feature.
  checkpoint = torch.load(fname, map_location=DEVICE)
[dump] DAGMM        PSM       n_test=87841 anom=0.2776 stored_f1=0.7863 stored_th=0.015156 -> /data/modeluse/TS/vus_diag/classic_scores/DAGMM_PSM.npz
[done rc=0] DAGMM PSM GPU2
/data/zenghaoyang/miniconda3/envs/tranad/lib/python3.10/site-packages/torch/nn/modules/transformer.py:379: UserWarning: enable_nested_tensor is True, but self.use_nested_tensor is False because encoder_layer was not TransformerEncoderLayer
  warnings.warn(
[92mLoading pre-trained model: TranAD[0m
/data/modeluse/TS/TranAD_improve/main.py:71: FutureWarning: You are using `torch.load` with `weights_only=False` (the current default value), which uses the default pickle module implicitly. It is possible to construct malicious pickle data which will execute arbitrary code during unpickling (See https://github.com/pytorch/pytorch/blob/main/SECURITY.md#untrusted-models for more details). In a future release, the default value for `weights_only` will be flipped to `True`. This limits the functions that could be executed during unpickling. Arbitrary objects will no longer be allowed to be loaded via this mode unless they are explicitly allowlisted by the user via `torch.serialization.add_safe_globals`. We recommend you start setting `weights_only=True` for any use case where you don't have full control of the loaded file. Please open an issue on GitHub for any issues related to this experimental feature.
  checkpoint = torch.load(fname, map_location=DEVICE)
[dump] TranAD       SWaT      n_test=449919 anom=0.1214 stored_f1=0.8057 stored_th=0.479503 -> /data/modeluse/TS/vus_diag/classic_scores/TranAD_SWaT.npz
[done rc=0] TranAD SWaT GPU2
[dump] GDN          SMD       n_test=708420 anom=0.0416 stored_f1=0.3944 stored_th=0.374002 -> /data/modeluse/TS/vus_diag/classic_scores/GDN_SMD.npz
[done rc=0] GDN SMD GPU1
[92mLoading pre-trained model: DAGMM[0m
/data/modeluse/TS/TranAD_improve/main.py:71: FutureWarning: You are using `torch.load` with `weights_only=False` (the current default value), which uses the default pickle module implicitly. It is possible to construct malicious pickle data which will execute arbitrary code during unpickling (See https://github.com/pytorch/pytorch/blob/main/SECURITY.md#untrusted-models for more details). In a future release, the default value for `weights_only` will be flipped to `True`. This limits the functions that could be executed during unpickling. Arbitrary objects will no longer be allowed to be loaded via this mode unless they are explicitly allowlisted by the user via `torch.serialization.add_safe_globals`. We recommend you start setting `weights_only=True` for any use case where you don't have full control of the loaded file. Please open an issue on GitHub for any issues related to this experimental feature.
  checkpoint = torch.load(fname, map_location=DEVICE)
[dump] DAGMM        SMD       n_test=708420 anom=0.0416 stored_f1=0.6544 stored_th=0.064820 -> /data/modeluse/TS/vus_diag/classic_scores/DAGMM_SMD.npz
[done rc=0] DAGMM SMD GPU1
[92mLoading pre-trained model: MAD_GAN[0m
/data/modeluse/TS/TranAD_improve/main.py:71: FutureWarning: You are using `torch.load` with `weights_only=False` (the current default value), which uses the default pickle module implicitly. It is possible to construct malicious pickle data which will execute arbitrary code during unpickling (See https://github.com/pytorch/pytorch/blob/main/SECURITY.md#untrusted-models for more details). In a future release, the default value for `weights_only` will be flipped to `True`. This limits the functions that could be executed during unpickling. Arbitrary objects will no longer be allowed to be loaded via this mode unless they are explicitly allowlisted by the user via `torch.serialization.add_safe_globals`. We recommend you start setting `weights_only=True` for any use case where you don't have full control of the loaded file. Please open an issue on GitHub for any issues related to this experimental feature.
  checkpoint = torch.load(fname, map_location=DEVICE)
[dump] MAD_GAN      SMD       n_test=708420 anom=0.0416 stored_f1=0.4249 stored_th=0.286561 -> /data/modeluse/TS/vus_diag/classic_scores/MAD_GAN_SMD.npz
[done rc=0] MAD_GAN SMD GPU1
[dump] MTAD_GAT     SWaT      n_test=449919 anom=0.1214 stored_f1=0.3028 stored_th=0.463840 -> /data/modeluse/TS/vus_diag/classic_scores/MTAD_GAT_SWaT.npz
[done rc=0] MTAD_GAT SWaT GPU0
ALL_DONE2
