PSM s87: A=0.4664 AP=0.6089 ROC=0.7892 C=0.8817 D=0.9303 gate=0.263 th=0.1112
PSM s90: A=0.4567 AP=0.4728 ROC=0.7385 C=0.8036 D=0.8992 gate=0.397 th=0.08086
PSM s98: A=0.4361 AP=0.4815 ROC=0.6861 C=0.7974 D=0.8894 gate=0.293 th=0.07364
PSM s2021: A=0.4853 AP=0.4431 ROC=0.7201 C=0.8111 D=0.9054 gate=0.256 th=0.1079
SMD s48: A=0.2299 AP=0.1761 ROC=0.7652 C=0.7309 D=0.8269 gate=0.119 th=0.8115
SMD s2021: A=0.2553 AP=0.2077 ROC=0.7857 C=0.7551 D=0.8583 gate=0.093 th=0.5347
SMD s2022: A=0.1566 AP=0.1587 ROC=0.7646 C=0.7316 D=0.8578 gate=0.118 th=0.9788
SMD s2025: A=0.2412 AP=0.1573 ROC=0.7647 C=0.7147 D=0.8012 gate=0.075 th=0.9127
EXA s48: A=0.2400 AP=0.6234 ROC=0.8725 C=0.9436 D=0.9611 gate=0.017 th=4.129
EXA s89: A=0.2422 AP=0.6273 ROC=0.8758 C=0.9430 D=0.9602 gate=0.017 th=4.092
EXA s2021: A=0.2409 AP=0.6250 ROC=0.8750 C=0.9435 D=0.9604 gate=0.017 th=4.144
SWAT s48: A=0.0127 AP=0.7362 ROC=0.8422 C=0.8061 D=0.8710 gate=0.743 th=16.33
SWAT s89: A=0.7554 AP=0.7250 ROC=0.8310 C=0.8193 D=0.8714 gate=0.764 th=5.966
SWAT s2021: A=0.0067 AP=0.7338 ROC=0.8507 C=0.8120 D=0.8641 gate=0.770 th=20.93

=== ISTAD gated 行（mean±std） ===
A      | PSM 0.4611±0.0177 | SMD 0.2208±0.0381 | EXA 0.2410±0.0009 | SWAT 0.2583±0.3516
B_ap   | PSM 0.5016±0.0636 | SMD 0.1750±0.0203 | EXA 0.6252±0.0016 | SWAT 0.7317±0.0048
B_roc  | PSM 0.7335±0.0373 | SMD 0.7700±0.0090 | EXA 0.8744±0.0014 | SWAT 0.8413±0.0081
C      | PSM 0.8235±0.0340 | SMD 0.7331±0.0144 | EXA 0.9434±0.0003 | SWAT 0.8125±0.0054
D      | PSM 0.9061±0.0151 | SMD 0.8361±0.0238 | EXA 0.9606±0.0004 | SWAT 0.8689±0.0034
