===== seed 87 (gate=0.263) =====
  gated_ref  D=0.9303 ROC=0.7892 AP=0.6089 hit=25/72 th=0.3145 np99=0.3511
  revin_ref  D=0.9803 ROC=0.5666 AP=0.3430 hit=55/72 th=0.05053 np99=0.067
  max_z      D=0.9304 ROC=0.7214 AP=0.5786 hit=30/72 th=1.751 np99=2.029
  min_z      D=0.9719 ROC=0.7759 AP=0.5133 hit=46/72 th=0.02127 np99=0.02627
  mean_z     D=0.9316 ROC=0.7899 AP=0.6081 hit=31/72 th=0.9017 np99=1.018
  wmean_03   D=0.9362 ROC=0.7897 AP=0.6037 hit=42/72 th=0.2908 np99=0.6226
  rank_mean  D=0.9628 ROC=0.7352 AP=0.5015 hit=38/72 th=8.23e+04 np99=8.002e+04
  gate_swap  D=0.9803 ROC=0.5666 AP=0.3430 hit=55/72 th=0.04714 np99=0.06834
  gate_or    D=0.9304 ROC=0.7214 AP=0.5786 hit=30/72 th=1.751 np99=2.029
===== seed 90 (gate=0.397) =====
  gated_ref  D=0.8992 ROC=0.7385 AP=0.4728 hit=25/72 th=0.3063 np99=0.4039
  revin_ref  D=0.9746 ROC=0.5447 AP=0.3321 hit=44/72 th=0.03562 np99=0.02148
  max_z      D=0.9538 ROC=0.6563 AP=0.4303 hit=36/72 th=0.6135 np99=0.5359
  min_z      D=0.9637 ROC=0.7417 AP=0.4782 hit=35/72 th=0.05572 np99=0.03205
  mean_z     D=0.9563 ROC=0.7294 AP=0.4673 hit=36/72 th=0.3552 np99=0.2635
  wmean_03   D=0.9735 ROC=0.7071 AP=0.4496 hit=46/72 th=0.294 np99=0.2057
  rank_mean  D=0.9476 ROC=0.6805 AP=0.4311 hit=37/72 th=7.767e+04 np99=8.05e+04
  gate_swap  D=0.9746 ROC=0.5447 AP=0.3321 hit=44/72 th=0.3132 np99=0.1731
  gate_or    D=0.9538 ROC=0.6563 AP=0.4303 hit=36/72 th=0.6135 np99=0.5359
===== seed 2021 (gate=0.256) =====
  gated_ref  D=0.9054 ROC=0.7201 AP=0.4431 hit=17/72 th=0.453 np99=0.364
  revin_ref  D=0.9810 ROC=0.5282 AP=0.3208 hit=52/72 th=0.01651 np99=0.02092
  max_z      D=0.9365 ROC=0.6635 AP=0.4223 hit=31/72 th=2.459 np99=1.957
  min_z      D=0.9719 ROC=0.7193 AP=0.4637 hit=52/72 th=0.07338 np99=0.1265
  mean_z     D=0.9612 ROC=0.7133 AP=0.4459 hit=37/72 th=1.173 np99=0.9738
  wmean_03   D=0.9677 ROC=0.6939 AP=0.4387 hit=42/72 th=1.267 np99=0.641
  rank_mean  D=0.9609 ROC=0.6666 AP=0.4241 hit=56/72 th=7.457e+04 np99=8.043e+04
  gate_swap  D=0.9810 ROC=0.5282 AP=0.3208 hit=52/72 th=0.3249 np99=0.4354
  gate_or    D=0.9365 ROC=0.6635 AP=0.4223 hit=31/72 th=2.459 np99=1.957

===== PSM seed-mean =====
  gated_ref  D=0.9116 ROC=0.7493 AP=0.5083 hit=22.3/72 np99=0.373
  revin_ref  D=0.9786 ROC=0.5465 AP=0.3320 hit=50.3/72 np99=0.03647
  max_z      D=0.9402 ROC=0.6804 AP=0.4771 hit=32.3/72 np99=1.507
  min_z      D=0.9692 ROC=0.7456 AP=0.4851 hit=44.3/72 np99=0.06162
  mean_z     D=0.9497 ROC=0.7442 AP=0.5071 hit=34.7/72 np99=0.7519
  wmean_03   D=0.9591 ROC=0.7302 AP=0.4973 hit=43.3/72 np99=0.4897
  rank_mean  D=0.9571 ROC=0.6941 AP=0.4522 hit=43.7/72 np99=8.032e+04
  gate_swap  D=0.9786 ROC=0.5465 AP=0.3320 hit=50.3/72 np99=0.2256
  gate_or    D=0.9402 ROC=0.6804 AP=0.4771 hit=32.3/72 np99=1.507
