
########## PSM ##########
ISTAD          87  V0=0.9665/A=0.1302  V1=0.9673/A=0.1252  V2=0.9673/A=0.1252  V3=0.9722/A=0.1010  V4=0.8336/A=0.4692
ISTAD          90  V0=0.9572/A=0.0174  V1=0.9329/A=0.0149  V2=0.9329/A=0.0149  V3=0.8714/A=0.0059  V4=0.7743/A=0.4829
ISTAD          98  V0=0.9593/A=0.1666  V1=0.9608/A=0.1620  V2=0.9608/A=0.1620  V3=0.9696/A=0.1288  V4=0.8150/A=0.5110
ISTAD        2021  V0=0.9427/A=0.0841  V1=0.9433/A=0.0806  V2=0.9433/A=0.0806  V3=0.9460/A=0.0614  V4=0.8289/A=0.3722
TimesNet       48  V0=0.9666/A=0.0995  V1=0.9675/A=0.0920  V2=0.9675/A=0.0920  V3=0.9652/A=0.0557  V4=0.7579/A=0.3592
TimesNet     2021  V0=0.9681/A=0.0991  V1=0.9688/A=0.0916  V2=0.9688/A=0.0916  V3=0.9736/A=0.0560  V4=0.7576/A=0.3643
TimesNet     2022  V0=0.9668/A=0.0971  V1=0.9678/A=0.0900  V2=0.9678/A=0.0900  V3=0.9725/A=0.0545  V4=0.7577/A=0.3570
DLinear        48  V0=0.9662/A=0.0743  V1=0.9667/A=0.0674  V2=0.9667/A=0.0674  V3=0.9663/A=0.0449  V4=0.8043/A=0.3202
DLinear      2021  V0=0.9663/A=0.0742  V1=0.9666/A=0.0673  V2=0.9666/A=0.0673  V3=0.9663/A=0.0448  V4=0.8043/A=0.3201
DLinear      2022  V0=0.9663/A=0.0744  V1=0.9666/A=0.0673  V2=0.9666/A=0.0673  V3=0.9664/A=0.0449  V4=0.8043/A=0.3202
KANAD          48  V0=0.8925/A=0.0548  V1=0.8929/A=0.0524  V2=0.8929/A=0.0524  V3=0.8900/A=0.0368  V4=0.7476/A=0.4760
KANAD        2021  V0=0.9646/A=0.0964  V1=0.9657/A=0.0918  V2=0.9657/A=0.0918  V3=0.9588/A=0.0436  V4=0.7129/A=0.4336
KANAD        2022  V0=0.9325/A=0.0654  V1=0.9337/A=0.0624  V2=0.9337/A=0.0624  V3=0.8939/A=0.0384  V4=0.7200/A=0.4480
DAGMM           s  V0=0.7863/A=0.0059  V1=0.7387/A=0.0027  V2=0.7387/A=0.0027  V3=0.7387/A=0.0018  V4=0.7607/A=0.3850
GDN             s  V0=0.6999/A=0.1794  V1=0.3910/A=0.1528  V2=0.3910/A=0.1528  V3=0.3738/A=0.0919  V4=0.6683/A=0.3234
LSTM_AD         s  V0=0.6985/A=0.2384  V1=0.8291/A=0.0748  V2=0.8291/A=0.0748  V3=0.5430/A=0.0588  V4=0.6949/A=0.2408
MAD_GAN         s  V0=0.7386/A=0.0269  V1=0.7386/A=0.0189  V2=0.7386/A=0.0189  V3=0.7386/A=0.0060  V4=0.7686/A=0.4068
MTAD_GAT        s  V0=0.9188/A=0.1371  V1=0.9623/A=0.0534  V2=0.9623/A=0.0534  V3=0.9605/A=0.0261  V4=0.7328/A=0.3108
OmniAnomaly     s  V0=0.7478/A=0.0272  V1=0.3634/A=0.0270  V2=0.3634/A=0.0270  V3=0.3634/A=0.0116  V4=0.8212/A=0.3337
TranAD          s  V0=0.7775/A=0.0061  V1=0.7387/A=0.0043  V2=0.7387/A=0.0043  V3=0.7387/A=0.0029  V4=0.7411/A=0.4462

===== PSM C（POT+PA）按变体 mean±std =====
[V0_lm_table] ISTAD=0.9564±0.0086 | TimesNet=0.9672±0.0007 | DLinear=0.9663±0.0001 | KANAD=0.9299±0.0295 | DAGMM=0.7863 | GDN=0.6999 | LSTM_AD=0.6985 | MAD_GAN=0.7386 | MTAD_GAT=0.9188 | OmniAnomaly=0.7478 | TranAD=0.7775
[V1_mult1] ISTAD=0.9511±0.0137 | TimesNet=0.9680±0.0005 | DLinear=0.9666±0.0000 | KANAD=0.9308±0.0298 | DAGMM=0.7387 | GDN=0.3910 | LSTM_AD=0.8291 | MAD_GAN=0.7386 | MTAD_GAT=0.9623 | OmniAnomaly=0.3634 | TranAD=0.7387
[V2_flat98] ISTAD=0.9511±0.0137 | TimesNet=0.9680±0.0005 | DLinear=0.9666±0.0000 | KANAD=0.9308±0.0298 | DAGMM=0.7387 | GDN=0.3910 | LSTM_AD=0.8291 | MAD_GAN=0.7386 | MTAD_GAT=0.9623 | OmniAnomaly=0.3634 | TranAD=0.7387
[V3_flat99] ISTAD=0.9398±0.0408 | TimesNet=0.9705±0.0037 | DLinear=0.9663±0.0001 | KANAD=0.9142±0.0316 | DAGMM=0.7387 | GDN=0.3738 | LSTM_AD=0.5430 | MAD_GAN=0.7386 | MTAD_GAT=0.9605 | OmniAnomaly=0.3634 | TranAD=0.7387
[V4_pctl_rate] ISTAD=0.8130±0.0233 | TimesNet=0.7577±0.0001 | DLinear=0.8043±0.0000 | KANAD=0.7268±0.0150 | DAGMM=0.7607 | GDN=0.6683 | LSTM_AD=0.6949 | MAD_GAN=0.7686 | MTAD_GAT=0.7328 | OmniAnomaly=0.8212 | TranAD=0.7411
[V0_lm_table] ISTAD 排位 #3 / best=TimesNet
[V1_mult1] ISTAD 排位 #4 / best=TimesNet
[V2_flat98] ISTAD 排位 #4 / best=TimesNet
[V3_flat99] ISTAD 排位 #4 / best=TimesNet
[V4_pctl_rate] ISTAD 排位 #2 / best=OmniAnomaly

[done] -> pot_robust_sim.json
