
########## EXA ##########
ISTAD          48  V0=0.9436/A=0.2400  V1=0.9436/A=0.2400  V2=0.9602/A=0.4122  V3=0.9436/A=0.2400  V4=0.8953/A=0.6658
ISTAD          89  V0=0.9430/A=0.2422  V1=0.9430/A=0.2422  V2=0.9589/A=0.4161  V3=0.9430/A=0.2422  V4=0.8975/A=0.6698
ISTAD        2021  V0=0.9435/A=0.2409  V1=0.9435/A=0.2409  V2=0.9591/A=0.4152  V3=0.9435/A=0.2409  V4=0.8954/A=0.6682
TimesNet       48  V0=0.9524/A=0.1522  V1=0.9524/A=0.1522  V2=0.9205/A=0.2615  V3=0.9524/A=0.1522  V4=0.7860/A=0.4447
TimesNet     2021  V0=0.9526/A=0.1427  V1=0.9526/A=0.1427  V2=0.9288/A=0.2216  V3=0.9526/A=0.1427  V4=0.8016/A=0.4149
TimesNet     2022  V0=0.9539/A=0.1329  V1=0.9539/A=0.1329  V2=0.9242/A=0.2335  V3=0.9539/A=0.1329  V4=0.7945/A=0.4336
DLinear        48  V0=0.9557/A=0.1295  V1=0.9557/A=0.1295  V2=0.9442/A=0.2276  V3=0.9557/A=0.1295  V4=0.8324/A=0.4430
DLinear      2021  V0=0.9557/A=0.1292  V1=0.9557/A=0.1292  V2=0.9544/A=0.2281  V3=0.9557/A=0.1292  V4=0.8365/A=0.4513
DLinear      2022  V0=0.9555/A=0.1302  V1=0.9555/A=0.1302  V2=0.9485/A=0.2285  V3=0.9555/A=0.1302  V4=0.8333/A=0.4470
KANAD          48  V0=0.9564/A=0.1091  V1=0.9564/A=0.1091  V2=0.9517/A=0.2432  V3=0.9564/A=0.1091  V4=0.8349/A=0.4865
KANAD        2021  V0=0.9604/A=0.1166  V1=0.9604/A=0.1166  V2=0.9548/A=0.2430  V3=0.9604/A=0.1166  V4=0.8465/A=0.4834
KANAD        2022  V0=0.9562/A=0.1185  V1=0.9562/A=0.1185  V2=0.9554/A=0.2508  V3=0.9562/A=0.1185  V4=0.8447/A=0.4950
DAGMM           s  V0=0.9510/A=0.1080  V1=0.9510/A=0.1080  V2=0.9397/A=0.1912  V3=0.9510/A=0.1080  V4=0.7849/A=0.4176
GDN             s  V0=0.8916/A=0.2503  V1=0.8916/A=0.2503  V2=0.9125/A=0.3126  V3=0.8916/A=0.2503  V4=0.7251/A=0.3226
LSTM_AD         s  V0=0.9171/A=0.1280  V1=0.9171/A=0.1280  V2=0.9260/A=0.1759  V3=0.9171/A=0.1280  V4=0.7129/A=0.1587
MAD_GAN         s  V0=0.9516/A=0.1154  V1=0.9516/A=0.1154  V2=0.9362/A=0.1990  V3=0.9516/A=0.1154  V4=0.7970/A=0.4341
MTAD_GAT        s  V0=0.7924/A=0.0234  V1=0.7924/A=0.0234  V2=0.8373/A=0.0409  V3=0.7924/A=0.0234  V4=0.6986/A=0.1355
OmniAnomaly     s  V0=0.9394/A=0.1157  V1=0.9394/A=0.1157  V2=0.9362/A=0.1876  V3=0.9394/A=0.1157  V4=0.7832/A=0.4158
TranAD          s  V0=0.9481/A=0.1297  V1=0.9481/A=0.1297  V2=0.9348/A=0.2370  V3=0.9481/A=0.1297  V4=0.7956/A=0.4710

===== EXA C（POT+PA）按变体 mean±std =====
[V0_lm_table] ISTAD=0.9434±0.0003 | TimesNet=0.9530±0.0007 | DLinear=0.9556±0.0001 | KANAD=0.9577±0.0020 | DAGMM=0.9510 | GDN=0.8916 | LSTM_AD=0.9171 | MAD_GAN=0.9516 | MTAD_GAT=0.7924 | OmniAnomaly=0.9394 | TranAD=0.9481
[V1_mult1] ISTAD=0.9434±0.0003 | TimesNet=0.9530±0.0007 | DLinear=0.9556±0.0001 | KANAD=0.9577±0.0020 | DAGMM=0.9510 | GDN=0.8916 | LSTM_AD=0.9171 | MAD_GAN=0.9516 | MTAD_GAT=0.7924 | OmniAnomaly=0.9394 | TranAD=0.9481
[V2_flat98] ISTAD=0.9594±0.0006 | TimesNet=0.9245±0.0034 | DLinear=0.9490±0.0042 | KANAD=0.9540±0.0016 | DAGMM=0.9397 | GDN=0.9125 | LSTM_AD=0.9260 | MAD_GAN=0.9362 | MTAD_GAT=0.8373 | OmniAnomaly=0.9362 | TranAD=0.9348
[V3_flat99] ISTAD=0.9434±0.0003 | TimesNet=0.9530±0.0007 | DLinear=0.9556±0.0001 | KANAD=0.9577±0.0020 | DAGMM=0.9510 | GDN=0.8916 | LSTM_AD=0.9171 | MAD_GAN=0.9516 | MTAD_GAT=0.7924 | OmniAnomaly=0.9394 | TranAD=0.9481
[V4_pctl_rate] ISTAD=0.8961±0.0010 | TimesNet=0.7941±0.0064 | DLinear=0.8341±0.0017 | KANAD=0.8420±0.0051 | DAGMM=0.7849 | GDN=0.7251 | LSTM_AD=0.7129 | MAD_GAN=0.7970 | MTAD_GAT=0.6986 | OmniAnomaly=0.7832 | TranAD=0.7956
[V0_lm_table] ISTAD 排位 #7 / best=KANAD
[V1_mult1] ISTAD 排位 #7 / best=KANAD
[V2_flat98] ISTAD 排位 #1 / best=ISTAD
[V3_flat99] ISTAD 排位 #7 / best=KANAD
[V4_pctl_rate] ISTAD 排位 #1 / best=ISTAD

[done] -> pot_robust_sim.json
