=== POT on 50 runs ===
DLinear   EXA       s   48  POT-F1=0.9557  P=0.9564 R=0.9551  OK
DLinear   EXA       s 2022  POT-F1=0.9555  P=0.9559 R=0.9551  OK
TimesNet  EXA       s   48  POT-F1=0.9524  P=0.9482 R=0.9567  OK
KANAD     EXA       s   48  POT-F1=0.9564  P=0.9577 R=0.9551  OK
TimesNet  EXA       s 2022  POT-F1=0.9539  P=0.9527 R=0.9551  OK
KANAD     EXA       s 2021  POT-F1=0.9604  P=0.9550 R=0.9660  OK
DLinear   EXA       s 2021  POT-F1=0.9557  P=0.9564 R=0.9551  OK
TimesNet  EXA       s 2021  POT-F1=0.9526  P=0.9501 R=0.9551  OK
KANAD     EXA       s 2022  POT-F1=0.9562  P=0.9556 R=0.9567  OK
TimesNet  SMD       s   48  POT-F1=0.7687  P=0.6767 R=0.8898  OK
TimesNet  SMD       s 2021  POT-F1=0.7714  P=0.6796 R=0.8920  OK
TimesNet  SMD       s 2022  POT-F1=0.7776  P=0.6906 R=0.8895  OK
DLinear   SMD       s   48  POT-F1=0.7605  P=0.6357 R=0.9463  OK
DLinear   SMD       s 2021  POT-F1=0.7624  P=0.6382 R=0.9466  OK
DLinear   SMD       s 2022  POT-F1=0.7623  P=0.6378 R=0.9474  OK
KANAD     SMD       s   48  POT-F1=0.7032  P=0.5633 R=0.9355  OK
KANAD     SMD       s 2021  POT-F1=0.7386  P=0.5967 R=0.9689  OK
KANAD     SMD       s 2022  POT-F1=0.7167  P=0.5781 R=0.9427  OK
KANAD     PSM       s 2021  POT-F1=0.9646  P=0.9664 R=0.9629  OK
TimesNet  SWAT      s   48  POT-F1=0.8221  P=0.9961 R=0.6999  OK
KANAD     PSM       s   48  POT-F1=0.8925  P=0.9886 R=0.8134  OK
TimesNet  SWAT      s 2021  POT-F1=0.8140  P=0.9968 R=0.6879  OK
KANAD     PSM       s 2022  POT-F1=0.9325  P=0.9834 R=0.8867  OK
TimesNet  SWAT      s 2022  POT-F1=0.8283  P=0.9968 R=0.7085  OK
DLinear   SWAT      s   48  POT-F1=0.8108  P=0.9986 R=0.6824  OK
DLinear   SWAT      s 2021  POT-F1=0.8108  P=0.9986 R=0.6824  OK
KANAD     SWAT      s   48  POT-F1=0.0000  P=0.0000 R=0.0000  OK
DLinear   SWAT      s 2022  POT-F1=0.8108  P=0.9986 R=0.6824  OK
KANAD     SWAT      s 2021  POT-F1=0.0000  P=0.0000 R=0.0000  OK
KANAD     SWAT      s 2022  POT-F1=0.0000  P=0.0000 R=0.0000  OK
ISTAD     SMD       s 2021  POT-F1=0.7303  P=0.5844 R=0.9731  OK
ISTAD     SMD       s   48  POT-F1=0.7418  P=0.6220 R=0.9190  OK
ISTAD     SMD       s 2022  POT-F1=0.7345  P=0.6193 R=0.9025  OK
ISTAD     SMD       s 2025  POT-F1=0.7004  P=0.5464 R=0.9751  OK
ISTAD     PSM       s   90  POT-F1=0.7453  P=0.6071 R=0.9651  OK
ISTAD     PSM       s   87  POT-F1=0.7992  P=0.6849 R=0.9593  OK
ISTAD     EXA       s   48  POT-F1=0.9582  P=0.9526 R=0.9639  OK
ISTAD     EXA       s   89  POT-F1=0.9539  P=0.9532 R=0.9545  OK
ISTAD     EXA       s 2021  POT-F1=0.9539  P=0.9534 R=0.9545  OK
ISTAD     PSM       s   98  POT-F1=0.7949  P=0.6754 R=0.9658  OK
ISTAD     PSM       s 2021  POT-F1=0.8131  P=0.7107 R=0.9500  OK
ISTAD     SWAT      s   48  POT-F1=0.8108  P=0.9972 R=0.6831  OK
ISTAD     SWAT      s 2021  POT-F1=0.8168  P=0.9974 R=0.6916  OK
ISTAD     SWAT      s   89  POT-F1=0.8240  P=0.9491 R=0.7281  OK
DLinear   PSM       s 2021  POT-F1=0.9663  P=0.9744 R=0.9584  OK
DLinear   PSM       s 2022  POT-F1=0.9663  P=0.9744 R=0.9584  OK
DLinear   PSM       s   48  POT-F1=0.9662  P=0.9744 R=0.9581  OK
TimesNet  PSM       s 2021  POT-F1=0.9681  P=0.9621 R=0.9742  OK
TimesNet  PSM       s   48  POT-F1=0.9666  P=0.9612 R=0.9721  OK
TimesNet  PSM       s 2022  POT-F1=0.9668  P=0.9618 R=0.9718  OK

=== POT aggregate mean±std ===
DLinear   EXA       N=3  POT-F1 0.9556±0.0001
DLinear   PSM       N=3  POT-F1 0.9663±0.0001
DLinear   SMD       N=3  POT-F1 0.7617±0.0011
DLinear   SWAT      N=3  POT-F1 0.8108±0.0000
ISTAD     EXA       N=3  POT-F1 0.9553±0.0025
ISTAD     PSM       N=4  POT-F1 0.7881±0.0296
ISTAD     SMD       N=4  POT-F1 0.7268±0.0182
ISTAD     SWAT      N=3  POT-F1 0.8172±0.0066
KANAD     EXA       N=3  POT-F1 0.9577±0.0024
KANAD     PSM       N=3  POT-F1 0.9299±0.0361
KANAD     SMD       N=3  POT-F1 0.7195±0.0179
KANAD     SWAT      N=3  POT-F1 0.0000±0.0000
TimesNet  EXA       N=3  POT-F1 0.9530±0.0008
TimesNet  PSM       N=3  POT-F1 0.9672±0.0008
TimesNet  SMD       N=3  POT-F1 0.7726±0.0045
TimesNet  SWAT      N=3  POT-F1 0.8215±0.0072
