
########## SWAT ##########
ISTAD          48  V0=0.8061/A=0.0127  V1=0.8121/A=0.0365  V2=0.3977/A=0.3509  V3=0.8574/A=0.7199  V4=0.5661/A=0.4995
ISTAD          89  V0=0.8193/A=0.7554  V1=0.8540/A=0.7515  V2=0.3063/A=0.2921  V3=0.5704/A=0.4835  V4=0.5474/A=0.4645
ISTAD        2021  V0=0.8120/A=0.0067  V1=0.8116/A=0.0098  V2=0.5405/A=0.4730  V3=0.8412/A=0.7354  V4=0.5834/A=0.5120
TimesNet       48  V0=0.8221/A=0.0073  V1=0.8279/A=0.0085  V2=0.8745/A=0.0525  V3=0.8914/A=0.0399  V4=0.6655/A=0.0923
TimesNet     2021  V0=0.8140/A=0.0072  V1=0.8162/A=0.0077  V2=0.8729/A=0.0545  V3=0.9027/A=0.0421  V4=0.6638/A=0.0904
TimesNet     2022  V0=0.8283/A=0.0063  V1=0.8280/A=0.0081  V2=0.8854/A=0.0556  V3=0.8871/A=0.0424  V4=0.6705/A=0.0906
DLinear        48  V0=0.8108/A=0.0037  V1=0.8384/A=0.0045  V2=0.8574/A=0.0385  V3=0.8522/A=0.0221  V4=0.6802/A=0.2322
DLinear      2021  V0=0.8108/A=0.0033  V1=0.8384/A=0.0044  V2=0.8576/A=0.0385  V3=0.8521/A=0.0224  V4=0.6849/A=0.2214
DLinear      2022  V0=0.8108/A=0.0036  V1=0.8384/A=0.0046  V2=0.8575/A=0.0383  V3=0.8522/A=0.0225  V4=0.6886/A=0.2461
KANAD          48  V0=0.0000/A=0.0000  V1=0.7931/A=0.6724  V2=0.2912/A=0.2748  V3=0.3155/A=0.2886  V4=0.5170/A=0.4373
KANAD        2021  V0=0.0000/A=0.0000  V1=0.7931/A=0.6767  V2=0.2933/A=0.2772  V3=0.3189/A=0.2889  V4=0.5099/A=0.4383
KANAD        2022  V0=0.0000/A=0.0000  V1=0.7931/A=0.5738  V2=0.2932/A=0.2769  V3=0.3187/A=0.2887  V4=0.5172/A=0.4380
DAGMM           s  V0=0.8025/A=0.7225  V1=0.4268/A=0.3749  V2=0.2880/A=0.2833  V3=0.2935/A=0.2839  V4=0.4854/A=0.4246
GDN             s  V0=0.2987/A=0.0776  V1=0.2855/A=0.2811  V2=0.2532/A=0.2459  V3=0.2545/A=0.2470  V4=0.0805/A=0.0667
LSTM_AD         s  V0=0.0000/A=0.0000  V1=0.0000/A=0.0000  V2=0.2797/A=0.2665  V3=0.2820/A=0.2672  V4=0.4961/A=0.4634
MAD_GAN         s  V0=0.5579/A=0.5085  V1=0.3217/A=0.3109  V2=0.2813/A=0.2688  V3=0.2835/A=0.2701  V4=0.4933/A=0.4536
MTAD_GAT        s  V0=0.3028/A=0.2816  V1=0.2931/A=0.2786  V2=0.2916/A=0.2657  V3=0.2917/A=0.2688  V4=0.4132/A=0.0556
OmniAnomaly     s  V0=0.0000/A=0.0000  V1=0.0000/A=0.0000  V2=0.3070/A=0.2839  V3=0.3060/A=0.2860  V4=0.5030/A=0.4634
TranAD          s  V0=0.8057/A=0.7383  V1=0.5203/A=0.4669  V2=0.2866/A=0.2825  V3=0.2947/A=0.2885  V4=0.4887/A=0.4383

===== SWAT C（POT+PA）按变体 mean±std =====
[V0_lm_table] ISTAD=0.8125±0.0054 | TimesNet=0.8215±0.0059 | DLinear=0.8108±0.0000 | KANAD=0.0000±0.0000 | DAGMM=0.8025 | GDN=0.2987 | LSTM_AD=0.0000 | MAD_GAN=0.5579 | MTAD_GAT=0.3028 | OmniAnomaly=0.0000 | TranAD=0.8057
[V1_mult1] ISTAD=0.8259±0.0199 | TimesNet=0.8240±0.0056 | DLinear=0.8384±0.0000 | KANAD=0.7931±0.0000 | DAGMM=0.4268 | GDN=0.2855 | LSTM_AD=0.0000 | MAD_GAN=0.3217 | MTAD_GAT=0.2931 | OmniAnomaly=0.0000 | TranAD=0.5203
[V2_flat98] ISTAD=0.4148±0.0964 | TimesNet=0.8776±0.0056 | DLinear=0.8575±0.0001 | KANAD=0.2926±0.0010 | DAGMM=0.2880 | GDN=0.2532 | LSTM_AD=0.2797 | MAD_GAN=0.2813 | MTAD_GAT=0.2916 | OmniAnomaly=0.3070 | TranAD=0.2866
[V3_flat99] ISTAD=0.7564±0.1316 | TimesNet=0.8937±0.0066 | DLinear=0.8522±0.0000 | KANAD=0.3177±0.0016 | DAGMM=0.2935 | GDN=0.2545 | LSTM_AD=0.2820 | MAD_GAN=0.2835 | MTAD_GAT=0.2917 | OmniAnomaly=0.3060 | TranAD=0.2947
[V4_pctl_rate] ISTAD=0.5656±0.0147 | TimesNet=0.6666±0.0029 | DLinear=0.6846±0.0034 | KANAD=0.5147±0.0034 | DAGMM=0.4854 | GDN=0.0805 | LSTM_AD=0.4961 | MAD_GAN=0.4933 | MTAD_GAT=0.4132 | OmniAnomaly=0.5030 | TranAD=0.4887
[V0_lm_table] ISTAD 排位 #2 / best=TimesNet
[V1_mult1] ISTAD 排位 #2 / best=DLinear
[V2_flat98] ISTAD 排位 #3 / best=TimesNet
[V3_flat99] ISTAD 排位 #3 / best=TimesNet
[V4_pctl_rate] ISTAD 排位 #3 / best=DLinear

[done] -> pot_robust_sim.json
