
########## SMD ##########
ISTAD          48  V0=0.7977/A=0.0801  V1=0.7977/A=0.0801  V2=0.8267/A=0.1027  V3=0.7750/A=0.0737  V4=0.7999/A=0.1954
ISTAD        2021  V0=0.8133/A=0.0994  V1=0.8133/A=0.0994  V2=0.8423/A=0.1180  V3=0.7686/A=0.0938  V4=0.8077/A=0.1769
ISTAD        2022  V0=0.8231/A=0.0860  V1=0.8231/A=0.0860  V2=0.8284/A=0.0995  V3=0.8250/A=0.0828  V4=0.7574/A=0.1439
ISTAD        2025  V0=0.8433/A=0.0796  V1=0.8433/A=0.0796  V2=0.8288/A=0.0980  V3=0.8248/A=0.0743  V4=0.7700/A=0.1460
TimesNet       48  V0=0.7687/A=0.1399  V1=0.7687/A=0.1399  V2=0.7341/A=0.1539  V3=0.7786/A=0.1361  V4=0.6648/A=0.1873
TimesNet     2021  V0=0.7714/A=0.1516  V1=0.7714/A=0.1516  V2=0.7412/A=0.1737  V3=0.7868/A=0.1447  V4=0.6689/A=0.1957
TimesNet     2022  V0=0.7776/A=0.1444  V1=0.7776/A=0.1444  V2=0.7508/A=0.1584  V3=0.7899/A=0.1399  V4=0.6706/A=0.1902
DLinear        48  V0=0.7605/A=0.1390  V1=0.7605/A=0.1390  V2=0.7270/A=0.1605  V3=0.7770/A=0.1337  V4=0.6626/A=0.1826
DLinear      2021  V0=0.7624/A=0.1388  V1=0.7624/A=0.1388  V2=0.7264/A=0.1602  V3=0.7729/A=0.1342  V4=0.6626/A=0.1826
DLinear      2022  V0=0.7623/A=0.1390  V1=0.7623/A=0.1390  V2=0.7271/A=0.1605  V3=0.7783/A=0.1336  V4=0.6626/A=0.1819
KANAD          48  V0=0.7032/A=0.2018  V1=0.7032/A=0.2018  V2=0.6254/A=0.2091  V3=0.7362/A=0.1957  V4=0.6118/A=0.2093
KANAD        2021  V0=0.7386/A=0.2086  V1=0.7386/A=0.2086  V2=0.6472/A=0.2176  V3=0.7636/A=0.2017  V4=0.6222/A=0.2171
KANAD        2022  V0=0.7167/A=0.2003  V1=0.7167/A=0.2003  V2=0.6360/A=0.2091  V3=0.7428/A=0.1938  V4=0.6173/A=0.2086
DAGMM           s  V0=0.6544/A=0.1418  V1=0.6544/A=0.1418  V2=0.6647/A=0.1689  V3=0.6645/A=0.1345  V4=0.6044/A=0.2005
GDN             s  V0=0.3944/A=0.0857  V1=0.3944/A=0.0857  V2=0.4218/A=0.1096  V3=0.3949/A=0.0771  V4=0.3250/A=0.1282
LSTM_AD         s  V0=0.0432/A=0.0013  V1=0.0432/A=0.0013  V2=0.0850/A=0.0036  V3=0.0449/A=0.0010  V4=0.0802/A=0.0092
MAD_GAN         s  V0=0.4249/A=0.0604  V1=0.4249/A=0.0604  V2=0.4152/A=0.0706  V3=0.4084/A=0.0482  V4=0.3977/A=0.1204
MTAD_GAT        s  V0=0.1284/A=0.0032  V1=0.1284/A=0.0032  V2=0.1695/A=0.0059  V3=0.1300/A=0.0026  V4=0.2790/A=0.0153
OmniAnomaly     s  V0=0.5149/A=0.1005  V1=0.5149/A=0.1005  V2=0.5388/A=0.1258  V3=0.5297/A=0.0946  V4=0.5114/A=0.1596
TranAD          s  V0=0.7825/A=0.2239  V1=0.7646/A=0.2239  V2=0.5940/A=0.1825  V3=0.6871/A=0.2086  V4=0.5538/A=0.1714

===== SMD C（POT+PA）按变体 mean±std =====
[V0_lm_table] ISTAD=0.8194±0.0165 | TimesNet=0.7726±0.0037 | DLinear=0.7617±0.0009 | KANAD=0.7195±0.0146 | DAGMM=0.6544 | GDN=0.3944 | LSTM_AD=0.0432 | MAD_GAN=0.4249 | MTAD_GAT=0.1284 | OmniAnomaly=0.5149 | TranAD=0.7825
[V1_mult1] ISTAD=0.8194±0.0165 | TimesNet=0.7726±0.0037 | DLinear=0.7617±0.0009 | KANAD=0.7195±0.0146 | DAGMM=0.6544 | GDN=0.3944 | LSTM_AD=0.0432 | MAD_GAN=0.4249 | MTAD_GAT=0.1284 | OmniAnomaly=0.5149 | TranAD=0.7646
[V2_flat98] ISTAD=0.8316±0.0063 | TimesNet=0.7421±0.0068 | DLinear=0.7268±0.0003 | KANAD=0.6362±0.0089 | DAGMM=0.6647 | GDN=0.4218 | LSTM_AD=0.0850 | MAD_GAN=0.4152 | MTAD_GAT=0.1695 | OmniAnomaly=0.5388 | TranAD=0.5940
[V3_flat99] ISTAD=0.7984±0.0266 | TimesNet=0.7851±0.0048 | DLinear=0.7761±0.0023 | KANAD=0.7475±0.0117 | DAGMM=0.6645 | GDN=0.3949 | LSTM_AD=0.0449 | MAD_GAN=0.4084 | MTAD_GAT=0.1300 | OmniAnomaly=0.5297 | TranAD=0.6871
[V4_pctl_rate] ISTAD=0.7837±0.0207 | TimesNet=0.6681±0.0024 | DLinear=0.6626±0.0000 | KANAD=0.6171±0.0042 | DAGMM=0.6044 | GDN=0.3250 | LSTM_AD=0.0802 | MAD_GAN=0.3977 | MTAD_GAT=0.2790 | OmniAnomaly=0.5114 | TranAD=0.5538
[V0_lm_table] ISTAD 排位 #1 / best=ISTAD
[V1_mult1] ISTAD 排位 #1 / best=ISTAD
[V2_flat98] ISTAD 排位 #1 / best=ISTAD
[V3_flat99] ISTAD 排位 #1 / best=ISTAD
[V4_pctl_rate] ISTAD 排位 #1 / best=ISTAD

[done] -> pot_robust_sim.json
