Using GPU
Args in experiment:
[1mBasic Config[0m
  Task Name:          anomaly_detection   Is Training:        1                   
  Model ID:           PSM                 Model:              ISTAD               
  Seed:               90                  Itr:                1                   

[1mData Loader[0m
  Data:               PSM                 Root Path:          ./dataset/PSM       
  Features:           M                   Seq Len:            64                  
  Enc In:             25                  C Out:              25                  
  Checkpoints:        ./checkpoints/      

[1mAnomaly Detection Task[0m
  Anomaly Ratio:      1.0                 

[1mISTAD Parameters[0m
  Kernel Size:        7                   Branch Mode:        hgat_kan_tcn        
  TCN Type:           kan                 
  Feat GAT Dim:       -1                  GRU Layers:         1                   
  GRU Hidden:         150                 Recon Layers:       1                   
  Recon Hidden:       150                 ISTAD Dropout:      0.3                 
  Recon Type:         kanad               KANAD Order:        6                   
  Leaky Alpha:        0.2                 H Init:             normal              
  Hyperedges:         -1                  Top-K Nodes:        -1                  
  KAN Grid:           10                  KAN Order:          3                   
  Arch:               legacy              Ablation:           full                
  Explainability:     1                   Explain Batches:    0                   
  Explain Points:     20000               Explain TopK:       10                  
  SmoothGrad:         0                   SG Samples:         20                  
  SG Noise:           0.1                 Quad Mode:          quantile            
  Quad Value:         0.75                Err Agg:            sum                 
  Sal Agg:            sum                 

[1mRun Parameters[0m
  Num Workers:        4                   Batch Size:         64                  
  Train Epochs:       3                   Patience:           5                   
  Learning Rate:      0.01                Lradj:              type1               
  Des:                PSM_g10_revin_s90   

[1mGPU[0m
  Use GPU:            1                   GPU:                0                   
  Use Multi GPU:      0                   Devices:            0,1,2,3             

Use GPU: cuda:0
🚀 Lazy Loading: ISTAD ...
>>>>>>>start training : anomaly_detection_PSM_ISTAD_PSM_ftM_sl64_bmhgat_kan_tcn_bs64_PSM_g10_revin_s90_0>>>>>>>>>>>>>>>>>>>>>>>>>>
test: (87841, 25)
train: (132481, 25)
train 132418
test: (87841, 25)
train: (132481, 25)
val 26434
test: (87841, 25)
train: (132481, 25)
test 87778
	iters: 100, epoch: 1 | loss: 0.0454633
	speed: 0.1683s/iter; left time: 1028.5783s
	iters: 200, epoch: 1 | loss: 0.0448508
	speed: 0.0552s/iter; left time: 331.9298s
	iters: 300, epoch: 1 | loss: 0.0226845
	speed: 0.0556s/iter; left time: 328.4645s
	iters: 400, epoch: 1 | loss: 0.0263536
	speed: 0.0553s/iter; left time: 321.5798s
	iters: 500, epoch: 1 | loss: 0.0698486
	speed: 0.0554s/iter; left time: 316.2252s
	iters: 600, epoch: 1 | loss: 0.0188141
	speed: 0.0555s/iter; left time: 311.1735s
	iters: 700, epoch: 1 | loss: 0.0222621
	speed: 0.0554s/iter; left time: 305.2203s
	iters: 800, epoch: 1 | loss: 0.0140892
	speed: 0.0557s/iter; left time: 301.1800s
	iters: 900, epoch: 1 | loss: 0.0253010
	speed: 0.0555s/iter; left time: 294.7458s
	iters: 1000, epoch: 1 | loss: 0.0116845
	speed: 0.0554s/iter; left time: 288.8013s
	iters: 1100, epoch: 1 | loss: 0.0074668
	speed: 0.0557s/iter; left time: 284.6808s
	iters: 1200, epoch: 1 | loss: 0.0135741
	speed: 0.0551s/iter; left time: 276.2113s
	iters: 1300, epoch: 1 | loss: 0.0089530
	speed: 0.0555s/iter; left time: 272.6386s
	iters: 1400, epoch: 1 | loss: 0.0104761
	speed: 0.0546s/iter; left time: 262.6084s
	iters: 1500, epoch: 1 | loss: 0.0071277
	speed: 0.0557s/iter; left time: 262.5613s
	iters: 1600, epoch: 1 | loss: 0.0095666
	speed: 0.0559s/iter; left time: 257.7148s
	iters: 1700, epoch: 1 | loss: 0.0059065
	speed: 0.0559s/iter; left time: 252.3225s
	iters: 1800, epoch: 1 | loss: 0.0083579
	speed: 0.0560s/iter; left time: 247.1695s
	iters: 1900, epoch: 1 | loss: 0.0057155
	speed: 0.0561s/iter; left time: 241.7615s
	iters: 2000, epoch: 1 | loss: 0.0062199
	speed: 0.0560s/iter; left time: 235.7006s
Epoch: 1 cost time: 122.31729364395142
Epoch: 1, Steps: 2070 | Train Loss: 0.0206607 Vali Loss: 0.0081759 Test Loss: 0.0093999
Validation loss decreased (inf --> 0.008176).  Saving model ...
Updating learning rate to 0.01
	iters: 100, epoch: 2 | loss: 0.0066862
	speed: 0.2963s/iter; left time: 1197.2804s
	iters: 200, epoch: 2 | loss: 0.0039601
	speed: 0.0567s/iter; left time: 223.5971s
	iters: 300, epoch: 2 | loss: 0.0099136
	speed: 0.0573s/iter; left time: 219.9358s
	iters: 400, epoch: 2 | loss: 0.0070247
	speed: 0.0583s/iter; left time: 218.1993s
	iters: 500, epoch: 2 | loss: 0.0044323
	speed: 0.0582s/iter; left time: 212.0272s
	iters: 600, epoch: 2 | loss: 0.0043557
	speed: 0.0573s/iter; left time: 202.9849s
	iters: 700, epoch: 2 | loss: 0.0044902
	speed: 0.0546s/iter; left time: 187.7091s
	iters: 800, epoch: 2 | loss: 0.0041338
	speed: 0.0587s/iter; left time: 196.1325s
	iters: 900, epoch: 2 | loss: 0.0076317
	speed: 0.0587s/iter; left time: 190.1091s
	iters: 1000, epoch: 2 | loss: 0.0116656
	speed: 0.0585s/iter; left time: 183.8615s
	iters: 1100, epoch: 2 | loss: 0.0042140
	speed: 0.0587s/iter; left time: 178.5918s
	iters: 1200, epoch: 2 | loss: 0.0042772
	speed: 0.0516s/iter; left time: 151.7050s
	iters: 1300, epoch: 2 | loss: 0.0054226
	speed: 0.0547s/iter; left time: 155.3541s
	iters: 1400, epoch: 2 | loss: 0.0035396
	speed: 0.0577s/iter; left time: 158.0546s
	iters: 1500, epoch: 2 | loss: 0.0104807
	speed: 0.0573s/iter; left time: 151.2476s
	iters: 1600, epoch: 2 | loss: 0.0069780
	speed: 0.0575s/iter; left time: 146.1949s
	iters: 1700, epoch: 2 | loss: 0.0033664
	speed: 0.0553s/iter; left time: 135.0972s
	iters: 1800, epoch: 2 | loss: 0.0122220
	speed: 0.0539s/iter; left time: 126.1655s
	iters: 1900, epoch: 2 | loss: 0.0045841
	speed: 0.0509s/iter; left time: 114.0419s
	iters: 2000, epoch: 2 | loss: 0.0043732
	speed: 0.0559s/iter; left time: 119.7029s
Epoch: 2 cost time: 116.49789476394653
Epoch: 2, Steps: 2070 | Train Loss: 0.0069429 Vali Loss: 0.0105318 Test Loss: 0.0125370
EarlyStopping counter: 1 out of 5
Updating learning rate to 0.005
	iters: 100, epoch: 3 | loss: 0.0045089
	speed: 0.2969s/iter; left time: 585.2574s
	iters: 200, epoch: 3 | loss: 0.0036116
	speed: 0.0568s/iter; left time: 106.2268s
	iters: 300, epoch: 3 | loss: 0.0032202
	speed: 0.0563s/iter; left time: 99.7117s
	iters: 400, epoch: 3 | loss: 0.0023254
	speed: 0.0551s/iter; left time: 91.9921s
	iters: 500, epoch: 3 | loss: 0.0025676
	speed: 0.0558s/iter; left time: 87.6415s
	iters: 600, epoch: 3 | loss: 0.0067379
	speed: 0.0550s/iter; left time: 80.9054s
	iters: 700, epoch: 3 | loss: 0.0033341
	speed: 0.0559s/iter; left time: 76.6535s
	iters: 800, epoch: 3 | loss: 0.0037665
	speed: 0.0566s/iter; left time: 71.9372s
	iters: 900, epoch: 3 | loss: 0.0021671
	speed: 0.0567s/iter; left time: 66.4526s
	iters: 1000, epoch: 3 | loss: 0.0052338
	speed: 0.0568s/iter; left time: 60.8007s
	iters: 1100, epoch: 3 | loss: 0.0046476
	speed: 0.0568s/iter; left time: 55.1988s
	iters: 1200, epoch: 3 | loss: 0.0022786
	speed: 0.0571s/iter; left time: 49.7582s
	iters: 1300, epoch: 3 | loss: 0.0024452
	speed: 0.0576s/iter; left time: 44.4278s
	iters: 1400, epoch: 3 | loss: 0.0034543
	speed: 0.0577s/iter; left time: 38.6955s
	iters: 1500, epoch: 3 | loss: 0.0026911
	speed: 0.0575s/iter; left time: 32.8326s
	iters: 1600, epoch: 3 | loss: 0.0024790
	speed: 0.0566s/iter; left time: 26.6393s
	iters: 1700, epoch: 3 | loss: 0.0032344
	speed: 0.0563s/iter; left time: 20.8918s
	iters: 1800, epoch: 3 | loss: 0.0019834
	speed: 0.0557s/iter; left time: 15.0910s
	iters: 1900, epoch: 3 | loss: 0.0027272
	speed: 0.0564s/iter; left time: 9.6465s
	iters: 2000, epoch: 3 | loss: 0.0019292
	speed: 0.0545s/iter; left time: 3.8691s
Epoch: 3 cost time: 116.7556505203247
Epoch: 3, Steps: 2070 | Train Loss: 0.0039046 Vali Loss: 0.0029460 Test Loss: 0.0040680
Validation loss decreased (0.008176 --> 0.002946).  Saving model ...
Updating learning rate to 0.0025
>>>>>>>testing : anomaly_detection_PSM_ISTAD_PSM_ftM_sl64_bmhgat_kan_tcn_bs64_PSM_g10_revin_s90_0<<<<<<<<<<<<<<<<<<<<<<<<<<<<<<<<<
test: (87841, 25)
train: (132481, 25)
test 87778
test: (87841, 25)
train: (132481, 25)
train 132418
Percentile Threshold : 0.031394592747092276
pred_raw: (5617792,)
gt:      (5617792,)
pred_pa: (5617792,)
gt_pa:   (5617792,)

============================================================
使用百分位数阈值的结果:
============================================================
Accuracy : 0.9852, Precision : 0.9825, Recall : 0.9638, F-score : 0.9731 
============================================================


使用自适应 Best F1 搜索（两阶段）
粗搜索步数: 200, 精细搜索步数: 500

============================================================
自适应 Best F1 阈值搜索（两阶段）
============================================================

分数统计信息:
  最小值: 0.000019
  最大值: 212.877167
  均值: 0.004058
  标准差: 0.254148
  中位数: 0.000626
  第1百分位: 0.000114
  第99百分位: 0.036815

自动确定的搜索范围: [0.000057, 0.073630]

============================================================
阶段 1: 粗搜索（步数: 200）
============================================================

============================================================
开始 Best F1 阈值搜索...
============================================================
搜索范围: [0.0001, 0.0736]
搜索步数: 200
使用点调整: True
阈值: 0.0004 | F1: 0.5332 | Precision: 0.3635 | Recall: 0.9999
阈值: 0.0078 | F1: 0.9444 | Precision: 0.9111 | Recall: 0.9801
阈值: 0.0151 | F1: 0.9655 | Precision: 0.9597 | Recall: 0.9714
阈值: 0.0225 | F1: 0.9706 | Precision: 0.9745 | Recall: 0.9667
阈值: 0.0299 | F1: 0.9728 | Precision: 0.9814 | Recall: 0.9643
阈值: 0.0372 | F1: 0.9734 | Precision: 0.9854 | Recall: 0.9618
阈值: 0.0446 | F1: 0.9719 | Precision: 0.9877 | Recall: 0.9567
阈值: 0.0519 | F1: 0.9714 | Precision: 0.9894 | Recall: 0.9541
阈值: 0.0593 | F1: 0.9705 | Precision: 0.9906 | Recall: 0.9513
阈值: 0.0666 | F1: 0.9700 | Precision: 0.9916 | Recall: 0.9493

============================================================
✓ 找到最佳阈值: 0.035004
  最佳 F1: 0.9735
  Precision: 0.9844
  Recall: 0.9629
============================================================


============================================================
阶段 2: 精细搜索（步数: 500）
============================================================
在最佳阈值 0.035004 附近精细搜索
精细搜索范围: [0.027647, 0.042362]

============================================================
开始 Best F1 阈值搜索...
============================================================
搜索范围: [0.0276, 0.0424]
搜索步数: 500
使用点调整: True
阈值: 0.0277 | F1: 0.9722 | Precision: 0.9798 | Recall: 0.9648
阈值: 0.0291 | F1: 0.9726 | Precision: 0.9809 | Recall: 0.9645
阈值: 0.0306 | F1: 0.9729 | Precision: 0.9820 | Recall: 0.9640
阈值: 0.0321 | F1: 0.9732 | Precision: 0.9829 | Recall: 0.9637
阈值: 0.0336 | F1: 0.9734 | Precision: 0.9838 | Recall: 0.9634
阈值: 0.0350 | F1: 0.9736 | Precision: 0.9845 | Recall: 0.9629
阈值: 0.0365 | F1: 0.9734 | Precision: 0.9851 | Recall: 0.9620
阈值: 0.0380 | F1: 0.9734 | Precision: 0.9857 | Recall: 0.9615
阈值: 0.0394 | F1: 0.9723 | Precision: 0.9862 | Recall: 0.9588
阈值: 0.0409 | F1: 0.9721 | Precision: 0.9866 | Recall: 0.9581

============================================================
✓ 找到最佳阈值: 0.034887
  最佳 F1: 0.9736
  Precision: 0.9844
  Recall: 0.9630
============================================================


✓ 精细搜索找到更好的阈值！

============================================================
自适应搜索完成！
============================================================
最终最佳阈值: 0.034887
最佳 F1: 0.9736
Precision: 0.9844
Recall: 0.9630
============================================================

Saved Best F1 results: ./test_results/anomaly_detection_PSM_ISTAD_PSM_ftM_sl64_bmhgat_kan_tcn_bs64_PSM_g10_revin_s90_0/bestf1_threshold_results.json
Saved anomaly score plot: ./test_results/anomaly_detection_PSM_ISTAD_PSM_ftM_sl64_bmhgat_kan_tcn_bs64_PSM_g10_revin_s90_0/anomaly_score_threshold.png
Running ISTAD explainability analysis...
Saved ISTAD saliency heatmap: ./test_results/anomaly_detection_PSM_ISTAD_PSM_ftM_sl64_bmhgat_kan_tcn_bs64_PSM_g10_revin_s90_0/istad_saliency_heatmap.png
Saved ISTAD feature localization time-series: ./test_results/anomaly_detection_PSM_ISTAD_PSM_ftM_sl64_bmhgat_kan_tcn_bs64_PSM_g10_revin_s90_0/feature_localization_timeseries.csv
Saved ISTAD explainability summary: ./test_results/anomaly_detection_PSM_ISTAD_PSM_ftM_sl64_bmhgat_kan_tcn_bs64_PSM_g10_revin_s90_0/istad_explainability_summary.json
Saved ISTAD segment localization summary: ./test_results/anomaly_detection_PSM_ISTAD_PSM_ftM_sl64_bmhgat_kan_tcn_bs64_PSM_g10_revin_s90_0/segment_localization_summary.json
Saved train time summary: ./test_results/anomaly_detection_PSM_ISTAD_PSM_ftM_sl64_bmhgat_kan_tcn_bs64_PSM_g10_revin_s90_0/train_time_summary.json
