Using GPU
Args in experiment:
[1mBasic Config[0m
  Task Name:          anomaly_detection   Is Training:        1                   
  Model ID:           PSM                 Model:              ISTAD               
  Seed:               2021                Itr:                1                   

[1mData Loader[0m
  Data:               PSM                 Root Path:          ./dataset/PSM       
  Features:           M                   Seq Len:            64                  
  Enc In:             25                  C Out:              25                  
  Checkpoints:        ./checkpoints/      

[1mAnomaly Detection Task[0m
  Anomaly Ratio:      1.0                 

[1mISTAD Parameters[0m
  Kernel Size:        7                   Branch Mode:        hgat_kan_tcn        
  TCN Type:           kan                 
  Feat GAT Dim:       -1                  GRU Layers:         1                   
  GRU Hidden:         150                 Recon Layers:       1                   
  Recon Hidden:       150                 ISTAD Dropout:      0.3                 
  Recon Type:         kanad               KANAD Order:        6                   
  Leaky Alpha:        0.2                 H Init:             normal              
  Hyperedges:         -1                  Top-K Nodes:        -1                  
  KAN Grid:           10                  KAN Order:          3                   
  Arch:               legacy              Ablation:           full                
  Explainability:     1                   Explain Batches:    0                   
  Explain Points:     20000               Explain TopK:       10                  
  SmoothGrad:         0                   SG Samples:         20                  
  SG Noise:           0.1                 Quad Mode:          quantile            
  Quad Value:         0.75                Err Agg:            sum                 
  Sal Agg:            sum                 

[1mRun Parameters[0m
  Num Workers:        4                   Batch Size:         64                  
  Train Epochs:       3                   Patience:           5                   
  Learning Rate:      0.01                Lradj:              type1               
  Des:                PSM_g10_revin_s2021 

[1mGPU[0m
  Use GPU:            1                   GPU:                0                   
  Use Multi GPU:      0                   Devices:            0,1,2,3             

Use GPU: cuda:0
🚀 Lazy Loading: ISTAD ...
>>>>>>>start training : anomaly_detection_PSM_ISTAD_PSM_ftM_sl64_bmhgat_kan_tcn_bs64_PSM_g10_revin_s2021_0>>>>>>>>>>>>>>>>>>>>>>>>>>
test: (87841, 25)
train: (132481, 25)
train 132418
test: (87841, 25)
train: (132481, 25)
val 26434
test: (87841, 25)
train: (132481, 25)
test 87778
	iters: 100, epoch: 1 | loss: 0.0658959
	speed: 0.1682s/iter; left time: 1028.0264s
	iters: 200, epoch: 1 | loss: 0.0413870
	speed: 0.0557s/iter; left time: 334.7601s
	iters: 300, epoch: 1 | loss: 0.0273040
	speed: 0.0557s/iter; left time: 329.1398s
	iters: 400, epoch: 1 | loss: 0.0385453
	speed: 0.0558s/iter; left time: 324.3680s
	iters: 500, epoch: 1 | loss: 0.0272693
	speed: 0.0559s/iter; left time: 319.4923s
	iters: 600, epoch: 1 | loss: 0.0414334
	speed: 0.0557s/iter; left time: 312.7075s
	iters: 700, epoch: 1 | loss: 0.0202272
	speed: 0.0558s/iter; left time: 307.3382s
	iters: 800, epoch: 1 | loss: 0.0103964
	speed: 0.0560s/iter; left time: 302.8327s
	iters: 900, epoch: 1 | loss: 0.0152782
	speed: 0.0559s/iter; left time: 296.9902s
	iters: 1000, epoch: 1 | loss: 0.0134424
	speed: 0.0559s/iter; left time: 291.1314s
	iters: 1100, epoch: 1 | loss: 0.0095172
	speed: 0.0557s/iter; left time: 284.9040s
	iters: 1200, epoch: 1 | loss: 0.0091030
	speed: 0.0556s/iter; left time: 278.4749s
	iters: 1300, epoch: 1 | loss: 0.0224731
	speed: 0.0554s/iter; left time: 271.9935s
	iters: 1400, epoch: 1 | loss: 0.0092197
	speed: 0.0556s/iter; left time: 267.3190s
	iters: 1500, epoch: 1 | loss: 0.0129214
	speed: 0.0556s/iter; left time: 261.8979s
	iters: 1600, epoch: 1 | loss: 0.0067023
	speed: 0.0554s/iter; left time: 255.6457s
	iters: 1700, epoch: 1 | loss: 0.0069771
	speed: 0.0555s/iter; left time: 250.4545s
	iters: 1800, epoch: 1 | loss: 0.0075169
	speed: 0.0556s/iter; left time: 245.2412s
	iters: 1900, epoch: 1 | loss: 0.0074503
	speed: 0.0556s/iter; left time: 239.7019s
	iters: 2000, epoch: 1 | loss: 0.0117166
	speed: 0.0556s/iter; left time: 234.1260s
Epoch: 1 cost time: 122.49611043930054
Epoch: 1, Steps: 2070 | Train Loss: 0.0215130 Vali Loss: 0.0093906 Test Loss: 0.0097789
Validation loss decreased (inf --> 0.009391).  Saving model ...
Updating learning rate to 0.01
	iters: 100, epoch: 2 | loss: 0.0193902
	speed: 0.2953s/iter; left time: 1193.1218s
	iters: 200, epoch: 2 | loss: 0.0053839
	speed: 0.0568s/iter; left time: 223.9413s
	iters: 300, epoch: 2 | loss: 0.0174517
	speed: 0.0558s/iter; left time: 214.4478s
	iters: 400, epoch: 2 | loss: 0.0093467
	speed: 0.0554s/iter; left time: 207.1292s
	iters: 500, epoch: 2 | loss: 0.0081287
	speed: 0.0554s/iter; left time: 201.7491s
	iters: 600, epoch: 2 | loss: 0.0069075
	speed: 0.0533s/iter; left time: 188.8640s
	iters: 700, epoch: 2 | loss: 0.0062952
	speed: 0.0550s/iter; left time: 189.1503s
	iters: 800, epoch: 2 | loss: 0.0039894
	speed: 0.0550s/iter; left time: 183.7308s
	iters: 900, epoch: 2 | loss: 0.0119621
	speed: 0.0543s/iter; left time: 176.1174s
	iters: 1000, epoch: 2 | loss: 0.0066189
	speed: 0.0549s/iter; left time: 172.5480s
	iters: 1100, epoch: 2 | loss: 0.0047753
	speed: 0.0549s/iter; left time: 166.8365s
	iters: 1200, epoch: 2 | loss: 0.0061129
	speed: 0.0552s/iter; left time: 162.2581s
	iters: 1300, epoch: 2 | loss: 0.0040807
	speed: 0.0575s/iter; left time: 163.2427s
	iters: 1400, epoch: 2 | loss: 0.0047464
	speed: 0.0567s/iter; left time: 155.4886s
	iters: 1500, epoch: 2 | loss: 0.0047196
	speed: 0.0573s/iter; left time: 151.4513s
	iters: 1600, epoch: 2 | loss: 0.0064300
	speed: 0.0565s/iter; left time: 143.5493s
	iters: 1700, epoch: 2 | loss: 0.0057256
	speed: 0.0557s/iter; left time: 136.0153s
	iters: 1800, epoch: 2 | loss: 0.0055113
	speed: 0.0565s/iter; left time: 132.2994s
	iters: 1900, epoch: 2 | loss: 0.0040640
	speed: 0.0559s/iter; left time: 125.3160s
	iters: 2000, epoch: 2 | loss: 0.0059062
	speed: 0.0566s/iter; left time: 121.2597s
Epoch: 2 cost time: 115.60629892349243
Epoch: 2, Steps: 2070 | Train Loss: 0.0067898 Vali Loss: 0.0061232 Test Loss: 0.0066509
Validation loss decreased (0.009391 --> 0.006123).  Saving model ...
Updating learning rate to 0.005
	iters: 100, epoch: 3 | loss: 0.0027819
	speed: 0.2884s/iter; left time: 568.3610s
	iters: 200, epoch: 3 | loss: 0.0201782
	speed: 0.0499s/iter; left time: 93.3738s
	iters: 300, epoch: 3 | loss: 0.0027223
	speed: 0.0452s/iter; left time: 80.1362s
	iters: 400, epoch: 3 | loss: 0.0036006
	speed: 0.0482s/iter; left time: 80.4729s
	iters: 500, epoch: 3 | loss: 0.0032304
	speed: 0.0512s/iter; left time: 80.3908s
	iters: 600, epoch: 3 | loss: 0.0029570
	speed: 0.0556s/iter; left time: 81.7447s
	iters: 700, epoch: 3 | loss: 0.0053129
	speed: 0.0557s/iter; left time: 76.3258s
	iters: 800, epoch: 3 | loss: 0.0049593
	speed: 0.0555s/iter; left time: 70.5668s
	iters: 900, epoch: 3 | loss: 0.0026735
	speed: 0.0556s/iter; left time: 65.1558s
	iters: 1000, epoch: 3 | loss: 0.0026808
	speed: 0.0556s/iter; left time: 59.5252s
	iters: 1100, epoch: 3 | loss: 0.0021872
	speed: 0.0484s/iter; left time: 46.9683s
	iters: 1200, epoch: 3 | loss: 0.0036814
	speed: 0.0460s/iter; left time: 40.0499s
	iters: 1300, epoch: 3 | loss: 0.0044861
	speed: 0.0558s/iter; left time: 42.9899s
	iters: 1400, epoch: 3 | loss: 0.0266639
	speed: 0.0553s/iter; left time: 37.1123s
	iters: 1500, epoch: 3 | loss: 0.0031329
	speed: 0.0555s/iter; left time: 31.6629s
	iters: 1600, epoch: 3 | loss: 0.0039718
	speed: 0.0564s/iter; left time: 26.5708s
	iters: 1700, epoch: 3 | loss: 0.0057652
	speed: 0.0563s/iter; left time: 20.8872s
	iters: 1800, epoch: 3 | loss: 0.0041681
	speed: 0.0565s/iter; left time: 15.3205s
	iters: 1900, epoch: 3 | loss: 0.0027485
	speed: 0.0565s/iter; left time: 9.6560s
	iters: 2000, epoch: 3 | loss: 0.0028134
	speed: 0.0564s/iter; left time: 4.0063s
Epoch: 3 cost time: 110.64689922332764
Epoch: 3, Steps: 2070 | Train Loss: 0.0036267 Vali Loss: 0.0037798 Test Loss: 0.0039166
Validation loss decreased (0.006123 --> 0.003780).  Saving model ...
Updating learning rate to 0.0025
>>>>>>>testing : anomaly_detection_PSM_ISTAD_PSM_ftM_sl64_bmhgat_kan_tcn_bs64_PSM_g10_revin_s2021_0<<<<<<<<<<<<<<<<<<<<<<<<<<<<<<<<<
test: (87841, 25)
train: (132481, 25)
test 87778
test: (87841, 25)
train: (132481, 25)
train 132418
Percentile Threshold : 0.03132223762571812
pred_raw: (5617792,)
gt:      (5617792,)
pred_pa: (5617792,)
gt_pa:   (5617792,)

============================================================
使用百分位数阈值的结果:
============================================================
Accuracy : 0.9865, Precision : 0.9847, Recall : 0.9664, F-score : 0.9754 
============================================================


使用自适应 Best F1 搜索（两阶段）
粗搜索步数: 200, 精细搜索步数: 500

============================================================
自适应 Best F1 阈值搜索（两阶段）
============================================================

分数统计信息:
  最小值: 0.000019
  最大值: 121.625214
  均值: 0.003910
  标准差: 0.128984
  中位数: 0.001176
  第1百分位: 0.000155
  第99百分位: 0.032883

自动确定的搜索范围: [0.000078, 0.065765]

============================================================
阶段 1: 粗搜索（步数: 200）
============================================================

============================================================
开始 Best F1 阈值搜索...
============================================================
搜索范围: [0.0001, 0.0658]
搜索步数: 200
使用点调整: True
阈值: 0.0004 | F1: 0.4680 | Precision: 0.3055 | Recall: 1.0000
阈值: 0.0070 | F1: 0.9313 | Precision: 0.8791 | Recall: 0.9901
阈值: 0.0135 | F1: 0.9635 | Precision: 0.9491 | Recall: 0.9784
阈值: 0.0201 | F1: 0.9723 | Precision: 0.9708 | Recall: 0.9738
阈值: 0.0267 | F1: 0.9751 | Precision: 0.9805 | Recall: 0.9697
阈值: 0.0332 | F1: 0.9755 | Precision: 0.9859 | Recall: 0.9653
阈值: 0.0398 | F1: 0.9752 | Precision: 0.9889 | Recall: 0.9619
阈值: 0.0464 | F1: 0.9746 | Precision: 0.9909 | Recall: 0.9588
阈值: 0.0530 | F1: 0.9741 | Precision: 0.9923 | Recall: 0.9566
阈值: 0.0595 | F1: 0.9736 | Precision: 0.9934 | Recall: 0.9546

============================================================
✓ 找到最佳阈值: 0.033907
  最佳 F1: 0.9756
  Precision: 0.9863
  Recall: 0.9651
============================================================


============================================================
阶段 2: 精细搜索（步数: 500）
============================================================
在最佳阈值 0.033907 附近精细搜索
精细搜索范围: [0.027338, 0.040476]

============================================================
开始 Best F1 阈值搜索...
============================================================
搜索范围: [0.0273, 0.0405]
搜索步数: 500
使用点调整: True
阈值: 0.0274 | F1: 0.9752 | Precision: 0.9813 | Recall: 0.9692
阈值: 0.0287 | F1: 0.9753 | Precision: 0.9826 | Recall: 0.9682
阈值: 0.0300 | F1: 0.9755 | Precision: 0.9837 | Recall: 0.9674
阈值: 0.0313 | F1: 0.9754 | Precision: 0.9847 | Recall: 0.9664
阈值: 0.0326 | F1: 0.9755 | Precision: 0.9856 | Recall: 0.9657
阈值: 0.0339 | F1: 0.9756 | Precision: 0.9863 | Recall: 0.9651
阈值: 0.0352 | F1: 0.9755 | Precision: 0.9870 | Recall: 0.9643
阈值: 0.0366 | F1: 0.9754 | Precision: 0.9876 | Recall: 0.9635
阈值: 0.0379 | F1: 0.9753 | Precision: 0.9881 | Recall: 0.9628
阈值: 0.0392 | F1: 0.9753 | Precision: 0.9886 | Recall: 0.9622

============================================================
✓ 找到最佳阈值: 0.033749
  最佳 F1: 0.9756
  Precision: 0.9862
  Recall: 0.9652
============================================================


✓ 精细搜索找到更好的阈值！

============================================================
自适应搜索完成！
============================================================
最终最佳阈值: 0.033749
最佳 F1: 0.9756
Precision: 0.9862
Recall: 0.9652
============================================================

Saved Best F1 results: ./test_results/anomaly_detection_PSM_ISTAD_PSM_ftM_sl64_bmhgat_kan_tcn_bs64_PSM_g10_revin_s2021_0/bestf1_threshold_results.json
Saved anomaly score plot: ./test_results/anomaly_detection_PSM_ISTAD_PSM_ftM_sl64_bmhgat_kan_tcn_bs64_PSM_g10_revin_s2021_0/anomaly_score_threshold.png
Running ISTAD explainability analysis...
Saved ISTAD saliency heatmap: ./test_results/anomaly_detection_PSM_ISTAD_PSM_ftM_sl64_bmhgat_kan_tcn_bs64_PSM_g10_revin_s2021_0/istad_saliency_heatmap.png
Saved ISTAD feature localization time-series: ./test_results/anomaly_detection_PSM_ISTAD_PSM_ftM_sl64_bmhgat_kan_tcn_bs64_PSM_g10_revin_s2021_0/feature_localization_timeseries.csv
Saved ISTAD explainability summary: ./test_results/anomaly_detection_PSM_ISTAD_PSM_ftM_sl64_bmhgat_kan_tcn_bs64_PSM_g10_revin_s2021_0/istad_explainability_summary.json
Saved ISTAD segment localization summary: ./test_results/anomaly_detection_PSM_ISTAD_PSM_ftM_sl64_bmhgat_kan_tcn_bs64_PSM_g10_revin_s2021_0/segment_localization_summary.json
Saved train time summary: ./test_results/anomaly_detection_PSM_ISTAD_PSM_ftM_sl64_bmhgat_kan_tcn_bs64_PSM_g10_revin_s2021_0/train_time_summary.json
