===== 1) 全体 4 种子稳健聚合（sep-base gated z）=====
committee4[mean]             A=0.0633 C=0.7893 D=0.8327 ROC=0.7769 AP=0.1820  
committee4[median]           A=0.0612 C=0.7980 D=0.8259 ROC=0.7780 AP=0.1707  
committee4[trimmed]          A=0.0612 C=0.7980 D=0.8259 ROC=0.7780 AP=0.1707  

===== 2) 全部 4 个 3-种子子集（成员敏感性）=====
committee3{48,2021,2022}     A=0.0619 C=0.7907 D=0.8577 ROC=0.7754 AP=0.1879  *** PASS C+D ***
committee3{48,2021,2025}     A=0.0677 C=0.7864 D=0.8179 ROC=0.7771 AP=0.1860  
committee3{48,2022,2025}     A=0.0630 C=0.7772 D=0.8204 ROC=0.7727 AP=0.1735  
committee3{2021,2022,2025}   A=0.0553 C=0.7496 D=0.8298 ROC=0.7786 AP=0.1773  

===== 3) dual min_z 分数上的 committee =====
mz-committee4[mean]          A=0.0521 C=0.7187 D=0.8563 ROC=0.7692 AP=0.1769  
mz-committee4[median]        A=0.0468 C=0.7162 D=0.8596 ROC=0.7676 AP=0.1735  
mz-committee4[trimmed]       A=0.0468 C=0.7162 D=0.8596 ROC=0.7676 AP=0.1735  
mz-committee3{48,2021,2022}  A=0.0512 C=0.7010 D=0.8611 ROC=0.7695 AP=0.1819  
mz-committee3{48,2021,2025}  A=0.0490 C=0.7048 D=0.8611 ROC=0.7734 AP=0.1821  
mz-committee3{48,2022,2025}  A=0.0535 C=0.7187 D=0.8576 ROC=0.7655 AP=0.1708  
mz-committee3{2021,2022,2025} A=0.0471 C=0.7159 D=0.8450 ROC=0.7573 AP=0.1632  

参照: 现行 v2.1 min_z 单模型 A=0.0863 C=0.8194 D=0.8480 ROC=0.7481 AP=0.1620
目标: D>=0.8515 (TimesNet) 且 C>=0.7826 (TranAD, 保第一)

[done]
