===== 回归校验 1：base npz gated（v2.1 定稿 SWAT 行）=====
  gated     A=0.2583±0.3516 C=0.8125±0.0054 D=0.8689±0.0034 ROC=0.8413±0.0081 AP=0.7317±0.0048  target✗/guard
    ref A=0.2583 got 0.2583 [OK]
    ref C=0.8125 got 0.8125 [OK]
    ref D=0.8689 got 0.8689 [OK]
    ref ROC=0.8413 got 0.8413 [OK]
    ref AP=0.7317 got 0.7317 [OK]

===== 回归校验 2：dual npz dual_base（§3.0g(4) 侧观察 0.8715±0.0072）=====
  dual_base A=0.7037±0.0680 C=0.8137±0.0095 D=0.8715±0.0072 ROC=0.8501±0.0067 AP=0.7484±0.0069  target✗/guard

===== SWAT 聚合家族扫描（base npz，V0）=====
  base      A=0.2643±0.3521 C=0.8150±0.0057 D=0.8572±0.0115 ROC=0.8268±0.0086 AP=0.7202±0.0086  target✗/guard✗ ['ROC', 'AP']
  trim1     A=0.2587±0.3522 C=0.8122±0.0050 D=0.8688±0.0025 ROC=0.8420±0.0087 AP=0.7321±0.0050  target✗/guard
  trim2     A=0.2655±0.3456 C=0.8107±0.0036 D=0.8581±0.0045 ROC=0.8408±0.0074 AP=0.7271±0.0055  target✗/guard✗ ['C']
  median    A=0.4478±0.0686 C=0.6430±0.1743 D=0.8361±0.0148 ROC=0.8083±0.0053 AP=0.6142±0.0214  target✗/guard✗ ['C', 'ROC', 'AP']
  rawtop3   A=0.2658±0.3534 C=0.5536±0.3738 D=0.8661±0.0146 ROC=0.8231±0.0102 AP=0.7173±0.0131  target✗/guard✗ ['C', 'ROC', 'AP']
  zmean     A=0.4242±0.1986 C=0.4499±0.2236 D=0.8288±0.0018 ROC=0.8148±0.0141 AP=0.7022±0.0180  target✗/guard✗ ['C', 'ROC', 'AP']
  zl2       A=0.2921±0.0298 C=0.3047±0.0353 D=0.8270±0.0013 ROC=0.8001±0.0296 AP=0.6717±0.0638  target✗/guard✗ ['C', 'ROC', 'AP']
  ztop1     A=0.2709±0.0091 C=0.2766±0.0078 D=0.8224±0.0072 ROC=0.7738±0.0610 AP=0.5392±0.2257  target✗/guard✗ ['C', 'ROC', 'AP']
  ztop3     A=0.2889±0.0263 C=0.3001±0.0282 D=0.8236±0.0063 ROC=0.8112±0.0179 AP=0.6990±0.0276  target✗/guard✗ ['C', 'ROC', 'AP']
  ztop5     A=0.3132±0.0540 C=0.3268±0.0612 D=0.8237±0.0059 ROC=0.8133±0.0153 AP=0.7029±0.0208  target✗/guard✗ ['C', 'ROC', 'AP']
  max       A=0.2726±0.3408 C=0.5609±0.3624 D=0.8338±0.0053 ROC=0.7945±0.0437 AP=0.5660±0.2171  target✗/guard✗ ['C', 'ROC', 'AP']

===== SWAT 聚合家族扫描（dual npz base 视角，V0）=====
  dual:gated A=0.7037±0.0680 C=0.8137±0.0095 D=0.8715±0.0072 ROC=0.8501±0.0067 AP=0.7484±0.0069  target✗/guard
  dual:base A=0.5161±0.3133 C=0.8104±0.0098 D=0.8463±0.0024 ROC=0.8194±0.0011 AP=0.7172±0.0092  target✗/guard✗ ['C', 'ROC', 'AP']
  dual:trim1 A=0.7540±0.0107 C=0.8173±0.0085 D=0.8698±0.0072 ROC=0.8503±0.0068 AP=0.7487±0.0071  target✗/guard
  dual:trim2 A=0.7551±0.0104 C=0.8191±0.0053 D=0.8670±0.0119 ROC=0.8486±0.0069 AP=0.7441±0.0091  target✗/guard
  dual:median A=0.7176±0.0034 C=0.8198±0.0088 D=0.8705±0.0096 ROC=0.8375±0.0016 AP=0.7295±0.0043  target✗/guard
  dual:rawtop3 A=0.1360±0.1701 C=0.6738±0.1779 D=0.8457±0.0053 ROC=0.8021±0.0162 AP=0.6019±0.1569  target✗/guard✗ ['C', 'ROC', 'AP', 'A']
  dual:zmean A=0.2900±0.0097 C=0.2977±0.0103 D=0.8544±0.0062 ROC=0.7634±0.0804 AP=0.5515±0.2455  target✗/guard✗ ['C', 'ROC', 'AP']
  dual:zl2  A=0.2727±0.0083 C=0.2800±0.0094 D=0.5289±0.2235 ROC=0.6267±0.1231 AP=0.3232±0.2606  target✗/guard✗ ['C', 'ROC', 'AP']
  dual:ztop1 A=0.2705±0.0096 C=0.2796±0.0090 D=0.5027±0.2375 ROC=0.6109±0.1255 AP=0.3072±0.2569  target✗/guard✗ ['C', 'ROC', 'AP']
  dual:ztop3 A=0.2749±0.0086 C=0.2811±0.0117 D=0.7876±0.0782 ROC=0.7041±0.1120 AP=0.3882±0.2431  target✗/guard✗ ['C', 'ROC', 'AP']
  dual:ztop5 A=0.2778±0.0100 C=0.2820±0.0112 D=0.8482±0.0121 ROC=0.7329±0.1123 AP=0.5259±0.2516  target✗/guard✗ ['C', 'ROC', 'AP']
  dual:max  A=0.1276±0.1241 C=0.4062±0.2929 D=0.6922±0.1330 ROC=0.6666±0.1147 AP=0.3280±0.2445  target✗/guard✗ ['C', 'ROC', 'AP', 'A']

===== SWAT D-vs-AP 展品表（11 模型同口径重算）=====
  model               seed  D(bf+PA)      AP     ROC  note
  TimesNet            2022    0.9091  0.0915  0.2424  ARTIFACT: AP<0.4
  TimesNet            2021    0.9064  0.0897  0.2393  ARTIFACT: AP<0.4
  TimesNet              48    0.9038  0.0899  0.2409  ARTIFACT: AP<0.4
  DLinear               48    0.8769  0.1617  0.5955  ARTIFACT: AP<0.4
  DLinear             2021    0.8764  0.1534  0.5705  ARTIFACT: AP<0.4
  DLinear             2022    0.8760  0.1748  0.6365  ARTIFACT: AP<0.4
  KANAD                 48    0.8734  0.7176  0.8014  
  KANAD               2022    0.8731  0.7175  0.8021  
  ISTAD(gated,v2.1)     89    0.8714  0.7250  0.8310  
  ISTAD(gated,v2.1)     48    0.8710  0.7362  0.8422  
  KANAD               2021    0.8697  0.7167  0.8027  
  ISTAD(gated,v2.1)   2021    0.8641  0.7338  0.8507  
  TranAD*                s    0.8091  0.6984  0.7982  
  DAGMM*                 s    0.8060  0.7017  0.7995  
  LSTM_AD*               s    0.8027  0.6967  0.7984  
  OmniAnomaly*           s    0.7996  0.6992  0.8080  
  MAD_GAN*               s    0.7943  0.5853  0.7978  
  MTAD_GAT*              s    0.4282  0.1173  0.5255  ARTIFACT: AP<0.4
  GDN*                   s    0.3050  0.1085  0.4751  ARTIFACT: AP<0.4

[SWAT] CANDIDATE: 无

[done]
