===== 回归校验：gated（v2.1 定稿 EXA 行）=====
  gated     A=0.2410±0.0009 C=0.9434±0.0003 D=0.9606±0.0004 ROC=0.8744±0.0014 AP=0.6252±0.0016  target✗/guard
    ref A=0.2410 got 0.2410 [OK]
    ref C=0.9434 got 0.9434 [OK]
    ref D=0.9606 got 0.9606 [OK]
    ref ROC=0.8744 got 0.8744 [OK]
    ref AP=0.6252 got 0.6252 [OK]

===== EXA 聚合家族扫描（V0 lm_table）=====
  base      A=0.2064±0.0011 C=0.9541±0.0002 D=0.9592±0.0005 ROC=0.8747±0.0015 AP=0.5994±0.0018  target✗/guard✗ ['AP', 'A']
  trim1     A=0.3489±0.0285 C=0.9025±0.0010 D=0.9409±0.0008 ROC=0.8743±0.0022 AP=0.6613±0.0027  target✗/guard✗ ['D']
  trim2     A=0.3780±0.0011 C=0.8877±0.0031 D=0.9431±0.0004 ROC=0.8527±0.0024 AP=0.6361±0.0032  target✗/guard✗ ['D', 'ROC']
  median    A=0.2157±0.0004 C=0.7400±0.0195 D=0.8940±0.0045 ROC=0.6819±0.0070 AP=0.3994±0.0063  target✗/guard✗ ['D', 'ROC', 'AP', 'A']
  rawtop3   A=0.1351±0.0007 C=0.9541±0.0021 D=0.9591±0.0000 ROC=0.8735±0.0010 AP=0.5676±0.0015  target✗/guard✗ ['AP', 'A']
  zmean     A=0.1406±0.0006 C=0.9414±0.0070 D=0.9498±0.0007 ROC=0.8169±0.0011 AP=0.4393±0.0012  target✗/guard✗ ['D', 'ROC', 'AP', 'A']
  zl2       A=0.1095±0.0007 C=0.9474±0.0002 D=0.9522±0.0002 ROC=0.7897±0.0011 AP=0.3549±0.0012  target✗/guard✗ ['D', 'ROC', 'AP', 'A']
  ztop1     A=0.1047±0.0003 C=0.9487±0.0002 D=0.9507±0.0002 ROC=0.7701±0.0012 AP=0.3184±0.0011  target✗/guard✗ ['D', 'ROC', 'AP', 'A']
  ztop3     A=0.1234±0.0002 C=0.9503±0.0000 D=0.9514±0.0006 ROC=0.8081±0.0011 AP=0.3982±0.0013  target✗/guard✗ ['D', 'ROC', 'AP', 'A']
  ztop5     A=0.1298±0.0004 C=0.9470±0.0041 D=0.9501±0.0007 ROC=0.8154±0.0011 AP=0.4264±0.0014  target✗/guard✗ ['D', 'ROC', 'AP', 'A']
  max       A=0.1170±0.0005 C=0.9575±0.0001 D=0.9611±0.0006 ROC=0.8535±0.0007 AP=0.4808±0.0013  target✗/guard✗ ['ROC', 'AP', 'A']

===== EXA POT level 曲线（gated 分数，mult=1.0）=====
  level=0.950 A=0.5396 C=0.9475 (D/ROC/AP 与 level 无关: 0.9606/0.8744/0.6252)
  level=0.960 A=0.4948 C=0.9511 (D/ROC/AP 与 level 无关: 0.9606/0.8744/0.6252)
  level=0.970 A=0.4576 C=0.9512 (D/ROC/AP 与 level 无关: 0.9606/0.8744/0.6252)
  level=0.975 A=0.4419 C=0.9544 (D/ROC/AP 与 level 无关: 0.9606/0.8744/0.6252)
  level=0.980 A=0.4145 C=0.9594 (D/ROC/AP 与 level 无关: 0.9606/0.8744/0.6252)
  level=0.985 A=0.3464 C=0.9532 (D/ROC/AP 与 level 无关: 0.9606/0.8744/0.6252)
  level=0.990 A=0.2410 C=0.9434 (D/ROC/AP 与 level 无关: 0.9606/0.8744/0.6252)

[EXA] CANDIDATE 家族: 无

[done]
