s48   [k25] gate=0.739 A=0.7645 C=0.8258 D=0.8787 ROC=0.8468 AP=0.7402
s48   [k15] gate=0.743 A=0.0127 C=0.8061 D=0.8710 ROC=0.8422 AP=0.7362
s89   [k25] gate=0.750 A=0.0026 C=0.8124 D=0.8724 ROC=0.8356 AP=0.7386
s89   [k15] gate=0.764 A=0.7554 C=0.8193 D=0.8714 ROC=0.8310 AP=0.7250
s2021 [k25] gate=0.760 A=0.0074 C=0.8065 D=0.8564 ROC=0.8421 AP=0.7311
s2021 [k15] gate=0.770 A=0.0067 C=0.8120 D=0.8641 ROC=0.8507 AP=0.7338

===== SWAT k25 vs k15（gated，同管线配对）3 种子 mean±std =====
A    k25=0.2581±0.3580  k15=0.2583±0.3516
C    k25=0.8149±0.0081  k15=0.8125±0.0054
D    k25=0.8692±0.0094  k15=0.8689±0.0034
ROC  k25=0.8415±0.0046  k15=0.8413±0.0081
AP   k25=0.7367±0.0040  k15=0.7317±0.0048

[k15 回归校验] 现行采纳行 K15_REF={'D': 0.8689, 'C': 0.8125, 'ROC': 0.8413, 'AP': 0.7317, 'A': 0.2583}
  D    0.8689 vs ref 0.8689  OK
  C    0.8125 vs ref 0.8125  OK
  ROC  0.8413 vs ref 0.8413  OK
  AP   0.7317 vs ref 0.7317  OK
  A    0.2583 vs ref 0.2583  OK

===== 预注册判定（k25 3 种子 mean，四条全过才采纳）=====
  D    0.8692 < 0.8764  ✗
  AP   0.7367 ≥ 0.73  ✓
  ROC  0.8415 ≥ 0.84  ✓
  C    0.8149 ≥ 0.8075  ✓

判定: KEEP k15（v2.1 维持；k25 作负结果存档）
