=== 78 runs (pointwise), pool=10 ===
TimesNet     EXA s2022  raw=0.1247 AP=0.3770 ROC=0.7811 BF=0.9554
ISTAD        EXA s48  raw=0.2082 AP=0.5971 ROC=0.8726 BF=0.9586
DLinear      EXA s48  raw=0.1212 AP=0.3916 ROC=0.7668 BF=0.9591
TimesNet     EXA s48  raw=0.1344 AP=0.3889 ROC=0.7885 BF=0.9523
KANAD        EXA s2021  raw=0.1107 AP=0.4460 ROC=0.8085 BF=0.9600
DLinear      EXA s2021  raw=0.1212 AP=0.3995 ROC=0.7740 BF=0.9593
TimesNet     EXA s2021  raw=0.1341 AP=0.3671 ROC=0.7709 BF=0.9570
DLinear      EXA s2022  raw=0.1217 AP=0.3922 ROC=0.7669 BF=0.9594
KANAD        EXA s2022  raw=0.1112 AP=0.4511 ROC=0.8101 BF=0.9608
KANAD        EXA s48  raw=0.1000 AP=0.4338 ROC=0.8076 BF=0.9616
ISTAD        EXA s2021  raw=0.2085 AP=0.5996 ROC=0.8754 BF=0.9591
ISTAD        EXA s89  raw=0.2082 AP=0.6016 ROC=0.8762 BF=0.9598
KANAD        PSM s48  raw=0.0487 AP=0.4369 ROC=0.6557 BF=0.9428
DLinear      PSM s48  raw=0.0736 AP=0.3573 ROC=0.5656 BF=0.9842
TimesNet     PSM s2021  raw=0.0774 AP=0.3708 ROC=0.5752 BF=0.9818
TimesNet     PSM s2022  raw=0.0720 AP=0.3641 ROC=0.5698 BF=0.9801
TimesNet     PSM s48  raw=0.0974 AP=0.3666 ROC=0.5717 BF=0.9822
KANAD        PSM s2021  raw=0.0454 AP=0.4074 ROC=0.6246 BF=0.9626
DLinear      PSM s2021  raw=0.0742 AP=0.3574 ROC=0.5656 BF=0.9842
DLinear      PSM s2022  raw=0.0736 AP=0.3574 ROC=0.5656 BF=0.9844
ISTAD        PSM s87  raw=0.4471 AP=0.5597 ROC=0.7615 BF=0.8942
KANAD        PSM s2022  raw=0.0581 AP=0.4207 ROC=0.6404 BF=0.9503
ISTAD        PSM s90  raw=0.4728 AP=0.4514 ROC=0.7230 BF=0.8010
ISTAD        PSM s2021  raw=0.4899 AP=0.4526 ROC=0.7221 BF=0.9074
ISTAD        PSM s98  raw=0.4513 AP=0.4827 ROC=0.6874 BF=0.9109
DLinear      SMD s48  raw=0.1390 AP=0.1459 ROC=0.7321 BF=0.8441
TimesNet     SMD s48  raw=0.1408 AP=0.1471 ROC=0.7467 BF=0.8473
TimesNet     SMD s2022  raw=0.1455 AP=0.1510 ROC=0.7498 BF=0.8553
DLinear      SMD s2021  raw=0.1388 AP=0.1456 ROC=0.7312 BF=0.8447
TimesNet     SMD s2021  raw=0.1526 AP=0.1530 ROC=0.7553 BF=0.8509
DLinear      SMD s2022  raw=0.1390 AP=0.1457 ROC=0.7321 BF=0.8433
KANAD        SMD s48  raw=0.1789 AP=0.1527 ROC=0.7247 BF=0.8406
KANAD        SMD s2021  raw=0.1844 AP=0.1542 ROC=0.7243 BF=0.8438
ISTAD        SMD s48  raw=0.2390 AP=0.1734 ROC=0.7660 BF=0.8360
KANAD        SMD s2022  raw=0.1795 AP=0.1503 ROC=0.7196 BF=0.8415
TimesNet     SWAT s48  raw=0.0073 AP=0.0899 ROC=0.2409 BF=0.9038
TimesNet     SWAT s2021  raw=0.0072 AP=0.0897 ROC=0.2393 BF=0.9064
TimesNet     SWAT s2022  raw=0.0063 AP=0.0915 ROC=0.2424 BF=0.9091
DLinear      SWAT s48  raw=0.0037 AP=0.1617 ROC=0.5955 BF=0.8769
KANAD        SWAT s48  raw=0.0000 AP=0.7164 ROC=0.8012 BF=0.8518
DLinear      SWAT s2021  raw=0.0033 AP=0.1534 ROC=0.5705 BF=0.8764
DLinear      SWAT s2022  raw=0.0036 AP=0.1748 ROC=0.6365 BF=0.8760
DAGMM        EXA ssingle  raw=0.1080 AP=0.3508 ROC=0.7290 BF=0.9542
GDN          EXA ssingle  raw=0.2503 AP=0.3055 ROC=0.5913 BF=0.9177
ISTAD        SMD s2022  raw=0.1807 AP=0.1572 ROC=0.7651 BF=0.8489
ISTAD        SMD s2025  raw=0.2442 AP=0.1595 ROC=0.7654 BF=0.7980
ISTAD        SMD s2021  raw=0.2588 AP=0.1937 ROC=0.7860 BF=0.8528
LSTM_AD      EXA ssingle  raw=0.1280 AP=0.1565 ROC=0.2528 BF=0.9357
MAD_GAN      EXA ssingle  raw=0.1154 AP=0.3750 ROC=0.7521 BF=0.9553
MTAD_GAT     EXA ssingle  raw=0.0234 AP=0.1319 ROC=0.5028 BF=0.8690
OmniAnomaly  EXA ssingle  raw=0.1157 AP=0.3291 ROC=0.6728 BF=0.9479
TranAD       EXA ssingle  raw=0.1297 AP=0.4006 ROC=0.7602 BF=0.9502
DAGMM        PSM ssingle  raw=0.0059 AP=0.4893 ROC=0.6591 BF=0.9296
GDN          PSM ssingle  raw=0.1794 AP=0.2895 ROC=0.4880 BF=0.7360
LSTM_AD      PSM ssingle  raw=0.2384 AP=0.2656 ROC=0.4409 BF=0.8296
MAD_GAN      PSM ssingle  raw=0.0269 AP=0.4962 ROC=0.6640 BF=0.9095
MTAD_GAT     PSM ssingle  raw=0.1371 AP=0.3015 ROC=0.5285 BF=0.9673
TranAD       PSM ssingle  raw=0.0061 AP=0.5402 ROC=0.7001 BF=0.9469
OmniAnomaly  PSM ssingle  raw=0.0272 AP=0.4089 ROC=0.6197 BF=0.8756
KANAD        SWAT s2022  raw=0.0000 AP=0.7158 ROC=0.8017 BF=0.8500
KANAD        SWAT s2021  raw=0.0000 AP=0.7160 ROC=0.8025 BF=0.8515
ISTAD        SWAT s48  raw=0.0262 AP=0.7299 ROC=0.8360 BF=0.8596
ISTAD        SWAT s89  raw=0.7584 AP=0.7217 ROC=0.8293 BF=0.8700
ISTAD        SWAT s2021  raw=0.0197 AP=0.7090 ROC=0.8153 BF=0.8421
GDN          SWAT ssingle  raw=0.0776 AP=0.1085 ROC=0.4751 BF=0.3050
DAGMM        SWAT ssingle  raw=0.7225 AP=0.7017 ROC=0.7995 BF=0.8060
GDN          SMD ssingle  raw=0.0857 AP=0.0779 ROC=0.5793 BF=0.4237
DAGMM        SMD ssingle  raw=0.1418 AP=0.1309 ROC=0.6484 BF=0.6773
LSTM_AD      SMD ssingle  raw=0.0013 AP=0.0318 ROC=0.3909 BF=0.1648
LSTM_AD      SWAT ssingle  raw=0.0000 AP=0.6967 ROC=0.7984 BF=0.8027
MTAD_GAT     SMD ssingle  raw=0.0032 AP=0.0323 ROC=0.4054 BF=0.3854
MAD_GAN      SMD ssingle  raw=0.0604 AP=0.0703 ROC=0.6110 BF=0.4517
TranAD       SMD ssingle  raw=0.2239 AP=0.1305 ROC=0.6577 BF=0.7921
OmniAnomaly  SMD ssingle  raw=0.1005 AP=0.1051 ROC=0.6388 BF=0.5636
MAD_GAN      SWAT ssingle  raw=0.5085 AP=0.5853 ROC=0.7978 BF=0.7943
MTAD_GAT     SWAT ssingle  raw=0.2816 AP=0.1173 ROC=0.5255 BF=0.4282
OmniAnomaly  SWAT ssingle  raw=0.0000 AP=0.6992 ROC=0.8080 BF=0.7996
TranAD       SWAT ssingle  raw=0.7383 AP=0.6984 ROC=0.7982 BF=0.8091

=== A: POT阈值+裸F1（主部署表，无PA） ===
| Model | EXATHLON | PSM | SMD | SWAT |
|---|---|---|---|---|
| ISTAD | 0.2083±0.0001 | 0.4653±0.0199 | 0.2307±0.0343 | 0.2681±0.4246 |
| TimesNet | 0.1311±0.0055 | 0.0823±0.0134 | 0.1463±0.0060 | 0.0069±0.0005 |
| DLinear | 0.1214±0.0002 | 0.0738±0.0004 | 0.1389±0.0001 | 0.0035±0.0002 |
| KANAD | 0.1073±0.0063 | 0.0507±0.0066 | 0.1809±0.0030 | 0.0000±0.0000 |
| DAGMM | 0.1080 | 0.0059 | 0.1418 | 0.7225 |
| GDN | 0.2503 | 0.1794 | 0.0857 | 0.0776 |
| LSTM_AD | 0.1280 | 0.2384 | 0.0013 | 0.0000 |
| MAD_GAN | 0.1154 | 0.0269 | 0.0604 | 0.5085 |
| MTAD_GAT | 0.0234 | 0.1371 | 0.0032 | 0.2816 |
| OmniAnomaly | 0.1157 | 0.0272 | 0.1005 | 0.0000 |
| TranAD | 0.1297 | 0.0061 | 0.2239 | 0.7383 |

=== B1: AUC-PR ===
| Model | EXATHLON | PSM | SMD | SWAT |
|---|---|---|---|---|
| ISTAD | 0.5994±0.0023 | 0.4866±0.0508 | 0.1709±0.0168 | 0.7202±0.0105 |
| TimesNet | 0.3777±0.0110 | 0.3672±0.0034 | 0.1503±0.0030 | 0.0903±0.0010 |
| DLinear | 0.3944±0.0044 | 0.3574±0.0001 | 0.1457±0.0002 | 0.1633±0.0108 |
| KANAD | 0.4436±0.0089 | 0.4217±0.0148 | 0.1524±0.0019 | 0.7161±0.0003 |
| DAGMM | 0.3508 | 0.4893 | 0.1309 | 0.7017 |
| GDN | 0.3055 | 0.2895 | 0.0779 | 0.1085 |
| LSTM_AD | 0.1565 | 0.2656 | 0.0318 | 0.6967 |
| MAD_GAN | 0.3750 | 0.4962 | 0.0703 | 0.5853 |
| MTAD_GAT | 0.1319 | 0.3015 | 0.0323 | 0.1173 |
| OmniAnomaly | 0.3291 | 0.4089 | 0.1051 | 0.6992 |
| TranAD | 0.4006 | 0.5402 | 0.1305 | 0.6984 |

=== B2: AUC-ROC ===
| Model | EXATHLON | PSM | SMD | SWAT |
|---|---|---|---|---|
| ISTAD | 0.8747±0.0019 | 0.7235±0.0303 | 0.7706±0.0103 | 0.8268±0.0106 |
| TimesNet | 0.7801±0.0089 | 0.5722±0.0027 | 0.7506±0.0043 | 0.2409±0.0015 |
| DLinear | 0.7692±0.0042 | 0.5656±0.0000 | 0.7318±0.0005 | 0.6008±0.0333 |
| KANAD | 0.8088±0.0012 | 0.6402±0.0156 | 0.7229±0.0028 | 0.8018±0.0006 |
| DAGMM | 0.7290 | 0.6591 | 0.6484 | 0.7995 |
| GDN | 0.5913 | 0.4880 | 0.5793 | 0.4751 |
| LSTM_AD | 0.2528 | 0.4409 | 0.3909 | 0.7984 |
| MAD_GAN | 0.7521 | 0.6640 | 0.6110 | 0.7978 |
| MTAD_GAT | 0.5028 | 0.5285 | 0.4054 | 0.5255 |
| OmniAnomaly | 0.6728 | 0.6197 | 0.6388 | 0.8080 |
| TranAD | 0.7602 | 0.7001 | 0.6577 | 0.7982 |

=== D: Best-F1+PA（oracle阈值） ===
| Model | EXATHLON | PSM | SMD | SWAT |
|---|---|---|---|---|
| ISTAD | 0.9592±0.0006 | 0.8784±0.0521 | 0.8339±0.0250 | 0.8572±0.0141 |
| TimesNet | 0.9549±0.0024 | 0.9813±0.0011 | 0.8512±0.0040 | 0.9064±0.0026 |
| DLinear | 0.9592±0.0001 | 0.9843±0.0001 | 0.8440±0.0007 | 0.8764±0.0004 |
| KANAD | 0.9608±0.0008 | 0.9519±0.0100 | 0.8420±0.0017 | 0.8511±0.0009 |
| DAGMM | 0.9542 | 0.9296 | 0.6773 | 0.8060 |
| GDN | 0.9177 | 0.7360 | 0.4237 | 0.3050 |
| LSTM_AD | 0.9357 | 0.8296 | 0.1648 | 0.8027 |
| MAD_GAN | 0.9553 | 0.9095 | 0.4517 | 0.7943 |
| MTAD_GAT | 0.8690 | 0.9673 | 0.3854 | 0.4282 |
| OmniAnomaly | 0.9479 | 0.8756 | 0.5636 | 0.7996 |
| TranAD | 0.9502 | 0.9469 | 0.7921 | 0.8091 |

=== C: POT+PA（文献口径）===
| Model | EXATHLON | PSM | SMD | SWAT |
|---|---|---|---|---|
| ISTAD | 0.9553±0.0025 | 0.7881±0.0296 | 0.7268±0.0182 | 0.8172±0.0066 |
| TimesNet | 0.9514±0.0020 | 0.9797±0.0016 | 0.7733±0.0015 | 0.8215±0.0072 |
| DLinear | 0.9545±0.0002 | 0.9788±0.0001 | 0.7617±0.0011 | 0.8108±0.0000 |
| KANAD | 0.9545±0.0012 | 0.9307±0.0240 | 0.7665±0.0098 | 0.0000±0.0000 |
| DAGMM | 0.9510 | 0.7863 | 0.6544 | 0.8025 |
| GDN | 0.8916 | 0.6999 | 0.3944 | 0.2987 |
| LSTM_AD | 0.9171 | 0.6985 | 0.0432 | 0.0000 |
| MAD_GAN | 0.9516 | 0.7386 | 0.4249 | 0.5579 |
| MTAD_GAT | 0.7924 | 0.9188 | 0.1284 | 0.3028 |
| OmniAnomaly | 0.9394 | 0.7478 | 0.5149 | 0.0000 |
| TranAD | 0.9481 | 0.7775 | 0.7825 | 0.8057 |
