=== 78 runs, pool=10 ===
DLinear      EXA s2022  raw=0.1302 AP=0.4044 ROC=0.7715 BF=0.9602
KANAD        EXA s48  raw=0.1091 AP=0.4346 ROC=0.8026 BF=0.9599
KANAD        EXA s2022  raw=0.1185 AP=0.4519 ROC=0.8070 BF=0.9627
KANAD        EXA s2021  raw=0.1166 AP=0.4410 ROC=0.8024 BF=0.9610
TimesNet     EXA s2021  raw=0.1427 AP=0.3750 ROC=0.7684 BF=0.9584
DLinear      EXA s2021  raw=0.1292 AP=0.4105 ROC=0.7778 BF=0.9601
TimesNet     EXA s48  raw=0.1522 AP=0.3982 ROC=0.7871 BF=0.9537
TimesNet     EXA s2022  raw=0.1329 AP=0.3878 ROC=0.7792 BF=0.9567
DLinear      EXA s48  raw=0.1295 AP=0.4043 ROC=0.7727 BF=0.9601
TimesNet     SMD s48  raw=0.1399 AP=0.1472 ROC=0.7468 BF=0.8474
TimesNet     SMD s2021  raw=0.1516 AP=0.1531 ROC=0.7555 BF=0.8510
TimesNet     SMD s2022  raw=0.1444 AP=0.1511 ROC=0.7499 BF=0.8557
DLinear      SMD s48  raw=0.1390 AP=0.1459 ROC=0.7321 BF=0.8441
DLinear      SMD s2021  raw=0.1388 AP=0.1456 ROC=0.7312 BF=0.8447
DLinear      SMD s2022  raw=0.1390 AP=0.1457 ROC=0.7321 BF=0.8433
KANAD        SMD s48  raw=0.2018 AP=0.1536 ROC=0.7268 BF=0.8329
KANAD        SMD s2021  raw=0.2086 AP=0.1584 ROC=0.7291 BF=0.8435
KANAD        SMD s2022  raw=0.2003 AP=0.1532 ROC=0.7218 BF=0.8396
TimesNet     SWAT s48  raw=0.0073 AP=0.0899 ROC=0.2409 BF=0.9038
TimesNet     SWAT s2021  raw=0.0072 AP=0.0897 ROC=0.2393 BF=0.9064
TimesNet     SWAT s2022  raw=0.0063 AP=0.0915 ROC=0.2424 BF=0.9091
DLinear      SWAT s48  raw=0.0037 AP=0.1617 ROC=0.5955 BF=0.8769
KANAD        PSM s2022  raw=0.0654 AP=0.4211 ROC=0.6406 BF=0.9388
KANAD        PSM s48  raw=0.0548 AP=0.4375 ROC=0.6570 BF=0.9411
KANAD        PSM s2021  raw=0.0964 AP=0.4105 ROC=0.6293 BF=0.9711
DLinear      SWAT s2021  raw=0.0033 AP=0.1534 ROC=0.5705 BF=0.8764
KANAD        SWAT s48  raw=0.0000 AP=0.7176 ROC=0.8014 BF=0.8734
ISTAD        EXA s48  raw=0.2082 AP=0.5971 ROC=0.8726 BF=0.9586
DLinear      SWAT s2022  raw=0.0036 AP=0.1748 ROC=0.6365 BF=0.8760
KANAD        SWAT s2021  raw=0.0000 AP=0.7167 ROC=0.8027 BF=0.8697
ISTAD        EXA s89  raw=0.2082 AP=0.6016 ROC=0.8762 BF=0.9598
ISTAD        EXA s2021  raw=0.2085 AP=0.5996 ROC=0.8754 BF=0.9591
ISTAD        PSM s87  raw=0.4471 AP=0.5597 ROC=0.7615 BF=0.8942
ISTAD        PSM s90  raw=0.4728 AP=0.4514 ROC=0.7230 BF=0.8010
ISTAD        PSM s98  raw=0.4513 AP=0.4827 ROC=0.6874 BF=0.9109
ISTAD        PSM s2021  raw=0.4899 AP=0.4526 ROC=0.7221 BF=0.9074
KANAD        SWAT s2022  raw=0.0000 AP=0.7175 ROC=0.8021 BF=0.8731
ISTAD        SMD s48  raw=0.2390 AP=0.1734 ROC=0.7660 BF=0.8360
ISTAD        SMD s2021  raw=0.2588 AP=0.1937 ROC=0.7860 BF=0.8528
ISTAD        SMD s2022  raw=0.1807 AP=0.1572 ROC=0.7651 BF=0.8489
ISTAD        SMD s2025  raw=0.2442 AP=0.1595 ROC=0.7654 BF=0.7980
DAGMM        EXA ssingle  raw=0.1080 AP=0.3508 ROC=0.7290 BF=0.9542
GDN          EXA ssingle  raw=0.2503 AP=0.3055 ROC=0.5913 BF=0.9177
LSTM_AD      EXA ssingle  raw=0.1280 AP=0.1565 ROC=0.2528 BF=0.9357
MAD_GAN      EXA ssingle  raw=0.1154 AP=0.3750 ROC=0.7521 BF=0.9553
MTAD_GAT     EXA ssingle  raw=0.0234 AP=0.1319 ROC=0.5028 BF=0.8690
OmniAnomaly  EXA ssingle  raw=0.1157 AP=0.3291 ROC=0.6728 BF=0.9479
ISTAD        SWAT s89  raw=0.7584 AP=0.7217 ROC=0.8293 BF=0.8700
TranAD       EXA ssingle  raw=0.1297 AP=0.4006 ROC=0.7602 BF=0.9502
ISTAD        SWAT s48  raw=0.0262 AP=0.7299 ROC=0.8360 BF=0.8596
ISTAD        SWAT s2021  raw=0.0197 AP=0.7090 ROC=0.8153 BF=0.8421
DAGMM        PSM ssingle  raw=0.0059 AP=0.4893 ROC=0.6591 BF=0.9296
GDN          PSM ssingle  raw=0.1794 AP=0.2895 ROC=0.4880 BF=0.7360
LSTM_AD      PSM ssingle  raw=0.2384 AP=0.2656 ROC=0.4409 BF=0.8296
MAD_GAN      PSM ssingle  raw=0.0269 AP=0.4962 ROC=0.6640 BF=0.9095
MTAD_GAT     PSM ssingle  raw=0.1371 AP=0.3015 ROC=0.5285 BF=0.9673
OmniAnomaly  PSM ssingle  raw=0.0272 AP=0.4089 ROC=0.6197 BF=0.8756
TranAD       PSM ssingle  raw=0.0061 AP=0.5402 ROC=0.7001 BF=0.9469
DAGMM        SMD ssingle  raw=0.1418 AP=0.1309 ROC=0.6484 BF=0.6773
GDN          SMD ssingle  raw=0.0857 AP=0.0779 ROC=0.5793 BF=0.4237
LSTM_AD      SMD ssingle  raw=0.0013 AP=0.0318 ROC=0.3909 BF=0.1648
MAD_GAN      SMD ssingle  raw=0.0604 AP=0.0703 ROC=0.6110 BF=0.4517
DAGMM        SWAT ssingle  raw=0.7225 AP=0.7017 ROC=0.7995 BF=0.8060
MTAD_GAT     SMD ssingle  raw=0.0032 AP=0.0323 ROC=0.4054 BF=0.3854
OmniAnomaly  SMD ssingle  raw=0.1005 AP=0.1051 ROC=0.6388 BF=0.5636
TranAD       SMD ssingle  raw=0.2239 AP=0.1305 ROC=0.6577 BF=0.7921
GDN          SWAT ssingle  raw=0.0776 AP=0.1085 ROC=0.4751 BF=0.3050
LSTM_AD      SWAT ssingle  raw=0.0000 AP=0.6967 ROC=0.7984 BF=0.8027
MAD_GAN      SWAT ssingle  raw=0.5085 AP=0.5853 ROC=0.7978 BF=0.7943
MTAD_GAT     SWAT ssingle  raw=0.2816 AP=0.1173 ROC=0.5255 BF=0.4282
OmniAnomaly  SWAT ssingle  raw=0.0000 AP=0.6992 ROC=0.8080 BF=0.7996
TranAD       SWAT ssingle  raw=0.7383 AP=0.6984 ROC=0.7982 BF=0.8091
DLinear      PSM s2021  raw=0.0742 AP=0.3576 ROC=0.5657 BF=0.9720
TimesNet     PSM s48  raw=0.0995 AP=0.3648 ROC=0.5707 BF=0.9724
TimesNet     PSM s2022  raw=0.0971 AP=0.3631 ROC=0.5689 BF=0.9731
DLinear      PSM s48  raw=0.0743 AP=0.3577 ROC=0.5658 BF=0.9710
TimesNet     PSM s2021  raw=0.0991 AP=0.3692 ROC=0.5744 BF=0.9740
DLinear      PSM s2022  raw=0.0744 AP=0.3578 ROC=0.5658 BF=0.9714

=== A: POT阈值+裸F1（主部署表，无PA） ===
| Model | EXATHLON | PSM | SMD | SWAT |
|---|---|---|---|---|
| ISTAD | 0.2083±0.0001 | 0.4653±0.0199 | 0.2307±0.0343 | 0.2681±0.4246 |
| TimesNet | 0.1426±0.0096 | 0.0985±0.0013 | 0.1453±0.0059 | 0.0069±0.0005 |
| DLinear | 0.1296±0.0005 | 0.0743±0.0001 | 0.1389±0.0001 | 0.0035±0.0002 |
| KANAD | 0.1147±0.0050 | 0.0722±0.0216 | 0.2035±0.0044 | 0.0000±0.0000 |
| DAGMM | 0.1080 | 0.0059 | 0.1418 | 0.7225 |
| GDN | 0.2503 | 0.1794 | 0.0857 | 0.0776 |
| LSTM_AD | 0.1280 | 0.2384 | 0.0013 | 0.0000 |
| MAD_GAN | 0.1154 | 0.0269 | 0.0604 | 0.5085 |
| MTAD_GAT | 0.0234 | 0.1371 | 0.0032 | 0.2816 |
| OmniAnomaly | 0.1157 | 0.0272 | 0.1005 | 0.0000 |
| TranAD | 0.1297 | 0.0061 | 0.2239 | 0.7383 |

=== B1: AUC-PR ===
| Model | EXATHLON | PSM | SMD | SWAT |
|---|---|---|---|---|
| ISTAD | 0.5994±0.0023 | 0.4866±0.0508 | 0.1709±0.0168 | 0.7202±0.0105 |
| TimesNet | 0.3870±0.0116 | 0.3657±0.0032 | 0.1505±0.0030 | 0.0903±0.0010 |
| DLinear | 0.4064±0.0035 | 0.3577±0.0001 | 0.1457±0.0002 | 0.1633±0.0108 |
| KANAD | 0.4425±0.0088 | 0.4230±0.0136 | 0.1551±0.0029 | 0.7172±0.0005 |
| DAGMM | 0.3508 | 0.4893 | 0.1309 | 0.7017 |
| GDN | 0.3055 | 0.2895 | 0.0779 | 0.1085 |
| LSTM_AD | 0.1565 | 0.2656 | 0.0318 | 0.6967 |
| MAD_GAN | 0.3750 | 0.4962 | 0.0703 | 0.5853 |
| MTAD_GAT | 0.1319 | 0.3015 | 0.0323 | 0.1173 |
| OmniAnomaly | 0.3291 | 0.4089 | 0.1051 | 0.6992 |
| TranAD | 0.4006 | 0.5402 | 0.1305 | 0.6984 |

=== B2: AUC-ROC ===
| Model | EXATHLON | PSM | SMD | SWAT |
|---|---|---|---|---|
| ISTAD | 0.8747±0.0019 | 0.7235±0.0303 | 0.7706±0.0103 | 0.8268±0.0106 |
| TimesNet | 0.7782±0.0094 | 0.5713±0.0028 | 0.7507±0.0044 | 0.2409±0.0015 |
| DLinear | 0.7740±0.0033 | 0.5658±0.0001 | 0.7318±0.0005 | 0.6008±0.0333 |
| KANAD | 0.8040±0.0026 | 0.6423±0.0139 | 0.7259±0.0038 | 0.8020±0.0007 |
| DAGMM | 0.7290 | 0.6591 | 0.6484 | 0.7995 |
| GDN | 0.5913 | 0.4880 | 0.5793 | 0.4751 |
| LSTM_AD | 0.2528 | 0.4409 | 0.3909 | 0.7984 |
| MAD_GAN | 0.7521 | 0.6640 | 0.6110 | 0.7978 |
| MTAD_GAT | 0.5028 | 0.5285 | 0.4054 | 0.5255 |
| OmniAnomaly | 0.6728 | 0.6197 | 0.6388 | 0.8080 |
| TranAD | 0.7602 | 0.7001 | 0.6577 | 0.7982 |

=== D: Best-F1+PA（oracle阈值） ===
| Model | EXATHLON | PSM | SMD | SWAT |
|---|---|---|---|---|
| ISTAD | 0.9592±0.0006 | 0.8784±0.0521 | 0.8339±0.0250 | 0.8572±0.0141 |
| TimesNet | 0.9563±0.0024 | 0.9732±0.0008 | 0.8514±0.0042 | 0.9064±0.0026 |
| DLinear | 0.9601±0.0001 | 0.9715±0.0005 | 0.8440±0.0007 | 0.8764±0.0004 |
| KANAD | 0.9612±0.0014 | 0.9503±0.0180 | 0.8386±0.0054 | 0.8721±0.0021 |
| DAGMM | 0.9542 | 0.9296 | 0.6773 | 0.8060 |
| GDN | 0.9177 | 0.7360 | 0.4237 | 0.3050 |
| LSTM_AD | 0.9357 | 0.8296 | 0.1648 | 0.8027 |
| MAD_GAN | 0.9553 | 0.9095 | 0.4517 | 0.7943 |
| MTAD_GAT | 0.8690 | 0.9673 | 0.3854 | 0.4282 |
| OmniAnomaly | 0.9479 | 0.8756 | 0.5636 | 0.7996 |
| TranAD | 0.9502 | 0.9469 | 0.7921 | 0.8091 |

=== C: POT+PA（文献口径）===
| Model | EXATHLON | PSM | SMD | SWAT |
|---|---|---|---|---|
| ISTAD | 0.9553±0.0025 | 0.7881±0.0296 | 0.7268±0.0182 | 0.8172±0.0066 |
| TimesNet | 0.9530±0.0008 | 0.9672±0.0008 | 0.7726±0.0045 | 0.8215±0.0072 |
| DLinear | 0.9556±0.0001 | 0.9663±0.0001 | 0.7617±0.0011 | 0.8108±0.0000 |
| KANAD | 0.9577±0.0024 | 0.9299±0.0361 | 0.7195±0.0179 | 0.0000±0.0000 |
| DAGMM | 0.9510 | 0.7863 | 0.6544 | 0.8025 |
| GDN | 0.8916 | 0.6999 | 0.3944 | 0.2987 |
| LSTM_AD | 0.9171 | 0.6985 | 0.0432 | 0.0000 |
| MAD_GAN | 0.9516 | 0.7386 | 0.4249 | 0.5579 |
| MTAD_GAT | 0.7924 | 0.9188 | 0.1284 | 0.3028 |
| OmniAnomaly | 0.9394 | 0.7478 | 0.5149 | 0.0000 |
| TranAD | 0.9481 | 0.7775 | 0.7825 | 0.8057 |
