=== 50 runs, process pool ===
TimesNet  EXA       s 2022  F1 0.9567->0.9567 OK AP=0.3878 ROC=0.7792 VUS-PR=0.3339
TimesNet  EXA       s 2021  F1 0.9584->0.9584 OK AP=0.3750 ROC=0.7684 VUS-PR=0.3331
DLinear   EXA       s 2021  F1 0.9601->0.9601 OK AP=0.4105 ROC=0.7778 VUS-PR=0.2905
DLinear   EXA       s 2022  F1 0.9602->0.9602 OK AP=0.4044 ROC=0.7715 VUS-PR=0.3282
DLinear   EXA       s   48  F1 0.9601->0.9601 OK AP=0.4043 ROC=0.7727 VUS-PR=0.2577
TimesNet  EXA       s   48  F1 0.9537->0.9537 OK AP=0.3982 ROC=0.7871 VUS-PR=0.3532
KANAD     EXA       s 2021  F1 0.9610->0.9610 OK AP=0.4410 ROC=0.8024 VUS-PR=0.3101
KANAD     EXA       s 2022  F1 0.9627->0.9627 OK AP=0.4519 ROC=0.8070 VUS-PR=0.2468
KANAD     EXA       s   48  F1 0.9599->0.9599 OK AP=0.4346 ROC=0.8026 VUS-PR=0.2899
TimesNet  SMD       s   48  F1 0.8474->0.8474 OK AP=0.1472 ROC=0.7468 VUS-PR=0.0453
TimesNet  SMD       s 2021  F1 0.8510->0.8510 OK AP=0.1531 ROC=0.7555 VUS-PR=0.0439
TimesNet  SMD       s 2022  F1 0.8557->0.8557 OK AP=0.1511 ROC=0.7499 VUS-PR=0.0435
DLinear   SMD       s   48  F1 0.8441->0.8441 OK AP=0.1459 ROC=0.7321 VUS-PR=0.0308
DLinear   SMD       s 2021  F1 0.8447->0.8447 OK AP=0.1456 ROC=0.7312 VUS-PR=0.0272
DLinear   SMD       s 2022  F1 0.8433->0.8433 OK AP=0.1457 ROC=0.7321 VUS-PR=0.0300
KANAD     SMD       s   48  F1 0.8329->0.8329 OK AP=0.1536 ROC=0.7268 VUS-PR=0.0845
KANAD     SMD       s 2021  F1 0.8435->0.8435 OK AP=0.1584 ROC=0.7291 VUS-PR=0.0723
KANAD     SMD       s 2022  F1 0.8396->0.8396 OK AP=0.1532 ROC=0.7218 VUS-PR=0.0892
TimesNet  SWAT      s   48  F1 0.9038->0.9038 OK AP=0.0899 ROC=0.2409 VUS-PR=0.7990
TimesNet  SWAT      s 2021  F1 0.9064->0.9064 OK AP=0.0897 ROC=0.2393 VUS-PR=0.7705
TimesNet  SWAT      s 2022  F1 0.9091->0.9091 OK AP=0.0915 ROC=0.2424 VUS-PR=0.8233
KANAD     PSM       s 2022  F1 0.9388->0.9388 OK AP=0.4211 ROC=0.6406 VUS-PR=0.0686
KANAD     PSM       s   48  F1 0.9411->0.9411 OK AP=0.4375 ROC=0.6570 VUS-PR=0.3965
DLinear   SWAT      s   48  F1 0.8769->0.8769 OK AP=0.1617 ROC=0.5955 VUS-PR=0.9850
KANAD     PSM       s 2021  F1 0.9711->0.9711 OK AP=0.4105 ROC=0.6293 VUS-PR=1.2278
KANAD     SWAT      s   48  F1 0.8734->0.8734 OK AP=0.7176 ROC=0.8014 VUS-PR=0.6712
DLinear   SWAT      s 2021  F1 0.8764->0.8764 OK AP=0.1534 ROC=0.5705 VUS-PR=0.3563
ISTAD     SMD       s   48  F1 0.8368->0.3745 **MISMATCH** AP=0.1622 ROC=0.7731 VUS-PR=0.2379
ISTAD     SMD       s 2021  F1 0.8568->0.3880 **MISMATCH** AP=0.1779 ROC=0.7858 VUS-PR=0.2379
ISTAD     SMD       s 2022  F1 0.8529->0.3719 **MISMATCH** AP=0.1527 ROC=0.7682 VUS-PR=0.2387
KANAD     SWAT      s 2021  F1 0.8697->0.8697 OK AP=0.7167 ROC=0.8027 VUS-PR=-0.2550
DLinear   SWAT      s 2022  F1 0.8760->0.8760 OK AP=0.1748 ROC=0.6365 VUS-PR=0.9330
ISTAD     SMD       s 2025  F1 0.8029->0.3981 **MISMATCH** AP=0.1697 ROC=0.7783 VUS-PR=0.2361
ISTAD     PSM       s   90  F1 0.9228->0.9200 OK AP=0.4493 ROC=0.6876 VUS-PR=-6.3826
ISTAD     PSM       s   87  F1 0.9263->0.9389 **MISMATCH** AP=0.5409 ROC=0.7373 VUS-PR=14.5542
ISTAD     EXA       s   48  F1 0.9591->0.7089 **MISMATCH** AP=0.5568 ROC=0.8430 VUS-PR=0.9740
ISTAD     EXA       s   89  F1 0.9596->0.7125 **MISMATCH** AP=0.5590 ROC=0.8408 VUS-PR=0.9738
ISTAD     EXA       s 2021  F1 0.9594->0.7125 **MISMATCH** AP=0.5840 ROC=0.8619 VUS-PR=0.9776
ISTAD     PSM       s   98  F1 0.9468->0.9632 **MISMATCH** AP=0.4924 ROC=0.6905 VUS-PR=7.6480
ISTAD     SWAT      s   89  F1 0.8834->0.8394 **MISMATCH** AP=0.7185 ROC=0.8282 VUS-PR=1.5669
ISTAD     SWAT      s   48  F1 0.8647->0.8267 **MISMATCH** AP=0.7284 ROC=0.8365 VUS-PR=0.8512
ISTAD     SWAT      s 2021  F1 0.8417->0.8251 **MISMATCH** AP=0.7005 ROC=0.8170 VUS-PR=-0.0815
KANAD     SWAT      s 2022  F1 0.8731->0.8731 OK AP=0.7175 ROC=0.8021 VUS-PR=-0.4554
ISTAD     PSM       s 2021  F1 0.9604->0.9803 **MISMATCH** AP=0.4699 ROC=0.7111 VUS-PR=5.3520
TimesNet  PSM       s   48  F1 0.9724->0.9724 OK AP=0.3648 ROC=0.5707 VUS-PR=2.2567
TimesNet  PSM       s 2022  F1 0.9731->0.9731 OK AP=0.3631 ROC=0.5689 VUS-PR=2.1521
TimesNet  PSM       s 2021  F1 0.9739->0.9740 OK AP=0.3692 ROC=0.5744 VUS-PR=1.3781
DLinear   PSM       s   48  F1 0.9710->0.9710 OK AP=0.3577 ROC=0.5658 VUS-PR=1.0039
DLinear   PSM       s 2021  F1 0.9720->0.9720 OK AP=0.3576 ROC=0.5657 VUS-PR=0.5167
DLinear   PSM       s 2022  F1 0.9713->0.9714 OK AP=0.3578 ROC=0.5658 VUS-PR=0.8390

=== aggregate mean±std (F1-stored | AUC-PR | AUC-ROC | VUS-PR) ===
DLinear   EXA       N=3  F1 0.9601±0.0001  AUC-PR 0.4064±0.0035  AUC-ROC 0.7740±0.0033  VUS-PR 0.2921±0.0353
DLinear   PSM       N=3  F1 0.9714±0.0005  AUC-PR 0.3577±0.0001  AUC-ROC 0.5658±0.0001  VUS-PR 0.7865±0.2478
DLinear   SMD       N=3  F1 0.8440±0.0007  AUC-PR 0.1457±0.0002  AUC-ROC 0.7318±0.0005  VUS-PR 0.0293±0.0019
DLinear   SWAT      N=3  F1 0.8764±0.0005  AUC-PR 0.1633±0.0108  AUC-ROC 0.6008±0.0333  VUS-PR 0.7581±0.3490
ISTAD     EXA       N=3  F1 0.9593±0.0002  AUC-PR 0.5666±0.0151  AUC-ROC 0.8486±0.0116  VUS-PR 0.9751±0.0022
ISTAD     PSM       N=4  F1 0.9391±0.0177  AUC-PR 0.4881±0.0394  AUC-ROC 0.7066±0.0230  VUS-PR 5.2929±8.7109
ISTAD     SMD       N=4  F1 0.8373±0.0245  AUC-PR 0.1656±0.0107  AUC-ROC 0.7764±0.0075  VUS-PR 0.2377±0.0011
ISTAD     SWAT      N=3  F1 0.8633±0.0209  AUC-PR 0.7158±0.0141  AUC-ROC 0.8272±0.0098  VUS-PR 0.7789±0.8266
KANAD     EXA       N=3  F1 0.9612±0.0014  AUC-PR 0.4425±0.0088  AUC-ROC 0.8040±0.0026  VUS-PR 0.2823±0.0323
KANAD     PSM       N=3  F1 0.9503±0.0180  AUC-PR 0.4230±0.0136  AUC-ROC 0.6423±0.0139  VUS-PR 0.5643±0.5975
KANAD     SMD       N=3  F1 0.8387±0.0054  AUC-PR 0.1551±0.0029  AUC-ROC 0.7259±0.0038  VUS-PR 0.0820±0.0087
KANAD     SWAT      N=3  F1 0.8721±0.0021  AUC-PR 0.7172±0.0005  AUC-ROC 0.8020±0.0007  VUS-PR -0.0131±0.6010
TimesNet  EXA       N=3  F1 0.9563±0.0024  AUC-PR 0.3870±0.0116  AUC-ROC 0.7782±0.0094  VUS-PR 0.3401±0.0114
TimesNet  PSM       N=3  F1 0.9731±0.0008  AUC-PR 0.3657±0.0032  AUC-ROC 0.5713±0.0028  VUS-PR 1.9290±0.4799
TimesNet  SMD       N=3  F1 0.8514±0.0042  AUC-PR 0.1505±0.0030  AUC-ROC 0.7507±0.0044  VUS-PR 0.0442±0.0009
TimesNet  SWAT      N=3  F1 0.9064±0.0027  AUC-PR 0.0903±0.0010  AUC-ROC 0.2409±0.0015  VUS-PR 0.7976±0.0264

mismatches: 13
  MISMATCH: ISTAD     SMD       s   48  F1 0.8368->0.3745 **MISMATCH** AP=0.1622 ROC=0.7731 VUS-PR=0.2379
  MISMATCH: ISTAD     SMD       s 2021  F1 0.8568->0.3880 **MISMATCH** AP=0.1779 ROC=0.7858 VUS-PR=0.2379
  MISMATCH: ISTAD     SMD       s 2022  F1 0.8529->0.3719 **MISMATCH** AP=0.1527 ROC=0.7682 VUS-PR=0.2387
  MISMATCH: ISTAD     SMD       s 2025  F1 0.8029->0.3981 **MISMATCH** AP=0.1697 ROC=0.7783 VUS-PR=0.2361
  MISMATCH: ISTAD     PSM       s   87  F1 0.9263->0.9389 **MISMATCH** AP=0.5409 ROC=0.7373 VUS-PR=14.5542
  MISMATCH: ISTAD     EXA       s   48  F1 0.9591->0.7089 **MISMATCH** AP=0.5568 ROC=0.8430 VUS-PR=0.9740
  MISMATCH: ISTAD     EXA       s   89  F1 0.9596->0.7125 **MISMATCH** AP=0.5590 ROC=0.8408 VUS-PR=0.9738
  MISMATCH: ISTAD     EXA       s 2021  F1 0.9594->0.7125 **MISMATCH** AP=0.5840 ROC=0.8619 VUS-PR=0.9776
  MISMATCH: ISTAD     PSM       s   98  F1 0.9468->0.9632 **MISMATCH** AP=0.4924 ROC=0.6905 VUS-PR=7.6480
  MISMATCH: ISTAD     SWAT      s   89  F1 0.8834->0.8394 **MISMATCH** AP=0.7185 ROC=0.8282 VUS-PR=1.5669
  MISMATCH: ISTAD     SWAT      s   48  F1 0.8647->0.8267 **MISMATCH** AP=0.7284 ROC=0.8365 VUS-PR=0.8512
  MISMATCH: ISTAD     SWAT      s 2021  F1 0.8417->0.8251 **MISMATCH** AP=0.7005 ROC=0.8170 VUS-PR=-0.0815
  MISMATCH: ISTAD     PSM       s 2021  F1 0.9604->0.9803 **MISMATCH** AP=0.4699 ROC=0.7111 VUS-PR=5.3520
