=== 50 runs, process pool ===
TimesNet  EXA       s   48  F1 0.9537->nan OK AP=0.3982 ROC=0.7871 VUS-PR=0.3860
DLinear   EXA       s 2022  F1 0.9602->nan OK AP=0.4044 ROC=0.7715 VUS-PR=0.3626
TimesNet  EXA       s 2021  F1 0.9584->nan OK AP=0.3750 ROC=0.7684 VUS-PR=0.3619
TimesNet  EXA       s 2022  F1 0.9567->nan OK AP=0.3878 ROC=0.7792 VUS-PR=0.3493
DLinear   EXA       s 2021  F1 0.9601->nan OK AP=0.4105 ROC=0.7778 VUS-PR=0.3864
DLinear   EXA       s   48  F1 0.9601->nan OK AP=0.4043 ROC=0.7727 VUS-PR=0.3553
KANAD     EXA       s   48  F1 0.9599->nan OK AP=0.4346 ROC=0.8026 VUS-PR=0.3395
KANAD     EXA       s 2021  F1 0.9610->nan OK AP=0.4410 ROC=0.8024 VUS-PR=0.3575
KANAD     EXA       s 2022  F1 0.9627->nan OK AP=0.4519 ROC=0.8070 VUS-PR=0.2977
TimesNet  SMD       s   48  F1 0.8474->nan OK AP=0.1472 ROC=0.7468 VUS-PR=0.0489
TimesNet  SMD       s 2021  F1 0.8510->nan OK AP=0.1531 ROC=0.7555 VUS-PR=0.0473
TimesNet  SMD       s 2022  F1 0.8557->nan OK AP=0.1511 ROC=0.7499 VUS-PR=0.0470
DLinear   SMD       s   48  F1 0.8441->nan OK AP=0.1459 ROC=0.7321 VUS-PR=0.0546
KANAD     PSM       s 2021  F1 0.9711->nan OK AP=0.4105 ROC=0.6293 VUS-PR=0.4890
DLinear   SMD       s 2021  F1 0.8447->nan OK AP=0.1456 ROC=0.7312 VUS-PR=0.0490
KANAD     PSM       s 2022  F1 0.9388->nan OK AP=0.4211 ROC=0.6406 VUS-PR=0.4318
KANAD     SMD       s   48  F1 0.8329->nan OK AP=0.1536 ROC=0.7268 VUS-PR=0.0886
DLinear   SMD       s 2022  F1 0.8433->nan OK AP=0.1457 ROC=0.7321 VUS-PR=0.0501
KANAD     PSM       s   48  F1 0.9411->nan OK AP=0.4375 ROC=0.6570 VUS-PR=0.4090
TimesNet  SWAT      s   48  F1 0.9038->nan OK AP=0.0899 ROC=0.2409 VUS-PR=0.7794
KANAD     SMD       s 2021  F1 0.8435->nan OK AP=0.1584 ROC=0.7291 VUS-PR=0.0817
TimesNet  SWAT      s 2021  F1 0.9064->nan OK AP=0.0897 ROC=0.2393 VUS-PR=0.7510
TimesNet  SWAT      s 2022  F1 0.9091->nan OK AP=0.0915 ROC=0.2424 VUS-PR=0.7707
KANAD     SMD       s 2022  F1 0.8396->nan OK AP=0.1532 ROC=0.7218 VUS-PR=0.0986
KANAD     SWAT      s   48  F1 0.8734->nan OK AP=0.7176 ROC=0.8014 VUS-PR=0.1364
KANAD     SWAT      s 2021  F1 0.8697->nan OK AP=0.7167 ROC=0.8027 VUS-PR=0.1744
KANAD     SWAT      s 2022  F1 0.8731->nan OK AP=0.7175 ROC=0.8021 VUS-PR=0.1818
DLinear   SWAT      s   48  F1 0.8769->nan OK AP=0.1617 ROC=0.5955 VUS-PR=0.9164
DLinear   SWAT      s 2021  F1 0.8764->nan OK AP=0.1534 ROC=0.5705 VUS-PR=0.4357
DLinear   SWAT      s 2022  F1 0.8760->nan OK AP=0.1748 ROC=0.6365 VUS-PR=0.8695
TimesNet  PSM       s   48  F1 0.9724->nan OK AP=0.3648 ROC=0.5707 VUS-PR=0.5380
TimesNet  PSM       s 2022  F1 0.9731->nan OK AP=0.3631 ROC=0.5689 VUS-PR=0.5166
TimesNet  PSM       s 2021  F1 0.9739->nan OK AP=0.3692 ROC=0.5744 VUS-PR=0.4456
ISTAD     PSM       s   87  F1 0.9263->0.8942 OK AP=0.5597 ROC=0.7615 VUS-PR=0.3809
ISTAD     PSM       s   90  F1 0.9228->0.8010 OK AP=0.4514 ROC=0.7230 VUS-PR=0.3428
ISTAD     PSM       s   98  F1 0.9468->0.9109 OK AP=0.4827 ROC=0.6874 VUS-PR=0.4361
DLinear   PSM       s 2022  F1 0.9713->nan OK AP=0.3578 ROC=0.5658 VUS-PR=0.5030
ISTAD     SMD       s   48  F1 0.8368->0.8360 OK AP=0.1734 ROC=0.7660 VUS-PR=0.0425
DLinear   PSM       s   48  F1 0.9710->nan OK AP=0.3577 ROC=0.5658 VUS-PR=0.5126
ISTAD     SMD       s 2021  F1 0.8568->0.8528 OK AP=0.1937 ROC=0.7860 VUS-PR=0.0524
ISTAD     SMD       s 2022  F1 0.8529->0.8489 OK AP=0.1572 ROC=0.7651 VUS-PR=0.0441
ISTAD     SMD       s 2025  F1 0.8029->0.7980 OK AP=0.1595 ROC=0.7654 VUS-PR=0.0436
DLinear   PSM       s 2021  F1 0.9720->nan OK AP=0.3576 ROC=0.5657 VUS-PR=0.5094
ISTAD     EXA       s   48  F1 0.9591->0.9586 OK AP=0.5971 ROC=0.8726 VUS-PR=0.2334
ISTAD     EXA       s   89  F1 0.9596->0.9598 OK AP=0.6016 ROC=0.8762 VUS-PR=0.2905
ISTAD     EXA       s 2021  F1 0.9594->0.9591 OK AP=0.5996 ROC=0.8754 VUS-PR=0.3133
ISTAD     PSM       s 2021  F1 0.9604->0.9074 OK AP=0.4526 ROC=0.7221 VUS-PR=0.3965
ISTAD     SWAT      s   89  F1 0.8834->0.8700 OK AP=0.7217 ROC=0.8293 VUS-PR=0.1260
ISTAD     SWAT      s 2021  F1 0.8417->0.8421 OK AP=0.7090 ROC=0.8153 VUS-PR=0.1546
ISTAD     SWAT      s   48  F1 0.8647->0.8596 OK AP=0.7299 ROC=0.8360 VUS-PR=0.1434

=== aggregate mean±std (F1-stored | AUC-PR | AUC-ROC | VUS-PR) ===
DLinear   EXA       N=3  F1 0.9601±0.0001  AUC-PR 0.4064±0.0035  AUC-ROC 0.7740±0.0033  VUS-PR 0.3681±0.0163
DLinear   PSM       N=3  F1 0.9714±0.0005  AUC-PR 0.3577±0.0001  AUC-ROC 0.5658±0.0001  VUS-PR 0.5084±0.0049
DLinear   SMD       N=3  F1 0.8440±0.0007  AUC-PR 0.1457±0.0002  AUC-ROC 0.7318±0.0005  VUS-PR 0.0512±0.0030
DLinear   SWAT      N=3  F1 0.8764±0.0005  AUC-PR 0.1633±0.0108  AUC-ROC 0.6008±0.0333  VUS-PR 0.7405±0.2650
ISTAD     EXA       N=3  F1 0.9593±0.0002  AUC-PR 0.5994±0.0023  AUC-ROC 0.8747±0.0019  VUS-PR 0.2791±0.0411
ISTAD     PSM       N=4  F1 0.9391±0.0177  AUC-PR 0.4866±0.0508  AUC-ROC 0.7235±0.0303  VUS-PR 0.3890±0.0386
ISTAD     SMD       N=4  F1 0.8373±0.0245  AUC-PR 0.1709±0.0168  AUC-ROC 0.7706±0.0103  VUS-PR 0.0457±0.0045
ISTAD     SWAT      N=3  F1 0.8633±0.0209  AUC-PR 0.7202±0.0105  AUC-ROC 0.8268±0.0106  VUS-PR 0.1413±0.0144
KANAD     EXA       N=3  F1 0.9612±0.0014  AUC-PR 0.4425±0.0088  AUC-ROC 0.8040±0.0026  VUS-PR 0.3316±0.0307
KANAD     PSM       N=3  F1 0.9503±0.0180  AUC-PR 0.4230±0.0136  AUC-ROC 0.6423±0.0139  VUS-PR 0.4432±0.0412
KANAD     SMD       N=3  F1 0.8387±0.0054  AUC-PR 0.1551±0.0029  AUC-ROC 0.7259±0.0038  VUS-PR 0.0896±0.0085
KANAD     SWAT      N=3  F1 0.8721±0.0021  AUC-PR 0.7172±0.0005  AUC-ROC 0.8020±0.0007  VUS-PR 0.1642±0.0244
TimesNet  EXA       N=3  F1 0.9563±0.0024  AUC-PR 0.3870±0.0116  AUC-ROC 0.7782±0.0094  VUS-PR 0.3657±0.0187
TimesNet  PSM       N=3  F1 0.9731±0.0008  AUC-PR 0.3657±0.0032  AUC-ROC 0.5713±0.0028  VUS-PR 0.5001±0.0483
TimesNet  SMD       N=3  F1 0.8514±0.0042  AUC-PR 0.1505±0.0030  AUC-ROC 0.7507±0.0044  VUS-PR 0.0478±0.0010
TimesNet  SWAT      N=3  F1 0.9064±0.0027  AUC-PR 0.0903±0.0010  AUC-ROC 0.2409±0.0015  VUS-PR 0.7670±0.0146

mismatches: 0
